11:40:23 **** Build of project standalone_bsp_0 ****
make -k all 
"Running Make include in ps7_cortexa9_0/libsrc/coresightps_dcc_v1_4/src"
make -C ps7_cortexa9_0/libsrc/coresightps_dcc_v1_4/src -s include  "SHELL=CMD" "COMPILER=arm-none-eabi-gcc" "ARCHIVER=arm-none-eabi-ar" "COMPILER_FLAGS=  -O2 -c" "EXTRA_COMPILER_FLAGS=-mcpu=cortex-a9 -mfpu=vfpv3 -mfloat-abi=hard -nostartfiles -Wall -Wextra"
"Running Make include in ps7_cortexa9_0/libsrc/cpu_cortexa9_v2_4/src"
make -C ps7_cortexa9_0/libsrc/cpu_cortexa9_v2_4/src -s include  "SHELL=CMD" "COMPILER=arm-none-eabi-gcc" "ARCHIVER=arm-none-eabi-ar" "COMPILER_FLAGS=  -O2 -c" "EXTRA_COMPILER_FLAGS=-mcpu=cortex-a9 -mfpu=vfpv3 -mfloat-abi=hard -nostartfiles -Wall -Wextra"
"Running Make include in ps7_cortexa9_0/libsrc/ddrps_v1_0/src"
make -C ps7_cortexa9_0/libsrc/ddrps_v1_0/src -s include  "SHELL=CMD" "COMPILER=arm-none-eabi-gcc" "ARCHIVER=arm-none-eabi-ar" "COMPILER_FLAGS=  -O2 -c" "EXTRA_COMPILER_FLAGS=-mcpu=cortex-a9 -mfpu=vfpv3 -mfloat-abi=hard -nostartfiles -Wall -Wextra"
"Running Make include in ps7_cortexa9_0/libsrc/devcfg_v3_4/src"
make -C ps7_cortexa9_0/libsrc/devcfg_v3_4/src -s include  "SHELL=CMD" "COMPILER=arm-none-eabi-gcc" "ARCHIVER=arm-none-eabi-ar" "COMPILER_FLAGS=  -O2 -c" "EXTRA_COMPILER_FLAGS=-mcpu=cortex-a9 -mfpu=vfpv3 -mfloat-abi=hard -nostartfiles -Wall -Wextra"
"Running Make include in ps7_cortexa9_0/libsrc/dmaps_v2_3/src"
make -C ps7_cortexa9_0/libsrc/dmaps_v2_3/src -s include  "SHELL=CMD" "COMPILER=arm-none-eabi-gcc" "ARCHIVER=arm-none-eabi-ar" "COMPILER_FLAGS=  -O2 -c" "EXTRA_COMPILER_FLAGS=-mcpu=cortex-a9 -mfpu=vfpv3 -mfloat-abi=hard -nostartfiles -Wall -Wextra"
"Running Make include in ps7_cortexa9_0/libsrc/gpio_v4_3/src"
make -C ps7_cortexa9_0/libsrc/gpio_v4_3/src -s include  "SHELL=CMD" "COMPILER=arm-none-eabi-gcc" "ARCHIVER=arm-none-eabi-ar" "COMPILER_FLAGS=  -O2 -c" "EXTRA_COMPILER_FLAGS=-mcpu=cortex-a9 -mfpu=vfpv3 -mfloat-abi=hard -nostartfiles -Wall -Wextra"
"Running Make include in ps7_cortexa9_0/libsrc/gpiops_v3_3/src"
make -C ps7_cortexa9_0/libsrc/gpiops_v3_3/src -s include  "SHELL=CMD" "COMPILER=arm-none-eabi-gcc" "ARCHIVER=arm-none-eabi-ar" "COMPILER_FLAGS=  -O2 -c" "EXTRA_COMPILER_FLAGS=-mcpu=cortex-a9 -mfpu=vfpv3 -mfloat-abi=hard -nostartfiles -Wall -Wextra"
"Running Make include in ps7_cortexa9_0/libsrc/qspips_v3_3/src"
make -C ps7_cortexa9_0/libsrc/qspips_v3_3/src -s include  "SHELL=CMD" "COMPILER=arm-none-eabi-gcc" "ARCHIVER=arm-none-eabi-ar" "COMPILER_FLAGS=  -O2 -c" "EXTRA_COMPILER_FLAGS=-mcpu=cortex-a9 -mfpu=vfpv3 -mfloat-abi=hard -nostartfiles -Wall -Wextra"
"Running Make include in ps7_cortexa9_0/libsrc/scugic_v3_7/src"
make -C ps7_cortexa9_0/libsrc/scugic_v3_7/src -s include  "SHELL=CMD" "COMPILER=arm-none-eabi-gcc" "ARCHIVER=arm-none-eabi-ar" "COMPILER_FLAGS=  -O2 -c" "EXTRA_COMPILER_FLAGS=-mcpu=cortex-a9 -mfpu=vfpv3 -mfloat-abi=hard -nostartfiles -Wall -Wextra"
"Running Make include in ps7_cortexa9_0/libsrc/scutimer_v2_1/src"
make -C ps7_cortexa9_0/libsrc/scutimer_v2_1/src -s include  "SHELL=CMD" "COMPILER=arm-none-eabi-gcc" "ARCHIVER=arm-none-eabi-ar" "COMPILER_FLAGS=  -O2 -c" "EXTRA_COMPILER_FLAGS=-mcpu=cortex-a9 -mfpu=vfpv3 -mfloat-abi=hard -nostartfiles -Wall -Wextra"
"Running Make include in ps7_cortexa9_0/libsrc/scuwdt_v2_1/src"
make -C ps7_cortexa9_0/libsrc/scuwdt_v2_1/src -s include  "SHELL=CMD" "COMPILER=arm-none-eabi-gcc" "ARCHIVER=arm-none-eabi-ar" "COMPILER_FLAGS=  -O2 -c" "EXTRA_COMPILER_FLAGS=-mcpu=cortex-a9 -mfpu=vfpv3 -mfloat-abi=hard -nostartfiles -Wall -Wextra"
"Running Make include in ps7_cortexa9_0/libsrc/standalone_v6_3/src"
make -C ps7_cortexa9_0/libsrc/standalone_v6_3/src -s include  "SHELL=CMD" "COMPILER=arm-none-eabi-gcc" "ARCHIVER=arm-none-eabi-ar" "COMPILER_FLAGS=  -O2 -c" "EXTRA_COMPILER_FLAGS=-mcpu=cortex-a9 -mfpu=vfpv3 -mfloat-abi=hard -nostartfiles -Wall -Wextra"
"Running Make include in ps7_cortexa9_0/libsrc/uartps_v3_4/src"
make -C ps7_cortexa9_0/libsrc/uartps_v3_4/src -s include  "SHELL=CMD" "COMPILER=arm-none-eabi-gcc" "ARCHIVER=arm-none-eabi-ar" "COMPILER_FLAGS=  -O2 -c" "EXTRA_COMPILER_FLAGS=-mcpu=cortex-a9 -mfpu=vfpv3 -mfloat-abi=hard -nostartfiles -Wall -Wextra"
"Running Make include in ps7_cortexa9_0/libsrc/xadcps_v2_2/src"
make -C ps7_cortexa9_0/libsrc/xadcps_v2_2/src -s include  "SHELL=CMD" "COMPILER=arm-none-eabi-gcc" "ARCHIVER=arm-none-eabi-ar" "COMPILER_FLAGS=  -O2 -c" "EXTRA_COMPILER_FLAGS=-mcpu=cortex-a9 -mfpu=vfpv3 -mfloat-abi=hard -nostartfiles -Wall -Wextra"
"Running Make libs in ps7_cortexa9_0/libsrc/coresightps_dcc_v1_4/src"
make -C ps7_cortexa9_0/libsrc/coresightps_dcc_v1_4/src -s libs  "SHELL=CMD" "COMPILER=arm-none-eabi-gcc" "ARCHIVER=arm-none-eabi-ar" "COMPILER_FLAGS=  -O2 -c" "EXTRA_COMPILER_FLAGS=-mcpu=cortex-a9 -mfpu=vfpv3 -mfloat-abi=hard -nostartfiles -Wall -Wextra"
"Compiling coresightps_dcc"
arm-none-eabi-ar: creating ../../../lib/libxil.a
"Running Make libs in ps7_cortexa9_0/libsrc/cpu_cortexa9_v2_4/src"
make -C ps7_cortexa9_0/libsrc/cpu_cortexa9_v2_4/src -s libs  "SHELL=CMD" "COMPILER=arm-none-eabi-gcc" "ARCHIVER=arm-none-eabi-ar" "COMPILER_FLAGS=  -O2 -c" "EXTRA_COMPILER_FLAGS=-mcpu=cortex-a9 -mfpu=vfpv3 -mfloat-abi=hard -nostartfiles -Wall -Wextra"
"Compiling cpu_cortexa9"
"Running Make libs in ps7_cortexa9_0/libsrc/ddrps_v1_0/src"
make -C ps7_cortexa9_0/libsrc/ddrps_v1_0/src -s libs  "SHELL=CMD" "COMPILER=arm-none-eabi-gcc" "ARCHIVER=arm-none-eabi-ar" "COMPILER_FLAGS=  -O2 -c" "EXTRA_COMPILER_FLAGS=-mcpu=cortex-a9 -mfpu=vfpv3 -mfloat-abi=hard -nostartfiles -Wall -Wextra"
"Compiling ddrps"
"Running Make libs in ps7_cortexa9_0/libsrc/devcfg_v3_4/src"
make -C ps7_cortexa9_0/libsrc/devcfg_v3_4/src -s libs  "SHELL=CMD" "COMPILER=arm-none-eabi-gcc" "ARCHIVER=arm-none-eabi-ar" "COMPILER_FLAGS=  -O2 -c" "EXTRA_COMPILER_FLAGS=-mcpu=cortex-a9 -mfpu=vfpv3 -mfloat-abi=hard -nostartfiles -Wall -Wextra"
"Compiling devcfg"
"Running Make libs in ps7_cortexa9_0/libsrc/dmaps_v2_3/src"
make -C ps7_cortexa9_0/libsrc/dmaps_v2_3/src -s libs  "SHELL=CMD" "COMPILER=arm-none-eabi-gcc" "ARCHIVER=arm-none-eabi-ar" "COMPILER_FLAGS=  -O2 -c" "EXTRA_COMPILER_FLAGS=-mcpu=cortex-a9 -mfpu=vfpv3 -mfloat-abi=hard -nostartfiles -Wall -Wextra"
"Compiling dmaps"
"Running Make libs in ps7_cortexa9_0/libsrc/gpio_v4_3/src"
make -C ps7_cortexa9_0/libsrc/gpio_v4_3/src -s libs  "SHELL=CMD" "COMPILER=arm-none-eabi-gcc" "ARCHIVER=arm-none-eabi-ar" "COMPILER_FLAGS=  -O2 -c" "EXTRA_COMPILER_FLAGS=-mcpu=cortex-a9 -mfpu=vfpv3 -mfloat-abi=hard -nostartfiles -Wall -Wextra"
"Compiling gpio"
"Running Make libs in ps7_cortexa9_0/libsrc/gpiops_v3_3/src"
make -C ps7_cortexa9_0/libsrc/gpiops_v3_3/src -s libs  "SHELL=CMD" "COMPILER=arm-none-eabi-gcc" "ARCHIVER=arm-none-eabi-ar" "COMPILER_FLAGS=  -O2 -c" "EXTRA_COMPILER_FLAGS=-mcpu=cortex-a9 -mfpu=vfpv3 -mfloat-abi=hard -nostartfiles -Wall -Wextra"
"Compiling gpiops"
"Running Make libs in ps7_cortexa9_0/libsrc/qspips_v3_3/src"
make -C ps7_cortexa9_0/libsrc/qspips_v3_3/src -s libs  "SHELL=CMD" "COMPILER=arm-none-eabi-gcc" "ARCHIVER=arm-none-eabi-ar" "COMPILER_FLAGS=  -O2 -c" "EXTRA_COMPILER_FLAGS=-mcpu=cortex-a9 -mfpu=vfpv3 -mfloat-abi=hard -nostartfiles -Wall -Wextra"
"Compiling qspips"
"Running Make libs in ps7_cortexa9_0/libsrc/scugic_v3_7/src"
make -C ps7_cortexa9_0/libsrc/scugic_v3_7/src -s libs  "SHELL=CMD" "COMPILER=arm-none-eabi-gcc" "ARCHIVER=arm-none-eabi-ar" "COMPILER_FLAGS=  -O2 -c" "EXTRA_COMPILER_FLAGS=-mcpu=cortex-a9 -mfpu=vfpv3 -mfloat-abi=hard -nostartfiles -Wall -Wextra"
"Compiling scugic"
xscugic_g.c:53:2: warning: missing initializer for field 'HandlerTable' of 'XScuGic_Config {aka struct <anonymous>}' [-Wmissing-field-initializers]
  }
  ^
In file included from xscugic_g.c:41:0:
xscugic.h:218:27: note: 'HandlerTable' declared here
  XScuGic_VectorTableEntry HandlerTable[XSCUGIC_MAX_NUM_INTR_INPUTS];/**<
                           ^~~~~~~~~~~~
"Running Make libs in ps7_cortexa9_0/libsrc/scutimer_v2_1/src"
make -C ps7_cortexa9_0/libsrc/scutimer_v2_1/src -s libs  "SHELL=CMD" "COMPILER=arm-none-eabi-gcc" "ARCHIVER=arm-none-eabi-ar" "COMPILER_FLAGS=  -O2 -c" "EXTRA_COMPILER_FLAGS=-mcpu=cortex-a9 -mfpu=vfpv3 -mfloat-abi=hard -nostartfiles -Wall -Wextra"
"Compiling scutimer"
"Running Make libs in ps7_cortexa9_0/libsrc/scuwdt_v2_1/src"
make -C ps7_cortexa9_0/libsrc/scuwdt_v2_1/src -s libs  "SHELL=CMD" "COMPILER=arm-none-eabi-gcc" "ARCHIVER=arm-none-eabi-ar" "COMPILER_FLAGS=  -O2 -c" "EXTRA_COMPILER_FLAGS=-mcpu=cortex-a9 -mfpu=vfpv3 -mfloat-abi=hard -nostartfiles -Wall -Wextra"
"Compiling scuwdt"
"Running Make libs in ps7_cortexa9_0/libsrc/standalone_v6_3/src"
make -C ps7_cortexa9_0/libsrc/standalone_v6_3/src -s libs  "SHELL=CMD" "COMPILER=arm-none-eabi-gcc" "ARCHIVER=arm-none-eabi-ar" "COMPILER_FLAGS=  -O2 -c" "EXTRA_COMPILER_FLAGS=-mcpu=cortex-a9 -mfpu=vfpv3 -mfloat-abi=hard -nostartfiles -Wall -Wextra"
"Compiling standalone"
"Running Make libs in ps7_cortexa9_0/libsrc/uartps_v3_4/src"
make -C ps7_cortexa9_0/libsrc/uartps_v3_4/src -s libs  "SHELL=CMD" "COMPILER=arm-none-eabi-gcc" "ARCHIVER=arm-none-eabi-ar" "COMPILER_FLAGS=  -O2 -c" "EXTRA_COMPILER_FLAGS=-mcpu=cortex-a9 -mfpu=vfpv3 -mfloat-abi=hard -nostartfiles -Wall -Wextra"
"Compiling uartps"
"Running Make libs in ps7_cortexa9_0/libsrc/xadcps_v2_2/src"
make -C ps7_cortexa9_0/libsrc/xadcps_v2_2/src -s libs  "SHELL=CMD" "COMPILER=arm-none-eabi-gcc" "ARCHIVER=arm-none-eabi-ar" "COMPILER_FLAGS=  -O2 -c" "EXTRA_COMPILER_FLAGS=-mcpu=cortex-a9 -mfpu=vfpv3 -mfloat-abi=hard -nostartfiles -Wall -Wextra"
"Compiling xadcps"
'Finished building libraries'
11:45:10 **** Build of configuration Debug for project lab1 ****
make pre-build main-build 
a9-linaro-pre-build-step
' '
'Building file: ../src/helloworld.c'
'Invoking: ARM v7 gcc compiler'
arm-none-eabi-gcc -Wall -O0 -g3 -c -fmessage-length=0 -MT"src/helloworld.o" -mcpu=cortex-a9 -mfpu=vfpv3 -mfloat-abi=hard -I../../standalone_bsp_0/ps7_cortexa9_0/include -MMD -MP -MF"src/helloworld.d" -MT"src/helloworld.o" -o "src/helloworld.o" "../src/helloworld.c"
'Finished building: ../src/helloworld.c'
' '
'Building file: ../src/platform.c'
'Invoking: ARM v7 gcc compiler'
arm-none-eabi-gcc -Wall -O0 -g3 -c -fmessage-length=0 -MT"src/platform.o" -mcpu=cortex-a9 -mfpu=vfpv3 -mfloat-abi=hard -I../../standalone_bsp_0/ps7_cortexa9_0/include -MMD -MP -MF"src/platform.d" -MT"src/platform.o" -o "src/platform.o" "../src/platform.c"
'Finished building: ../src/platform.c'
' '
'Building target: lab1.elf'
'Invoking: ARM v7 gcc linker'
arm-none-eabi-gcc -mcpu=cortex-a9 -mfpu=vfpv3 -mfloat-abi=hard -Wl,-build-id=none -specs=Xilinx.spec -Wl,-T -Wl,../src/lscript.ld -L../../standalone_bsp_0/ps7_cortexa9_0/lib -o "lab1.elf"  ./src/helloworld.o ./src/platform.o   -Wl,--start-group,-lxil,-lgcc,-lc,--end-group
'Finished building target: lab1.elf'
' '
'Invoking: ARM v7 Print Size'
arm-none-eabi-size lab1.elf  |tee "lab1.elf.size"
   text	   data	    bss	    dec	    hex	filename
  19384	   1148	  22568	  43100	   a85c	lab1.elf
'Finished building: lab1.elf.size'
' '

**** Build of configuration Debug for project lab1 ****

Nothing to build for project lab1
11:48:36 **** Auto Build of configuration Debug for project lab1 ****
make pre-build main-build 
a9-linaro-pre-build-step
' '
'Building file: ../src/lab1.c'
'Invoking: ARM v7 gcc compiler'
arm-none-eabi-gcc -Wall -O0 -g3 -c -fmessage-length=0 -MT"src/lab1.o" -mcpu=cortex-a9 -mfpu=vfpv3 -mfloat-abi=hard -I../../standalone_bsp_0/ps7_cortexa9_0/include -MMD -MP -MF"src/lab1.d" -MT"src/lab1.o" -o "src/lab1.o" "../src/lab1.c"
../src/lab1.c: In function 'main':
../src/lab1.c:59:11: warning: this 'if' clause does not guard... [-Wmisleading-indentation]
           if((sw_check & 0x0f)==0x0F)
           ^~
../src/lab1.c:61:5: note: ...this statement, but the latter is misleadingly indented as if it is guarded by the 'if'
     for (i=0; i<9999999; i++); // delay loop
     ^~~
'Finished building: ../src/lab1.c'
' '
'Building target: lab1.elf'
'Invoking: ARM v7 gcc linker'
arm-none-eabi-gcc -mcpu=cortex-a9 -mfpu=vfpv3 -mfloat-abi=hard -Wl,-build-id=none -specs=Xilinx.spec -Wl,-T -Wl,../src/lscript.ld -L../../standalone_bsp_0/ps7_cortexa9_0/lib -o "lab1.elf"  ./src/lab1.o   -Wl,--start-group,-lxil,-lgcc,-lc,--end-group
'Finished building target: lab1.elf'
' '
'Invoking: ARM v7 Print Size'
arm-none-eabi-size lab1.elf  |tee "lab1.elf.size"
   text	   data	    bss	    dec	    hex	filename
  30748	   1196	  22616	  54560	   d520	lab1.elf
'Finished building: lab1.elf.size'
' '
11:55:52 **** Incremental Build of configuration Debug for project lab1 ****
make pre-build main-build 
a9-linaro-pre-build-step
' '
make: Nothing to be done for `main-build'.
11:58:54 **** Incremental Build of configuration Debug for project lab1 ****
make pre-build main-build 
a9-linaro-pre-build-step
' '
make: Nothing to be done for `main-build'.
11:06:03 **** Build of project freertos901_xilinx_bsp_0 ****
make -k all 
"Running Make include in ps7_cortexa9_0/libsrc/coresightps_dcc_v1_4/src"
make -C ps7_cortexa9_0/libsrc/coresightps_dcc_v1_4/src -s include  "SHELL=CMD" "COMPILER=arm-none-eabi-gcc" "ARCHIVER=arm-none-eabi-ar" "COMPILER_FLAGS=  -O2 -c" "EXTRA_COMPILER_FLAGS=-mcpu=cortex-a9 -mfpu=vfpv3 -mfloat-abi=hard -nostartfiles -Wall -Wextra"
"Running Make include in ps7_cortexa9_0/libsrc/cpu_cortexa9_v2_4/src"
make -C ps7_cortexa9_0/libsrc/cpu_cortexa9_v2_4/src -s include  "SHELL=CMD" "COMPILER=arm-none-eabi-gcc" "ARCHIVER=arm-none-eabi-ar" "COMPILER_FLAGS=  -O2 -c" "EXTRA_COMPILER_FLAGS=-mcpu=cortex-a9 -mfpu=vfpv3 -mfloat-abi=hard -nostartfiles -Wall -Wextra"
"Running Make include in ps7_cortexa9_0/libsrc/ddrps_v1_0/src"
make -C ps7_cortexa9_0/libsrc/ddrps_v1_0/src -s include  "SHELL=CMD" "COMPILER=arm-none-eabi-gcc" "ARCHIVER=arm-none-eabi-ar" "COMPILER_FLAGS=  -O2 -c" "EXTRA_COMPILER_FLAGS=-mcpu=cortex-a9 -mfpu=vfpv3 -mfloat-abi=hard -nostartfiles -Wall -Wextra"
"Running Make include in ps7_cortexa9_0/libsrc/devcfg_v3_4/src"
make -C ps7_cortexa9_0/libsrc/devcfg_v3_4/src -s include  "SHELL=CMD" "COMPILER=arm-none-eabi-gcc" "ARCHIVER=arm-none-eabi-ar" "COMPILER_FLAGS=  -O2 -c" "EXTRA_COMPILER_FLAGS=-mcpu=cortex-a9 -mfpu=vfpv3 -mfloat-abi=hard -nostartfiles -Wall -Wextra"
"Running Make include in ps7_cortexa9_0/libsrc/dmaps_v2_3/src"
make -C ps7_cortexa9_0/libsrc/dmaps_v2_3/src -s include  "SHELL=CMD" "COMPILER=arm-none-eabi-gcc" "ARCHIVER=arm-none-eabi-ar" "COMPILER_FLAGS=  -O2 -c" "EXTRA_COMPILER_FLAGS=-mcpu=cortex-a9 -mfpu=vfpv3 -mfloat-abi=hard -nostartfiles -Wall -Wextra"
"Running Make include in ps7_cortexa9_0/libsrc/freertos901_xilinx_v1_0/src"
make -C ps7_cortexa9_0/libsrc/freertos901_xilinx_v1_0/src -s include  "SHELL=CMD" "COMPILER=arm-none-eabi-gcc" "ARCHIVER=arm-none-eabi-ar" "COMPILER_FLAGS=  -O2 -c" "EXTRA_COMPILER_FLAGS=-mcpu=cortex-a9 -mfpu=vfpv3 -mfloat-abi=hard -nostartfiles -Wall -Wextra"
"include"
"Running Make include in ps7_cortexa9_0/libsrc/gpio_v4_3/src"
make -C ps7_cortexa9_0/libsrc/gpio_v4_3/src -s include  "SHELL=CMD" "COMPILER=arm-none-eabi-gcc" "ARCHIVER=arm-none-eabi-ar" "COMPILER_FLAGS=  -O2 -c" "EXTRA_COMPILER_FLAGS=-mcpu=cortex-a9 -mfpu=vfpv3 -mfloat-abi=hard -nostartfiles -Wall -Wextra"
"Running Make include in ps7_cortexa9_0/libsrc/gpiops_v3_3/src"
make -C ps7_cortexa9_0/libsrc/gpiops_v3_3/src -s include  "SHELL=CMD" "COMPILER=arm-none-eabi-gcc" "ARCHIVER=arm-none-eabi-ar" "COMPILER_FLAGS=  -O2 -c" "EXTRA_COMPILER_FLAGS=-mcpu=cortex-a9 -mfpu=vfpv3 -mfloat-abi=hard -nostartfiles -Wall -Wextra"
"Running Make include in ps7_cortexa9_0/libsrc/qspips_v3_3/src"
make -C ps7_cortexa9_0/libsrc/qspips_v3_3/src -s include  "SHELL=CMD" "COMPILER=arm-none-eabi-gcc" "ARCHIVER=arm-none-eabi-ar" "COMPILER_FLAGS=  -O2 -c" "EXTRA_COMPILER_FLAGS=-mcpu=cortex-a9 -mfpu=vfpv3 -mfloat-abi=hard -nostartfiles -Wall -Wextra"
"Running Make include in ps7_cortexa9_0/libsrc/scugic_v3_7/src"
make -C ps7_cortexa9_0/libsrc/scugic_v3_7/src -s include  "SHELL=CMD" "COMPILER=arm-none-eabi-gcc" "ARCHIVER=arm-none-eabi-ar" "COMPILER_FLAGS=  -O2 -c" "EXTRA_COMPILER_FLAGS=-mcpu=cortex-a9 -mfpu=vfpv3 -mfloat-abi=hard -nostartfiles -Wall -Wextra"
"Running Make include in ps7_cortexa9_0/libsrc/scutimer_v2_1/src"
make -C ps7_cortexa9_0/libsrc/scutimer_v2_1/src -s include  "SHELL=CMD" "COMPILER=arm-none-eabi-gcc" "ARCHIVER=arm-none-eabi-ar" "COMPILER_FLAGS=  -O2 -c" "EXTRA_COMPILER_FLAGS=-mcpu=cortex-a9 -mfpu=vfpv3 -mfloat-abi=hard -nostartfiles -Wall -Wextra"
"Running Make include in ps7_cortexa9_0/libsrc/scuwdt_v2_1/src"
make -C ps7_cortexa9_0/libsrc/scuwdt_v2_1/src -s include  "SHELL=CMD" "COMPILER=arm-none-eabi-gcc" "ARCHIVER=arm-none-eabi-ar" "COMPILER_FLAGS=  -O2 -c" "EXTRA_COMPILER_FLAGS=-mcpu=cortex-a9 -mfpu=vfpv3 -mfloat-abi=hard -nostartfiles -Wall -Wextra"
"Running Make include in ps7_cortexa9_0/libsrc/uartps_v3_4/src"
make -C ps7_cortexa9_0/libsrc/uartps_v3_4/src -s include  "SHELL=CMD" "COMPILER=arm-none-eabi-gcc" "ARCHIVER=arm-none-eabi-ar" "COMPILER_FLAGS=  -O2 -c" "EXTRA_COMPILER_FLAGS=-mcpu=cortex-a9 -mfpu=vfpv3 -mfloat-abi=hard -nostartfiles -Wall -Wextra"
"Running Make include in ps7_cortexa9_0/libsrc/xadcps_v2_2/src"
make -C ps7_cortexa9_0/libsrc/xadcps_v2_2/src -s include  "SHELL=CMD" "COMPILER=arm-none-eabi-gcc" "ARCHIVER=arm-none-eabi-ar" "COMPILER_FLAGS=  -O2 -c" "EXTRA_COMPILER_FLAGS=-mcpu=cortex-a9 -mfpu=vfpv3 -mfloat-abi=hard -nostartfiles -Wall -Wextra"
"Running Make libs in ps7_cortexa9_0/libsrc/coresightps_dcc_v1_4/src"
make -C ps7_cortexa9_0/libsrc/coresightps_dcc_v1_4/src -s libs  "SHELL=CMD" "COMPILER=arm-none-eabi-gcc" "ARCHIVER=arm-none-eabi-ar" "COMPILER_FLAGS=  -O2 -c" "EXTRA_COMPILER_FLAGS=-mcpu=cortex-a9 -mfpu=vfpv3 -mfloat-abi=hard -nostartfiles -Wall -Wextra"
"Compiling coresightps_dcc"
arm-none-eabi-ar: creating ../../../lib/libxil.a
"Running Make libs in ps7_cortexa9_0/libsrc/cpu_cortexa9_v2_4/src"
make -C ps7_cortexa9_0/libsrc/cpu_cortexa9_v2_4/src -s libs  "SHELL=CMD" "COMPILER=arm-none-eabi-gcc" "ARCHIVER=arm-none-eabi-ar" "COMPILER_FLAGS=  -O2 -c" "EXTRA_COMPILER_FLAGS=-mcpu=cortex-a9 -mfpu=vfpv3 -mfloat-abi=hard -nostartfiles -Wall -Wextra"
"Compiling cpu_cortexa9"
"Running Make libs in ps7_cortexa9_0/libsrc/ddrps_v1_0/src"
make -C ps7_cortexa9_0/libsrc/ddrps_v1_0/src -s libs  "SHELL=CMD" "COMPILER=arm-none-eabi-gcc" "ARCHIVER=arm-none-eabi-ar" "COMPILER_FLAGS=  -O2 -c" "EXTRA_COMPILER_FLAGS=-mcpu=cortex-a9 -mfpu=vfpv3 -mfloat-abi=hard -nostartfiles -Wall -Wextra"
"Compiling ddrps"
"Running Make libs in ps7_cortexa9_0/libsrc/devcfg_v3_4/src"
make -C ps7_cortexa9_0/libsrc/devcfg_v3_4/src -s libs  "SHELL=CMD" "COMPILER=arm-none-eabi-gcc" "ARCHIVER=arm-none-eabi-ar" "COMPILER_FLAGS=  -O2 -c" "EXTRA_COMPILER_FLAGS=-mcpu=cortex-a9 -mfpu=vfpv3 -mfloat-abi=hard -nostartfiles -Wall -Wextra"
"Compiling devcfg"
"Running Make libs in ps7_cortexa9_0/libsrc/dmaps_v2_3/src"
make -C ps7_cortexa9_0/libsrc/dmaps_v2_3/src -s libs  "SHELL=CMD" "COMPILER=arm-none-eabi-gcc" "ARCHIVER=arm-none-eabi-ar" "COMPILER_FLAGS=  -O2 -c" "EXTRA_COMPILER_FLAGS=-mcpu=cortex-a9 -mfpu=vfpv3 -mfloat-abi=hard -nostartfiles -Wall -Wextra"
"Compiling dmaps"
"Running Make libs in ps7_cortexa9_0/libsrc/freertos901_xilinx_v1_0/src"
make -C ps7_cortexa9_0/libsrc/freertos901_xilinx_v1_0/src -s libs  "SHELL=CMD" "COMPILER=arm-none-eabi-gcc" "ARCHIVER=arm-none-eabi-ar" "COMPILER_FLAGS=  -O2 -c" "EXTRA_COMPILER_FLAGS=-mcpu=cortex-a9 -mfpu=vfpv3 -mfloat-abi=hard -nostartfiles -Wall -Wextra"
"Compiling standalone"
"Compiling FreeRTOS"
arm-none-eabi-ar: creating ../../../lib/libfreertos.a
"Running Make libs in ps7_cortexa9_0/libsrc/gpio_v4_3/src"
make -C ps7_cortexa9_0/libsrc/gpio_v4_3/src -s libs  "SHELL=CMD" "COMPILER=arm-none-eabi-gcc" "ARCHIVER=arm-none-eabi-ar" "COMPILER_FLAGS=  -O2 -c" "EXTRA_COMPILER_FLAGS=-mcpu=cortex-a9 -mfpu=vfpv3 -mfloat-abi=hard -nostartfiles -Wall -Wextra"
"Compiling gpio"
"Running Make libs in ps7_cortexa9_0/libsrc/gpiops_v3_3/src"
make -C ps7_cortexa9_0/libsrc/gpiops_v3_3/src -s libs  "SHELL=CMD" "COMPILER=arm-none-eabi-gcc" "ARCHIVER=arm-none-eabi-ar" "COMPILER_FLAGS=  -O2 -c" "EXTRA_COMPILER_FLAGS=-mcpu=cortex-a9 -mfpu=vfpv3 -mfloat-abi=hard -nostartfiles -Wall -Wextra"
"Compiling gpiops"
"Running Make libs in ps7_cortexa9_0/libsrc/qspips_v3_3/src"
make -C ps7_cortexa9_0/libsrc/qspips_v3_3/src -s libs  "SHELL=CMD" "COMPILER=arm-none-eabi-gcc" "ARCHIVER=arm-none-eabi-ar" "COMPILER_FLAGS=  -O2 -c" "EXTRA_COMPILER_FLAGS=-mcpu=cortex-a9 -mfpu=vfpv3 -mfloat-abi=hard -nostartfiles -Wall -Wextra"
"Compiling qspips"
"Running Make libs in ps7_cortexa9_0/libsrc/scugic_v3_7/src"
make -C ps7_cortexa9_0/libsrc/scugic_v3_7/src -s libs  "SHELL=CMD" "COMPILER=arm-none-eabi-gcc" "ARCHIVER=arm-none-eabi-ar" "COMPILER_FLAGS=  -O2 -c" "EXTRA_COMPILER_FLAGS=-mcpu=cortex-a9 -mfpu=vfpv3 -mfloat-abi=hard -nostartfiles -Wall -Wextra"
"Compiling scugic"
xscugic_g.c:53:2: warning: missing initializer for field 'HandlerTable' of 'XScuGic_Config {aka struct <anonymous>}' [-Wmissing-field-initializers]
  }
  ^
In file included from xscugic_g.c:41:0:
xscugic.h:218:27: note: 'HandlerTable' declared here
  XScuGic_VectorTableEntry HandlerTable[XSCUGIC_MAX_NUM_INTR_INPUTS];/**<
                           ^~~~~~~~~~~~
"Running Make libs in ps7_cortexa9_0/libsrc/scutimer_v2_1/src"
make -C ps7_cortexa9_0/libsrc/scutimer_v2_1/src -s libs  "SHELL=CMD" "COMPILER=arm-none-eabi-gcc" "ARCHIVER=arm-none-eabi-ar" "COMPILER_FLAGS=  -O2 -c" "EXTRA_COMPILER_FLAGS=-mcpu=cortex-a9 -mfpu=vfpv3 -mfloat-abi=hard -nostartfiles -Wall -Wextra"
"Compiling scutimer"
"Running Make libs in ps7_cortexa9_0/libsrc/scuwdt_v2_1/src"
make -C ps7_cortexa9_0/libsrc/scuwdt_v2_1/src -s libs  "SHELL=CMD" "COMPILER=arm-none-eabi-gcc" "ARCHIVER=arm-none-eabi-ar" "COMPILER_FLAGS=  -O2 -c" "EXTRA_COMPILER_FLAGS=-mcpu=cortex-a9 -mfpu=vfpv3 -mfloat-abi=hard -nostartfiles -Wall -Wextra"
"Compiling scuwdt"
"Running Make libs in ps7_cortexa9_0/libsrc/uartps_v3_4/src"
make -C ps7_cortexa9_0/libsrc/uartps_v3_4/src -s libs  "SHELL=CMD" "COMPILER=arm-none-eabi-gcc" "ARCHIVER=arm-none-eabi-ar" "COMPILER_FLAGS=  -O2 -c" "EXTRA_COMPILER_FLAGS=-mcpu=cortex-a9 -mfpu=vfpv3 -mfloat-abi=hard -nostartfiles -Wall -Wextra"
"Compiling uartps"
"Running Make libs in ps7_cortexa9_0/libsrc/xadcps_v2_2/src"
make -C ps7_cortexa9_0/libsrc/xadcps_v2_2/src -s libs  "SHELL=CMD" "COMPILER=arm-none-eabi-gcc" "ARCHIVER=arm-none-eabi-ar" "COMPILER_FLAGS=  -O2 -c" "EXTRA_COMPILER_FLAGS=-mcpu=cortex-a9 -mfpu=vfpv3 -mfloat-abi=hard -nostartfiles -Wall -Wextra"
"Compiling xadcps"
'Finished building libraries'
11:07:53 **** Build of configuration Debug for project UserTread ****
make pre-build main-build 
a9-linaro-pre-build-step
' '
'Building file: ../src/main.cc'
'Invoking: ARM v7 g++ compiler'
arm-none-eabi-g++ -Wall -O0 -g3 -c -fmessage-length=0 -MT"src/main.o" -mcpu=cortex-a9 -mfpu=vfpv3 -mfloat-abi=hard -I../../freertos901_xilinx_bsp_0/ps7_cortexa9_0/include -MMD -MP -MF"src/main.d" -MT"src/main.o" -o "src/main.o" "../src/main.cc"
'Finished building: ../src/main.cc'
' '
'Building target: UserTread.elf'
'Invoking: ARM v7 g++ linker'
arm-none-eabi-g++ -mcpu=cortex-a9 -mfpu=vfpv3 -mfloat-abi=hard -Wl,-build-id=none -specs=Xilinx.spec -Wl,-T -Wl,../src/lscript.ld -L../../freertos901_xilinx_bsp_0/ps7_cortexa9_0/lib -o "UserTread.elf"  ./src/main.o   -Wl,--start-group,-lxil,-lfreertos,-lgcc,-lc,-lstdc++,--end-group
'Finished building target: UserTread.elf'
' '
'Invoking: ARM v7 Print Size'
arm-none-eabi-size UserTread.elf  |tee "UserTread.elf.size"
   text	   data	    bss	    dec	    hex	filename
  89212	   4172	  89408	 182792	  2ca08	UserTread.elf
'Finished building: UserTread.elf.size'
' '
11:09:59 **** Auto Build of configuration Debug for project UserTread ****
make pre-build main-build 
a9-linaro-pre-build-step
' '
'Building file: ../src/os/Mutex.cpp'
'Invoking: ARM v7 g++ compiler'
arm-none-eabi-g++ -Wall -O0 -g3 -c -fmessage-length=0 -MT"src/os/Mutex.o" -mcpu=cortex-a9 -mfpu=vfpv3 -mfloat-abi=hard -I../../freertos901_xilinx_bsp_0/ps7_cortexa9_0/include -MMD -MP -MF"src/os/Mutex.d" -MT"src/os/Mutex.o" -o "src/os/Mutex.o" "../src/os/Mutex.cpp"
'Finished building: ../src/os/Mutex.cpp'
' '
'Building file: ../src/os/Semaphore.cpp'
'Invoking: ARM v7 g++ compiler'
arm-none-eabi-g++ -Wall -O0 -g3 -c -fmessage-length=0 -MT"src/os/Semaphore.o" -mcpu=cortex-a9 -mfpu=vfpv3 -mfloat-abi=hard -I../../freertos901_xilinx_bsp_0/ps7_cortexa9_0/include -MMD -MP -MF"src/os/Semaphore.d" -MT"src/os/Semaphore.o" -o "src/os/Semaphore.o" "../src/os/Semaphore.cpp"
'Finished building: ../src/os/Semaphore.cpp'
' '
'Building file: ../src/os/Thread.cpp'
'Invoking: ARM v7 g++ compiler'
arm-none-eabi-g++ -Wall -O0 -g3 -c -fmessage-length=0 -MT"src/os/Thread.o" -mcpu=cortex-a9 -mfpu=vfpv3 -mfloat-abi=hard -I../../freertos901_xilinx_bsp_0/ps7_cortexa9_0/include -MMD -MP -MF"src/os/Thread.d" -MT"src/os/Thread.o" -o "src/os/Thread.o" "../src/os/Thread.cpp"
'Finished building: ../src/os/Thread.cpp'
' '
'Building target: UserTread.elf'
'Invoking: ARM v7 g++ linker'
arm-none-eabi-g++ -mcpu=cortex-a9 -mfpu=vfpv3 -mfloat-abi=hard -Wl,-build-id=none -specs=Xilinx.spec -Wl,-T -Wl,../src/lscript.ld -L../../freertos901_xilinx_bsp_0/ps7_cortexa9_0/lib -o "UserTread.elf"  ./src/os/Mutex.o ./src/os/Semaphore.o ./src/os/Thread.o  ./src/main.o   -Wl,--start-group,-lxil,-lfreertos,-lgcc,-lc,-lstdc++,--end-group
'Finished building target: UserTread.elf'
' '
'Invoking: ARM v7 Print Size'
arm-none-eabi-size UserTread.elf  |tee "UserTread.elf.size"
   text	   data	    bss	    dec	    hex	filename
 736246	   4420	  94008	 834674	  cbc72	UserTread.elf
'Finished building: UserTread.elf.size'
' '
11:18:38 **** Incremental Build of configuration Debug for project UserTread ****
make pre-build main-build 
a9-linaro-pre-build-step
' '
make: Nothing to be done for `main-build'.
11:18:39 **** Incremental Build of configuration Debug for project lab1 ****
make pre-build main-build 
a9-linaro-pre-build-step
' '
make: Nothing to be done for `main-build'.
11:18:58 **** Clean-only build of configuration Debug for project UserTread ****
make clean 
rm -rf  ./src/main.d  ./src/os/Mutex.o ./src/os/Semaphore.o ./src/os/Thread.o  ./src/main.o  ./src/os/Mutex.d ./src/os/Semaphore.d ./src/os/Thread.d  ./src/main.d  UserTread.elf.size  UserTread.elf
' '
11:18:59 **** Auto Build of configuration Debug for project UserTread ****
make pre-build main-build 
a9-linaro-pre-build-step
' '
'Building file: ../src/os/Mutex.cpp'
'Invoking: ARM v7 g++ compiler'
arm-none-eabi-g++ -Wall -O0 -g3 -c -fmessage-length=0 -MT"src/os/Mutex.o" -mcpu=cortex-a9 -mfpu=vfpv3 -mfloat-abi=hard -I../../freertos901_xilinx_bsp_0/ps7_cortexa9_0/include -MMD -MP -MF"src/os/Mutex.d" -MT"src/os/Mutex.o" -o "src/os/Mutex.o" "../src/os/Mutex.cpp"
'Finished building: ../src/os/Mutex.cpp'
' '
'Building file: ../src/os/Semaphore.cpp'
'Invoking: ARM v7 g++ compiler'
arm-none-eabi-g++ -Wall -O0 -g3 -c -fmessage-length=0 -MT"src/os/Semaphore.o" -mcpu=cortex-a9 -mfpu=vfpv3 -mfloat-abi=hard -I../../freertos901_xilinx_bsp_0/ps7_cortexa9_0/include -MMD -MP -MF"src/os/Semaphore.d" -MT"src/os/Semaphore.o" -o "src/os/Semaphore.o" "../src/os/Semaphore.cpp"
'Finished building: ../src/os/Semaphore.cpp'
' '
'Building file: ../src/os/Thread.cpp'
'Invoking: ARM v7 g++ compiler'
arm-none-eabi-g++ -Wall -O0 -g3 -c -fmessage-length=0 -MT"src/os/Thread.o" -mcpu=cortex-a9 -mfpu=vfpv3 -mfloat-abi=hard -I../../freertos901_xilinx_bsp_0/ps7_cortexa9_0/include -MMD -MP -MF"src/os/Thread.d" -MT"src/os/Thread.o" -o "src/os/Thread.o" "../src/os/Thread.cpp"
'Finished building: ../src/os/Thread.cpp'
' '
'Building file: ../src/main.cpp'
'Invoking: ARM v7 g++ compiler'
arm-none-eabi-g++ -Wall -O0 -g3 -c -fmessage-length=0 -MT"src/main.o" -mcpu=cortex-a9 -mfpu=vfpv3 -mfloat-abi=hard -I../../freertos901_xilinx_bsp_0/ps7_cortexa9_0/include -MMD -MP -MF"src/main.d" -MT"src/main.o" -o "src/main.o" "../src/main.cpp"
In file included from ../src/main.cpp:11:0:
../src/UserThread.h:11:20: fatal error: Thread.h: No such file or directory
 #include "Thread.h"
                    ^
compilation terminated.
make: *** [src/main.o] Error 1
11:21:54 **** Clean-only build of configuration Debug for project UserTread ****
make clean 
rm -rf  ./src/os/Mutex.o ./src/os/Semaphore.o ./src/os/Thread.o  ./src/main.o  ./src/os/Mutex.d ./src/os/Semaphore.d ./src/os/Thread.d  ./src/main.d  UserTread.elf.size  UserTread.elf
' '
11:21:55 **** Auto Build of configuration Debug for project UserTread ****
make pre-build main-build 
a9-linaro-pre-build-step
' '
'Building file: ../src/os/Mutex.cpp'
'Invoking: ARM v7 g++ compiler'
arm-none-eabi-g++ -Wall -O0 -g3 -I"C:\Users\Entvex\lab1\lab1.sdk\UserTread\src\os" -c -fmessage-length=0 -MT"src/os/Mutex.o" -mcpu=cortex-a9 -mfpu=vfpv3 -mfloat-abi=hard -I../../freertos901_xilinx_bsp_0/ps7_cortexa9_0/include -MMD -MP -MF"src/os/Mutex.d" -MT"src/os/Mutex.o" -o "src/os/Mutex.o" "../src/os/Mutex.cpp"
'Finished building: ../src/os/Mutex.cpp'
' '
'Building file: ../src/os/Semaphore.cpp'
'Invoking: ARM v7 g++ compiler'
arm-none-eabi-g++ -Wall -O0 -g3 -I"C:\Users\Entvex\lab1\lab1.sdk\UserTread\src\os" -c -fmessage-length=0 -MT"src/os/Semaphore.o" -mcpu=cortex-a9 -mfpu=vfpv3 -mfloat-abi=hard -I../../freertos901_xilinx_bsp_0/ps7_cortexa9_0/include -MMD -MP -MF"src/os/Semaphore.d" -MT"src/os/Semaphore.o" -o "src/os/Semaphore.o" "../src/os/Semaphore.cpp"
'Finished building: ../src/os/Semaphore.cpp'
' '
'Building file: ../src/os/Thread.cpp'
'Invoking: ARM v7 g++ compiler'
arm-none-eabi-g++ -Wall -O0 -g3 -I"C:\Users\Entvex\lab1\lab1.sdk\UserTread\src\os" -c -fmessage-length=0 -MT"src/os/Thread.o" -mcpu=cortex-a9 -mfpu=vfpv3 -mfloat-abi=hard -I../../freertos901_xilinx_bsp_0/ps7_cortexa9_0/include -MMD -MP -MF"src/os/Thread.d" -MT"src/os/Thread.o" -o "src/os/Thread.o" "../src/os/Thread.cpp"
'Finished building: ../src/os/Thread.cpp'
' '
'Building file: ../src/main.cpp'
'Invoking: ARM v7 g++ compiler'
arm-none-eabi-g++ -Wall -O0 -g3 -I"C:\Users\Entvex\lab1\lab1.sdk\UserTread\src\os" -c -fmessage-length=0 -MT"src/main.o" -mcpu=cortex-a9 -mfpu=vfpv3 -mfloat-abi=hard -I../../freertos901_xilinx_bsp_0/ps7_cortexa9_0/include -MMD -MP -MF"src/main.d" -MT"src/main.o" -o "src/main.o" "../src/main.cpp"
'Finished building: ../src/main.cpp'
' '
'Building target: UserTread.elf'
'Invoking: ARM v7 g++ linker'
arm-none-eabi-g++ -mcpu=cortex-a9 -mfpu=vfpv3 -mfloat-abi=hard -Wl,-build-id=none -specs=Xilinx.spec -Wl,-T -Wl,../src/lscript.ld -L../../freertos901_xilinx_bsp_0/ps7_cortexa9_0/lib -o "UserTread.elf"  ./src/os/Mutex.o ./src/os/Semaphore.o ./src/os/Thread.o  ./src/main.o   -Wl,--start-group,-lxil,-lfreertos,-lgcc,-lc,-lstdc++,--end-group
'Finished building target: UserTread.elf'
' '
'Invoking: ARM v7 Print Size'
arm-none-eabi-size UserTread.elf  |tee "UserTread.elf.size"
   text	   data	    bss	    dec	    hex	filename
 755362	   4420	  94016	 853798	  d0726	UserTread.elf
'Finished building: UserTread.elf.size'
' '
11:26:37 **** Incremental Build of configuration Debug for project UserTread ****
make pre-build main-build 
a9-linaro-pre-build-step
' '
make: Nothing to be done for `main-build'.
11:26:38 **** Incremental Build of configuration Debug for project lab1 ****
make pre-build main-build 
a9-linaro-pre-build-step
' '
make: Nothing to be done for `main-build'.
13:53:21 **** Auto Build of configuration Debug for project UserTread ****
make pre-build main-build 
a9-linaro-pre-build-step
' '
'Building file: ../src/main.cpp'
'Invoking: ARM v7 g++ compiler'
arm-none-eabi-g++ -Wall -O0 -g3 -I"C:\Users\Entvex\lab1\lab1.sdk\UserTread\src\os" -c -fmessage-length=0 -MT"src/main.o" -mcpu=cortex-a9 -mfpu=vfpv3 -mfloat-abi=hard -I../../freertos901_xilinx_bsp_0/ps7_cortexa9_0/include -MMD -MP -MF"src/main.d" -MT"src/main.o" -o "src/main.o" "../src/main.cpp"
'Finished building: ../src/main.cpp'
' '
'Building target: UserTread.elf'
'Invoking: ARM v7 g++ linker'
arm-none-eabi-g++ -mcpu=cortex-a9 -mfpu=vfpv3 -mfloat-abi=hard -Wl,-build-id=none -specs=Xilinx.spec -Wl,-T -Wl,../src/lscript.ld -L../../freertos901_xilinx_bsp_0/ps7_cortexa9_0/lib -o "UserTread.elf"  ./src/os/Mutex.o ./src/os/Semaphore.o ./src/os/Thread.o  ./src/main.o   -Wl,--start-group,-lxil,-lfreertos,-lgcc,-lc,-lstdc++,--end-group
'Finished building target: UserTread.elf'
' '
'Invoking: ARM v7 Print Size'
arm-none-eabi-size UserTread.elf  |tee "UserTread.elf.size"
   text	   data	    bss	    dec	    hex	filename
 755362	   4420	  94016	 853798	  d0726	UserTread.elf
'Finished building: UserTread.elf.size'
' '
13:53:32 **** Auto Build of configuration Debug for project UserTread ****
make pre-build main-build 
a9-linaro-pre-build-step
' '
'Building file: ../src/main.cpp'
'Invoking: ARM v7 g++ compiler'
arm-none-eabi-g++ -Wall -O0 -g3 -I"C:\Users\Entvex\lab1\lab1.sdk\UserTread\src\os" -c -fmessage-length=0 -MT"src/main.o" -mcpu=cortex-a9 -mfpu=vfpv3 -mfloat-abi=hard -I../../freertos901_xilinx_bsp_0/ps7_cortexa9_0/include -MMD -MP -MF"src/main.d" -MT"src/main.o" -o "src/main.o" "../src/main.cpp"
'Finished building: ../src/main.cpp'
' '
'Building target: UserTread.elf'
'Invoking: ARM v7 g++ linker'
arm-none-eabi-g++ -mcpu=cortex-a9 -mfpu=vfpv3 -mfloat-abi=hard -Wl,-build-id=none -specs=Xilinx.spec -Wl,-T -Wl,../src/lscript.ld -L../../freertos901_xilinx_bsp_0/ps7_cortexa9_0/lib -o "UserTread.elf"  ./src/os/Mutex.o ./src/os/Semaphore.o ./src/os/Thread.o  ./src/main.o   -Wl,--start-group,-lxil,-lfreertos,-lgcc,-lc,-lstdc++,--end-group
'Finished building target: UserTread.elf'
' '
'Invoking: ARM v7 Print Size'
arm-none-eabi-size UserTread.elf  |tee "UserTread.elf.size"
   text	   data	    bss	    dec	    hex	filename
 755362	   4420	  94016	 853798	  d0726	UserTread.elf
'Finished building: UserTread.elf.size'
' '
14:00:17 **** Auto Build of configuration Debug for project UserTread ****
make pre-build main-build 
a9-linaro-pre-build-step
' '
'Building file: ../src/main.cpp'
'Invoking: ARM v7 g++ compiler'
arm-none-eabi-g++ -Wall -O0 -g3 -I"C:\Users\Entvex\lab1\lab1.sdk\UserTread\src\os" -c -fmessage-length=0 -MT"src/main.o" -mcpu=cortex-a9 -mfpu=vfpv3 -mfloat-abi=hard -I../../freertos901_xilinx_bsp_0/ps7_cortexa9_0/include -MMD -MP -MF"src/main.d" -MT"src/main.o" -o "src/main.o" "../src/main.cpp"
../src/main.cpp:34:2: error: expected unqualified-id before 'public'
  public double equation(double x1, double x2){
  ^~~~~~
make: *** [src/main.o] Error 1
14:00:28 **** Auto Build of configuration Debug for project UserTread ****
make pre-build main-build 
a9-linaro-pre-build-step
' '
'Building file: ../src/main.cpp'
'Invoking: ARM v7 g++ compiler'
arm-none-eabi-g++ -Wall -O0 -g3 -I"C:\Users\Entvex\lab1\lab1.sdk\UserTread\src\os" -c -fmessage-length=0 -MT"src/main.o" -mcpu=cortex-a9 -mfpu=vfpv3 -mfloat-abi=hard -I../../freertos901_xilinx_bsp_0/ps7_cortexa9_0/include -MMD -MP -MF"src/main.d" -MT"src/main.o" -o "src/main.o" "../src/main.cpp"
'Finished building: ../src/main.cpp'
' '
'Building target: UserTread.elf'
'Invoking: ARM v7 g++ linker'
arm-none-eabi-g++ -mcpu=cortex-a9 -mfpu=vfpv3 -mfloat-abi=hard -Wl,-build-id=none -specs=Xilinx.spec -Wl,-T -Wl,../src/lscript.ld -L../../freertos901_xilinx_bsp_0/ps7_cortexa9_0/lib -o "UserTread.elf"  ./src/os/Mutex.o ./src/os/Semaphore.o ./src/os/Thread.o  ./src/main.o   -Wl,--start-group,-lxil,-lfreertos,-lgcc,-lc,-lstdc++,--end-group
'Finished building target: UserTread.elf'
' '
'Invoking: ARM v7 Print Size'
arm-none-eabi-size UserTread.elf  |tee "UserTread.elf.size"
   text	   data	    bss	    dec	    hex	filename
 736310	   4420	  94008	 834738	  cbcb2	UserTread.elf
'Finished building: UserTread.elf.size'
' '
14:00:42 **** Auto Build of configuration Debug for project UserTread ****
make pre-build main-build 
a9-linaro-pre-build-step
' '
'Building file: ../src/main.cpp'
'Invoking: ARM v7 g++ compiler'
arm-none-eabi-g++ -Wall -O0 -g3 -I"C:\Users\Entvex\lab1\lab1.sdk\UserTread\src\os" -c -fmessage-length=0 -MT"src/main.o" -mcpu=cortex-a9 -mfpu=vfpv3 -mfloat-abi=hard -I../../freertos901_xilinx_bsp_0/ps7_cortexa9_0/include -MMD -MP -MF"src/main.d" -MT"src/main.o" -o "src/main.o" "../src/main.cpp"
../src/main.cpp: In function 'double equation(double, double)':
../src/main.cpp:36:2: error: expected ';' before '}' token
  }
  ^
make: *** [src/main.o] Error 1
14:06:28 **** Auto Build of configuration Debug for project UserTread ****
make pre-build main-build 
a9-linaro-pre-build-step
' '
'Building file: ../src/main.cpp'
'Invoking: ARM v7 g++ compiler'
arm-none-eabi-g++ -Wall -O0 -g3 -I"C:\Users\Entvex\lab1\lab1.sdk\UserTread\src\os" -c -fmessage-length=0 -MT"src/main.o" -mcpu=cortex-a9 -mfpu=vfpv3 -mfloat-abi=hard -I../../freertos901_xilinx_bsp_0/ps7_cortexa9_0/include -MMD -MP -MF"src/main.d" -MT"src/main.o" -o "src/main.o" "../src/main.cpp"
'Finished building: ../src/main.cpp'
' '
'Building target: UserTread.elf'
'Invoking: ARM v7 g++ linker'
arm-none-eabi-g++ -mcpu=cortex-a9 -mfpu=vfpv3 -mfloat-abi=hard -Wl,-build-id=none -specs=Xilinx.spec -Wl,-T -Wl,../src/lscript.ld -L../../freertos901_xilinx_bsp_0/ps7_cortexa9_0/lib -o "UserTread.elf"  ./src/os/Mutex.o ./src/os/Semaphore.o ./src/os/Thread.o  ./src/main.o   -Wl,--start-group,-lxil,-lfreertos,-lgcc,-lc,-lstdc++,--end-group
'Finished building target: UserTread.elf'
' '
'Invoking: ARM v7 Print Size'
arm-none-eabi-size UserTread.elf  |tee "UserTread.elf.size"
   text	   data	    bss	    dec	    hex	filename
 742174	   4420	  94016	 840610	  cd3a2	UserTread.elf
'Finished building: UserTread.elf.size'
' '
14:07:03 **** Auto Build of configuration Debug for project UserTread ****
make pre-build main-build 
a9-linaro-pre-build-step
' '
'Building file: ../src/main.cpp'
'Invoking: ARM v7 g++ compiler'
arm-none-eabi-g++ -Wall -O0 -g3 -I"C:\Users\Entvex\lab1\lab1.sdk\UserTread\src\os" -c -fmessage-length=0 -MT"src/main.o" -mcpu=cortex-a9 -mfpu=vfpv3 -mfloat-abi=hard -I../../freertos901_xilinx_bsp_0/ps7_cortexa9_0/include -MMD -MP -MF"src/main.d" -MT"src/main.o" -o "src/main.o" "../src/main.cpp"
../src/main.cpp: In function 'int main()':
../src/main.cpp:29:27: error: 'equation' was not declared in this scope
  double res = equation(1,1);
                           ^
../src/main.cpp:29:9: warning: unused variable 'res' [-Wunused-variable]
  double res = equation(1,1);
         ^~~
../src/main.cpp:30:6: warning: unused variable 'i' [-Wunused-variable]
  int i = 1;
      ^
make: *** [src/main.o] Error 1
14:07:20 **** Auto Build of configuration Debug for project UserTread ****
make pre-build main-build 
a9-linaro-pre-build-step
' '
'Building file: ../src/main.cpp'
'Invoking: ARM v7 g++ compiler'
arm-none-eabi-g++ -Wall -O0 -g3 -I"C:\Users\Entvex\lab1\lab1.sdk\UserTread\src\os" -c -fmessage-length=0 -MT"src/main.o" -mcpu=cortex-a9 -mfpu=vfpv3 -mfloat-abi=hard -I../../freertos901_xilinx_bsp_0/ps7_cortexa9_0/include -MMD -MP -MF"src/main.d" -MT"src/main.o" -o "src/main.o" "../src/main.cpp"
../src/main.cpp: In function 'int main()':
../src/main.cpp:33:9: warning: unused variable 'res' [-Wunused-variable]
  double res = equation(1,1);
         ^~~
../src/main.cpp:34:6: warning: unused variable 'i' [-Wunused-variable]
  int i = 1;
      ^
'Finished building: ../src/main.cpp'
' '
'Building target: UserTread.elf'
'Invoking: ARM v7 g++ linker'
arm-none-eabi-g++ -mcpu=cortex-a9 -mfpu=vfpv3 -mfloat-abi=hard -Wl,-build-id=none -specs=Xilinx.spec -Wl,-T -Wl,../src/lscript.ld -L../../freertos901_xilinx_bsp_0/ps7_cortexa9_0/lib -o "UserTread.elf"  ./src/os/Mutex.o ./src/os/Semaphore.o ./src/os/Thread.o  ./src/main.o   -Wl,--start-group,-lxil,-lfreertos,-lgcc,-lc,-lstdc++,--end-group
'Finished building target: UserTread.elf'
' '
'Invoking: ARM v7 Print Size'
arm-none-eabi-size UserTread.elf  |tee "UserTread.elf.size"
   text	   data	    bss	    dec	    hex	filename
 742238	   4420	  94016	 840674	  cd3e2	UserTread.elf
'Finished building: UserTread.elf.size'
' '
14:07:52 **** Incremental Build of configuration Debug for project UserTread ****
make pre-build main-build 
a9-linaro-pre-build-step
' '
make: Nothing to be done for `main-build'.
14:07:54 **** Incremental Build of configuration Debug for project lab1 ****
make pre-build main-build 
a9-linaro-pre-build-step
' '
make: Nothing to be done for `main-build'.
14:09:27 **** Incremental Build of configuration Debug for project UserTread ****
make pre-build main-build 
a9-linaro-pre-build-step
' '
make: Nothing to be done for `main-build'.
14:09:28 **** Incremental Build of configuration Debug for project lab1 ****
make pre-build main-build 
a9-linaro-pre-build-step
' '
make: Nothing to be done for `main-build'.
14:10:46 **** Auto Build of configuration Debug for project UserTread ****
make pre-build main-build 
a9-linaro-pre-build-step
' '
'Building file: ../src/main.cpp'
'Invoking: ARM v7 g++ compiler'
arm-none-eabi-g++ -Wall -O0 -g3 -I"C:\Users\Entvex\lab1\lab1.sdk\UserTread\src\os" -c -fmessage-length=0 -MT"src/main.o" -mcpu=cortex-a9 -mfpu=vfpv3 -mfloat-abi=hard -I../../freertos901_xilinx_bsp_0/ps7_cortexa9_0/include -MMD -MP -MF"src/main.d" -MT"src/main.o" -o "src/main.o" "../src/main.cpp"
../src/main.cpp: In function 'int main()':
../src/main.cpp:33:9: warning: unused variable 'res' [-Wunused-variable]
  double res = equation(-1,-1);
         ^~~
../src/main.cpp:34:6: warning: unused variable 'i' [-Wunused-variable]
  int i = 1;
      ^
'Finished building: ../src/main.cpp'
' '
'Building target: UserTread.elf'
'Invoking: ARM v7 g++ linker'
arm-none-eabi-g++ -mcpu=cortex-a9 -mfpu=vfpv3 -mfloat-abi=hard -Wl,-build-id=none -specs=Xilinx.spec -Wl,-T -Wl,../src/lscript.ld -L../../freertos901_xilinx_bsp_0/ps7_cortexa9_0/lib -o "UserTread.elf"  ./src/os/Mutex.o ./src/os/Semaphore.o ./src/os/Thread.o  ./src/main.o   -Wl,--start-group,-lxil,-lfreertos,-lgcc,-lc,-lstdc++,--end-group
'Finished building target: UserTread.elf'
' '
'Invoking: ARM v7 Print Size'
arm-none-eabi-size UserTread.elf  |tee "UserTread.elf.size"
   text	   data	    bss	    dec	    hex	filename
 742238	   4420	  94016	 840674	  cd3e2	UserTread.elf
'Finished building: UserTread.elf.size'
' '
14:10:52 **** Incremental Build of configuration Debug for project UserTread ****
make pre-build main-build 
a9-linaro-pre-build-step
' '
make: Nothing to be done for `main-build'.
14:10:53 **** Incremental Build of configuration Debug for project lab1 ****
make pre-build main-build 
a9-linaro-pre-build-step
' '
make: Nothing to be done for `main-build'.
14:12:02 **** Auto Build of configuration Debug for project UserTread ****
make pre-build main-build 
a9-linaro-pre-build-step
' '
'Building file: ../src/main.cpp'
'Invoking: ARM v7 g++ compiler'
arm-none-eabi-g++ -Wall -O0 -g3 -I"C:\Users\Entvex\lab1\lab1.sdk\UserTread\src\os" -c -fmessage-length=0 -MT"src/main.o" -mcpu=cortex-a9 -mfpu=vfpv3 -mfloat-abi=hard -I../../freertos901_xilinx_bsp_0/ps7_cortexa9_0/include -MMD -MP -MF"src/main.d" -MT"src/main.o" -o "src/main.o" "../src/main.cpp"
../src/main.cpp: In function 'int main()':
../src/main.cpp:33:9: warning: unused variable 'res' [-Wunused-variable]
  double res = equation(10,10);
         ^~~
../src/main.cpp:34:6: warning: unused variable 'i' [-Wunused-variable]
  int i = 1;
      ^
'Finished building: ../src/main.cpp'
' '
'Building target: UserTread.elf'
'Invoking: ARM v7 g++ linker'
arm-none-eabi-g++ -mcpu=cortex-a9 -mfpu=vfpv3 -mfloat-abi=hard -Wl,-build-id=none -specs=Xilinx.spec -Wl,-T -Wl,../src/lscript.ld -L../../freertos901_xilinx_bsp_0/ps7_cortexa9_0/lib -o "UserTread.elf"  ./src/os/Mutex.o ./src/os/Semaphore.o ./src/os/Thread.o  ./src/main.o   -Wl,--start-group,-lxil,-lfreertos,-lgcc,-lc,-lstdc++,--end-group
'Finished building target: UserTread.elf'
' '
'Invoking: ARM v7 Print Size'
arm-none-eabi-size UserTread.elf  |tee "UserTread.elf.size"
   text	   data	    bss	    dec	    hex	filename
 742238	   4420	  94016	 840674	  cd3e2	UserTread.elf
'Finished building: UserTread.elf.size'
' '
14:12:08 **** Incremental Build of configuration Debug for project UserTread ****
make pre-build main-build 
a9-linaro-pre-build-step
' '
make: Nothing to be done for `main-build'.
14:12:09 **** Incremental Build of configuration Debug for project lab1 ****
make pre-build main-build 
a9-linaro-pre-build-step
' '
make: Nothing to be done for `main-build'.
14:13:11 **** Auto Build of configuration Debug for project UserTread ****
make pre-build main-build 
a9-linaro-pre-build-step
' '
'Building file: ../src/main.cpp'
'Invoking: ARM v7 g++ compiler'
arm-none-eabi-g++ -Wall -O0 -g3 -I"C:\Users\Entvex\lab1\lab1.sdk\UserTread\src\os" -c -fmessage-length=0 -MT"src/main.o" -mcpu=cortex-a9 -mfpu=vfpv3 -mfloat-abi=hard -I../../freertos901_xilinx_bsp_0/ps7_cortexa9_0/include -MMD -MP -MF"src/main.d" -MT"src/main.o" -o "src/main.o" "../src/main.cpp"
../src/main.cpp: In function 'int main()':
../src/main.cpp:33:9: warning: unused variable 'res' [-Wunused-variable]
  double res = equation(-10,-10);
         ^~~
../src/main.cpp:34:6: warning: unused variable 'i' [-Wunused-variable]
  int i = 1;
      ^
'Finished building: ../src/main.cpp'
' '
'Building target: UserTread.elf'
'Invoking: ARM v7 g++ linker'
arm-none-eabi-g++ -mcpu=cortex-a9 -mfpu=vfpv3 -mfloat-abi=hard -Wl,-build-id=none -specs=Xilinx.spec -Wl,-T -Wl,../src/lscript.ld -L../../freertos901_xilinx_bsp_0/ps7_cortexa9_0/lib -o "UserTread.elf"  ./src/os/Mutex.o ./src/os/Semaphore.o ./src/os/Thread.o  ./src/main.o   -Wl,--start-group,-lxil,-lfreertos,-lgcc,-lc,-lstdc++,--end-group
'Finished building target: UserTread.elf'
' '
'Invoking: ARM v7 Print Size'
arm-none-eabi-size UserTread.elf  |tee "UserTread.elf.size"
   text	   data	    bss	    dec	    hex	filename
 742238	   4420	  94016	 840674	  cd3e2	UserTread.elf
'Finished building: UserTread.elf.size'
' '
14:13:20 **** Incremental Build of configuration Debug for project UserTread ****
make pre-build main-build 
a9-linaro-pre-build-step
' '
make: Nothing to be done for `main-build'.
14:13:21 **** Incremental Build of configuration Debug for project lab1 ****
make pre-build main-build 
a9-linaro-pre-build-step
' '
make: Nothing to be done for `main-build'.
14:14:42 **** Auto Build of configuration Debug for project UserTread ****
make pre-build main-build 
a9-linaro-pre-build-step
' '
'Building file: ../src/main.cpp'
'Invoking: ARM v7 g++ compiler'
arm-none-eabi-g++ -Wall -O0 -g3 -I"C:\Users\Entvex\lab1\lab1.sdk\UserTread\src\os" -c -fmessage-length=0 -MT"src/main.o" -mcpu=cortex-a9 -mfpu=vfpv3 -mfloat-abi=hard -I../../freertos901_xilinx_bsp_0/ps7_cortexa9_0/include -MMD -MP -MF"src/main.d" -MT"src/main.o" -o "src/main.o" "../src/main.cpp"
../src/main.cpp: In function 'int main()':
../src/main.cpp:33:9: warning: unused variable 'res' [-Wunused-variable]
  double res = equation(-10,-10);
         ^~~
../src/main.cpp:34:6: warning: unused variable 'i' [-Wunused-variable]
  int i = 1;
      ^
'Finished building: ../src/main.cpp'
' '
'Building target: UserTread.elf'
'Invoking: ARM v7 g++ linker'
arm-none-eabi-g++ -mcpu=cortex-a9 -mfpu=vfpv3 -mfloat-abi=hard -Wl,-build-id=none -specs=Xilinx.spec -Wl,-T -Wl,../src/lscript.ld -L../../freertos901_xilinx_bsp_0/ps7_cortexa9_0/lib -o "UserTread.elf"  ./src/os/Mutex.o ./src/os/Semaphore.o ./src/os/Thread.o  ./src/main.o   -Wl,--start-group,-lxil,-lfreertos,-lgcc,-lc,-lstdc++,--end-group
'Finished building target: UserTread.elf'
' '
'Invoking: ARM v7 Print Size'
arm-none-eabi-size UserTread.elf  |tee "UserTread.elf.size"
   text	   data	    bss	    dec	    hex	filename
 742238	   4420	  94016	 840674	  cd3e2	UserTread.elf
'Finished building: UserTread.elf.size'
' '
14:14:54 **** Incremental Build of configuration Debug for project UserTread ****
make pre-build main-build 
a9-linaro-pre-build-step
' '
make: Nothing to be done for `main-build'.
14:14:55 **** Incremental Build of configuration Debug for project lab1 ****
make pre-build main-build 
a9-linaro-pre-build-step
' '
make: Nothing to be done for `main-build'.
14:15:58 **** Auto Build of configuration Debug for project UserTread ****
make pre-build main-build 
a9-linaro-pre-build-step
' '
'Building file: ../src/main.cpp'
'Invoking: ARM v7 g++ compiler'
arm-none-eabi-g++ -Wall -O0 -g3 -I"C:\Users\Entvex\lab1\lab1.sdk\UserTread\src\os" -c -fmessage-length=0 -MT"src/main.o" -mcpu=cortex-a9 -mfpu=vfpv3 -mfloat-abi=hard -I../../freertos901_xilinx_bsp_0/ps7_cortexa9_0/include -MMD -MP -MF"src/main.d" -MT"src/main.o" -o "src/main.o" "../src/main.cpp"
../src/main.cpp: In function 'int main()':
../src/main.cpp:34:9: warning: unused variable 'res' [-Wunused-variable]
  double res = equation(-10,-10);
         ^~~
../src/main.cpp:35:6: warning: unused variable 'i' [-Wunused-variable]
  int i = 1;
      ^
'Finished building: ../src/main.cpp'
' '
'Building target: UserTread.elf'
'Invoking: ARM v7 g++ linker'
arm-none-eabi-g++ -mcpu=cortex-a9 -mfpu=vfpv3 -mfloat-abi=hard -Wl,-build-id=none -specs=Xilinx.spec -Wl,-T -Wl,../src/lscript.ld -L../../freertos901_xilinx_bsp_0/ps7_cortexa9_0/lib -o "UserTread.elf"  ./src/os/Mutex.o ./src/os/Semaphore.o ./src/os/Thread.o  ./src/main.o   -Wl,--start-group,-lxil,-lfreertos,-lgcc,-lc,-lstdc++,--end-group
'Finished building target: UserTread.elf'
' '
'Invoking: ARM v7 Print Size'
arm-none-eabi-size UserTread.elf  |tee "UserTread.elf.size"
   text	   data	    bss	    dec	    hex	filename
 742238	   4420	  94016	 840674	  cd3e2	UserTread.elf
'Finished building: UserTread.elf.size'
' '
14:18:09 **** Auto Build of configuration Debug for project UserTread ****
make pre-build main-build 
a9-linaro-pre-build-step
' '
'Building file: ../src/main.cpp'
'Invoking: ARM v7 g++ compiler'
arm-none-eabi-g++ -Wall -O0 -g3 -I"C:\Users\Entvex\lab1\lab1.sdk\UserTread\src\os" -c -fmessage-length=0 -MT"src/main.o" -mcpu=cortex-a9 -mfpu=vfpv3 -mfloat-abi=hard -I../../freertos901_xilinx_bsp_0/ps7_cortexa9_0/include -MMD -MP -MF"src/main.d" -MT"src/main.o" -o "src/main.o" "../src/main.cpp"
../src/main.cpp:19:25: error: 'xi' was not declared in this scope
  double random_position(xi,a){
                         ^~
../src/main.cpp:19:28: error: 'a' was not declared in this scope
  double random_position(xi,a){
                            ^
../src/main.cpp:19:29: error: expression list treated as compound expression in initializer [-fpermissive]
  double random_position(xi,a){
                             ^
../src/main.cpp: In function 'int main()':
../src/main.cpp:38:9: warning: unused variable 'res' [-Wunused-variable]
  double res = equation(-10,-10);
         ^~~
../src/main.cpp:39:6: warning: unused variable 'i' [-Wunused-variable]
  int i = 1;
      ^
make: *** [src/main.o] Error 1
14:18:35 **** Auto Build of configuration Debug for project UserTread ****
make pre-build main-build 
a9-linaro-pre-build-step
' '
'Building file: ../src/main.cpp'
'Invoking: ARM v7 g++ compiler'
arm-none-eabi-g++ -Wall -O0 -g3 -I"C:\Users\Entvex\lab1\lab1.sdk\UserTread\src\os" -c -fmessage-length=0 -MT"src/main.o" -mcpu=cortex-a9 -mfpu=vfpv3 -mfloat-abi=hard -I../../freertos901_xilinx_bsp_0/ps7_cortexa9_0/include -MMD -MP -MF"src/main.d" -MT"src/main.o" -o "src/main.o" "../src/main.cpp"
../src/main.cpp: In function 'double random_position(double, int)':
../src/main.cpp:21:2: warning: no return statement in function returning non-void [-Wreturn-type]
  }
  ^
../src/main.cpp: In function 'int main()':
../src/main.cpp:38:9: warning: unused variable 'res' [-Wunused-variable]
  double res = equation(-10,-10);
         ^~~
../src/main.cpp:39:6: warning: unused variable 'i' [-Wunused-variable]
  int i = 1;
      ^
'Finished building: ../src/main.cpp'
' '
'Building target: UserTread.elf'
'Invoking: ARM v7 g++ linker'
arm-none-eabi-g++ -mcpu=cortex-a9 -mfpu=vfpv3 -mfloat-abi=hard -Wl,-build-id=none -specs=Xilinx.spec -Wl,-T -Wl,../src/lscript.ld -L../../freertos901_xilinx_bsp_0/ps7_cortexa9_0/lib -o "UserTread.elf"  ./src/os/Mutex.o ./src/os/Semaphore.o ./src/os/Thread.o  ./src/main.o   -Wl,--start-group,-lxil,-lfreertos,-lgcc,-lc,-lstdc++,--end-group
'Finished building target: UserTread.elf'
' '
'Invoking: ARM v7 Print Size'
arm-none-eabi-size UserTread.elf  |tee "UserTread.elf.size"
   text	   data	    bss	    dec	    hex	filename
 742238	   4420	  94016	 840674	  cd3e2	UserTread.elf
'Finished building: UserTread.elf.size'
' '
14:18:39 **** Auto Build of configuration Debug for project UserTread ****
make pre-build main-build 
a9-linaro-pre-build-step
' '
'Building file: ../src/main.cpp'
'Invoking: ARM v7 g++ compiler'
arm-none-eabi-g++ -Wall -O0 -g3 -I"C:\Users\Entvex\lab1\lab1.sdk\UserTread\src\os" -c -fmessage-length=0 -MT"src/main.o" -mcpu=cortex-a9 -mfpu=vfpv3 -mfloat-abi=hard -I../../freertos901_xilinx_bsp_0/ps7_cortexa9_0/include -MMD -MP -MF"src/main.d" -MT"src/main.o" -o "src/main.o" "../src/main.cpp"
../src/main.cpp: In function 'double random_position(double, double)':
../src/main.cpp:21:2: warning: no return statement in function returning non-void [-Wreturn-type]
  }
  ^
../src/main.cpp: In function 'int main()':
../src/main.cpp:38:9: warning: unused variable 'res' [-Wunused-variable]
  double res = equation(-10,-10);
         ^~~
../src/main.cpp:39:6: warning: unused variable 'i' [-Wunused-variable]
  int i = 1;
      ^
'Finished building: ../src/main.cpp'
' '
'Building target: UserTread.elf'
'Invoking: ARM v7 g++ linker'
arm-none-eabi-g++ -mcpu=cortex-a9 -mfpu=vfpv3 -mfloat-abi=hard -Wl,-build-id=none -specs=Xilinx.spec -Wl,-T -Wl,../src/lscript.ld -L../../freertos901_xilinx_bsp_0/ps7_cortexa9_0/lib -o "UserTread.elf"  ./src/os/Mutex.o ./src/os/Semaphore.o ./src/os/Thread.o  ./src/main.o   -Wl,--start-group,-lxil,-lfreertos,-lgcc,-lc,-lstdc++,--end-group
'Finished building target: UserTread.elf'
' '
'Invoking: ARM v7 Print Size'
arm-none-eabi-size UserTread.elf  |tee "UserTread.elf.size"
   text	   data	    bss	    dec	    hex	filename
 742238	   4420	  94016	 840674	  cd3e2	UserTread.elf
'Finished building: UserTread.elf.size'
' '
14:18:43 **** Auto Build of configuration Debug for project UserTread ****
make pre-build main-build 
a9-linaro-pre-build-step
' '
'Building file: ../src/main.cpp'
'Invoking: ARM v7 g++ compiler'
arm-none-eabi-g++ -Wall -O0 -g3 -I"C:\Users\Entvex\lab1\lab1.sdk\UserTread\src\os" -c -fmessage-length=0 -MT"src/main.o" -mcpu=cortex-a9 -mfpu=vfpv3 -mfloat-abi=hard -I../../freertos901_xilinx_bsp_0/ps7_cortexa9_0/include -MMD -MP -MF"src/main.d" -MT"src/main.o" -o "src/main.o" "../src/main.cpp"
../src/main.cpp: In function 'double random_position(double, double)':
../src/main.cpp:21:2: warning: no return statement in function returning non-void [-Wreturn-type]
  }
  ^
../src/main.cpp: In function 'int main()':
../src/main.cpp:38:9: warning: unused variable 'res' [-Wunused-variable]
  double res = equation(-10,-10);
         ^~~
../src/main.cpp:39:6: warning: unused variable 'i' [-Wunused-variable]
  int i = 1;
      ^
'Finished building: ../src/main.cpp'
' '
'Building target: UserTread.elf'
'Invoking: ARM v7 g++ linker'
arm-none-eabi-g++ -mcpu=cortex-a9 -mfpu=vfpv3 -mfloat-abi=hard -Wl,-build-id=none -specs=Xilinx.spec -Wl,-T -Wl,../src/lscript.ld -L../../freertos901_xilinx_bsp_0/ps7_cortexa9_0/lib -o "UserTread.elf"  ./src/os/Mutex.o ./src/os/Semaphore.o ./src/os/Thread.o  ./src/main.o   -Wl,--start-group,-lxil,-lfreertos,-lgcc,-lc,-lstdc++,--end-group
'Finished building target: UserTread.elf'
' '
'Invoking: ARM v7 Print Size'
arm-none-eabi-size UserTread.elf  |tee "UserTread.elf.size"
   text	   data	    bss	    dec	    hex	filename
 742238	   4420	  94016	 840674	  cd3e2	UserTread.elf
'Finished building: UserTread.elf.size'
' '
14:22:43 **** Auto Build of configuration Debug for project UserTread ****
make pre-build main-build 
a9-linaro-pre-build-step
' '
'Building file: ../src/main.cpp'
'Invoking: ARM v7 g++ compiler'
arm-none-eabi-g++ -Wall -O0 -g3 -I"C:\Users\Entvex\lab1\lab1.sdk\UserTread\src\os" -c -fmessage-length=0 -MT"src/main.o" -mcpu=cortex-a9 -mfpu=vfpv3 -mfloat-abi=hard -I../../freertos901_xilinx_bsp_0/ps7_cortexa9_0/include -MMD -MP -MF"src/main.d" -MT"src/main.o" -o "src/main.o" "../src/main.cpp"
../src/main.cpp: In function 'double random_position(double, double)':
../src/main.cpp:20:3: error: 'r' was not declared in this scope
   r = ((double) rand() / (RAND_MAX));
   ^
../src/main.cpp:22:2: error: expected ';' before '}' token
  }
  ^
../src/main.cpp: In function 'int main()':
../src/main.cpp:39:9: warning: unused variable 'res' [-Wunused-variable]
  double res = equation(-10,-10);
         ^~~
../src/main.cpp:40:6: warning: unused variable 'i' [-Wunused-variable]
  int i = 1;
      ^
make: *** [src/main.o] Error 1
14:23:01 **** Auto Build of configuration Debug for project UserTread ****
make pre-build main-build 
a9-linaro-pre-build-step
' '
'Building file: ../src/main.cpp'
'Invoking: ARM v7 g++ compiler'
arm-none-eabi-g++ -Wall -O0 -g3 -I"C:\Users\Entvex\lab1\lab1.sdk\UserTread\src\os" -c -fmessage-length=0 -MT"src/main.o" -mcpu=cortex-a9 -mfpu=vfpv3 -mfloat-abi=hard -I../../freertos901_xilinx_bsp_0/ps7_cortexa9_0/include -MMD -MP -MF"src/main.d" -MT"src/main.o" -o "src/main.o" "../src/main.cpp"
../src/main.cpp: In function 'double random_position(double, double)':
../src/main.cpp:22:2: error: expected ';' before '}' token
  }
  ^
../src/main.cpp: In function 'int main()':
../src/main.cpp:39:9: warning: unused variable 'res' [-Wunused-variable]
  double res = equation(-10,-10);
         ^~~
../src/main.cpp:40:6: warning: unused variable 'i' [-Wunused-variable]
  int i = 1;
      ^
make: *** [src/main.o] Error 1
14:23:16 **** Auto Build of configuration Debug for project UserTread ****
make pre-build main-build 
a9-linaro-pre-build-step
' '
'Building file: ../src/main.cpp'
'Invoking: ARM v7 g++ compiler'
arm-none-eabi-g++ -Wall -O0 -g3 -I"C:\Users\Entvex\lab1\lab1.sdk\UserTread\src\os" -c -fmessage-length=0 -MT"src/main.o" -mcpu=cortex-a9 -mfpu=vfpv3 -mfloat-abi=hard -I../../freertos901_xilinx_bsp_0/ps7_cortexa9_0/include -MMD -MP -MF"src/main.d" -MT"src/main.o" -o "src/main.o" "../src/main.cpp"
../src/main.cpp: In function 'int main()':
../src/main.cpp:39:9: warning: unused variable 'res' [-Wunused-variable]
  double res = equation(-10,-10);
         ^~~
../src/main.cpp:40:6: warning: unused variable 'i' [-Wunused-variable]
  int i = 1;
      ^
'Finished building: ../src/main.cpp'
' '
'Building target: UserTread.elf'
'Invoking: ARM v7 g++ linker'
arm-none-eabi-g++ -mcpu=cortex-a9 -mfpu=vfpv3 -mfloat-abi=hard -Wl,-build-id=none -specs=Xilinx.spec -Wl,-T -Wl,../src/lscript.ld -L../../freertos901_xilinx_bsp_0/ps7_cortexa9_0/lib -o "UserTread.elf"  ./src/os/Mutex.o ./src/os/Semaphore.o ./src/os/Thread.o  ./src/main.o   -Wl,--start-group,-lxil,-lfreertos,-lgcc,-lc,-lstdc++,--end-group
'Finished building target: UserTread.elf'
' '
'Invoking: ARM v7 Print Size'
arm-none-eabi-size UserTread.elf  |tee "UserTread.elf.size"
   text	   data	    bss	    dec	    hex	filename
 742430	   4420	  94016	 840866	  cd4a2	UserTread.elf
'Finished building: UserTread.elf.size'
' '
14:23:46 **** Auto Build of configuration Debug for project UserTread ****
make pre-build main-build 
a9-linaro-pre-build-step
' '
'Building file: ../src/main.cpp'
'Invoking: ARM v7 g++ compiler'
arm-none-eabi-g++ -Wall -O0 -g3 -I"C:\Users\Entvex\lab1\lab1.sdk\UserTread\src\os" -c -fmessage-length=0 -MT"src/main.o" -mcpu=cortex-a9 -mfpu=vfpv3 -mfloat-abi=hard -I../../freertos901_xilinx_bsp_0/ps7_cortexa9_0/include -MMD -MP -MF"src/main.d" -MT"src/main.o" -o "src/main.o" "../src/main.cpp"
../src/main.cpp: In function 'double random_velocity(double)':
../src/main.cpp:26:12: error: 'xi' was not declared in this scope
   return ( xi-a ) + 2*a*r;
            ^~
../src/main.cpp: In function 'int main()':
../src/main.cpp:44:9: warning: unused variable 'res' [-Wunused-variable]
  double res = equation(-10,-10);
         ^~~
../src/main.cpp:45:6: warning: unused variable 'i' [-Wunused-variable]
  int i = 1;
      ^
make: *** [src/main.o] Error 1
14:24:18 **** Auto Build of configuration Debug for project UserTread ****
make pre-build main-build 
a9-linaro-pre-build-step
' '
'Building file: ../src/main.cpp'
'Invoking: ARM v7 g++ compiler'
arm-none-eabi-g++ -Wall -O0 -g3 -I"C:\Users\Entvex\lab1\lab1.sdk\UserTread\src\os" -c -fmessage-length=0 -MT"src/main.o" -mcpu=cortex-a9 -mfpu=vfpv3 -mfloat-abi=hard -I../../freertos901_xilinx_bsp_0/ps7_cortexa9_0/include -MMD -MP -MF"src/main.d" -MT"src/main.o" -o "src/main.o" "../src/main.cpp"
../src/main.cpp: In function 'int main()':
../src/main.cpp:44:9: warning: unused variable 'res' [-Wunused-variable]
  double res = equation(-10,-10);
         ^~~
../src/main.cpp:45:6: warning: unused variable 'i' [-Wunused-variable]
  int i = 1;
      ^
'Finished building: ../src/main.cpp'
' '
'Building target: UserTread.elf'
'Invoking: ARM v7 g++ linker'
arm-none-eabi-g++ -mcpu=cortex-a9 -mfpu=vfpv3 -mfloat-abi=hard -Wl,-build-id=none -specs=Xilinx.spec -Wl,-T -Wl,../src/lscript.ld -L../../freertos901_xilinx_bsp_0/ps7_cortexa9_0/lib -o "UserTread.elf"  ./src/os/Mutex.o ./src/os/Semaphore.o ./src/os/Thread.o  ./src/main.o   -Wl,--start-group,-lxil,-lfreertos,-lgcc,-lc,-lstdc++,--end-group
'Finished building target: UserTread.elf'
' '
'Invoking: ARM v7 Print Size'
arm-none-eabi-size UserTread.elf  |tee "UserTread.elf.size"
   text	   data	    bss	    dec	    hex	filename
 742494	   4420	  94016	 840930	  cd4e2	UserTread.elf
'Finished building: UserTread.elf.size'
' '
14:25:28 **** Auto Build of configuration Debug for project UserTread ****
make pre-build main-build 
a9-linaro-pre-build-step
' '
'Building file: ../src/main.cpp'
'Invoking: ARM v7 g++ compiler'
arm-none-eabi-g++ -Wall -O0 -g3 -I"C:\Users\Entvex\lab1\lab1.sdk\UserTread\src\os" -c -fmessage-length=0 -MT"src/main.o" -mcpu=cortex-a9 -mfpu=vfpv3 -mfloat-abi=hard -I../../freertos901_xilinx_bsp_0/ps7_cortexa9_0/include -MMD -MP -MF"src/main.d" -MT"src/main.o" -o "src/main.o" "../src/main.cpp"
../src/main.cpp: In function 'int main()':
../src/main.cpp:44:9: warning: unused variable 'res' [-Wunused-variable]
  double res = equation(-10,-10);
         ^~~
../src/main.cpp:45:6: warning: unused variable 'i' [-Wunused-variable]
  int i = 1;
      ^
'Finished building: ../src/main.cpp'
' '
'Building target: UserTread.elf'
'Invoking: ARM v7 g++ linker'
arm-none-eabi-g++ -mcpu=cortex-a9 -mfpu=vfpv3 -mfloat-abi=hard -Wl,-build-id=none -specs=Xilinx.spec -Wl,-T -Wl,../src/lscript.ld -L../../freertos901_xilinx_bsp_0/ps7_cortexa9_0/lib -o "UserTread.elf"  ./src/os/Mutex.o ./src/os/Semaphore.o ./src/os/Thread.o  ./src/main.o   -Wl,--start-group,-lxil,-lfreertos,-lgcc,-lc,-lstdc++,--end-group
'Finished building target: UserTread.elf'
' '
'Invoking: ARM v7 Print Size'
arm-none-eabi-size UserTread.elf  |tee "UserTread.elf.size"
   text	   data	    bss	    dec	    hex	filename
 742494	   4420	  94016	 840930	  cd4e2	UserTread.elf
'Finished building: UserTread.elf.size'
' '
14:28:56 **** Auto Build of configuration Debug for project UserTread ****
make pre-build main-build 
a9-linaro-pre-build-step
' '
'Building file: ../src/main.cpp'
'Invoking: ARM v7 g++ compiler'
arm-none-eabi-g++ -Wall -O0 -g3 -I"C:\Users\Entvex\lab1\lab1.sdk\UserTread\src\os" -c -fmessage-length=0 -MT"src/main.o" -mcpu=cortex-a9 -mfpu=vfpv3 -mfloat-abi=hard -I../../freertos901_xilinx_bsp_0/ps7_cortexa9_0/include -MMD -MP -MF"src/main.d" -MT"src/main.o" -o "src/main.o" "../src/main.cpp"
../src/main.cpp: In function 'int main()':
../src/main.cpp:44:9: warning: unused variable 'res' [-Wunused-variable]
  double res = equation(-10,-10);
         ^~~
../src/main.cpp:45:6: warning: unused variable 'i' [-Wunused-variable]
  int i = 1;
      ^
'Finished building: ../src/main.cpp'
' '
'Building target: UserTread.elf'
'Invoking: ARM v7 g++ linker'
arm-none-eabi-g++ -mcpu=cortex-a9 -mfpu=vfpv3 -mfloat-abi=hard -Wl,-build-id=none -specs=Xilinx.spec -Wl,-T -Wl,../src/lscript.ld -L../../freertos901_xilinx_bsp_0/ps7_cortexa9_0/lib -o "UserTread.elf"  ./src/os/Mutex.o ./src/os/Semaphore.o ./src/os/Thread.o  ./src/main.o   -Wl,--start-group,-lxil,-lfreertos,-lgcc,-lc,-lstdc++,--end-group
'Finished building target: UserTread.elf'
' '
'Invoking: ARM v7 Print Size'
arm-none-eabi-size UserTread.elf  |tee "UserTread.elf.size"
   text	   data	    bss	    dec	    hex	filename
 742494	   4420	  94016	 840930	  cd4e2	UserTread.elf
'Finished building: UserTread.elf.size'
' '
14:29:25 **** Auto Build of configuration Debug for project UserTread ****
make pre-build main-build 
a9-linaro-pre-build-step
' '
'Building file: ../src/main.cpp'
'Invoking: ARM v7 g++ compiler'
arm-none-eabi-g++ -Wall -O0 -g3 -I"C:\Users\Entvex\lab1\lab1.sdk\UserTread\src\os" -c -fmessage-length=0 -MT"src/main.o" -mcpu=cortex-a9 -mfpu=vfpv3 -mfloat-abi=hard -I../../freertos901_xilinx_bsp_0/ps7_cortexa9_0/include -MMD -MP -MF"src/main.d" -MT"src/main.o" -o "src/main.o" "../src/main.cpp"
../src/main.cpp: In function 'int main()':
../src/main.cpp:47:2: error: 'd' was not declared in this scope
  d = 1 //
  ^
../src/main.cpp:44:9: warning: unused variable 'res' [-Wunused-variable]
  double res = equation(-10,-10);
         ^~~
../src/main.cpp:45:6: warning: unused variable 'i' [-Wunused-variable]
  int i = 1;
      ^
make: *** [src/main.o] Error 1
14:29:33 **** Auto Build of configuration Debug for project UserTread ****
make pre-build main-build 
a9-linaro-pre-build-step
' '
'Building file: ../src/main.cpp'
'Invoking: ARM v7 g++ compiler'
arm-none-eabi-g++ -Wall -O0 -g3 -I"C:\Users\Entvex\lab1\lab1.sdk\UserTread\src\os" -c -fmessage-length=0 -MT"src/main.o" -mcpu=cortex-a9 -mfpu=vfpv3 -mfloat-abi=hard -I../../freertos901_xilinx_bsp_0/ps7_cortexa9_0/include -MMD -MP -MF"src/main.d" -MT"src/main.o" -o "src/main.o" "../src/main.cpp"
../src/main.cpp: In function 'int main()':
../src/main.cpp:47:2: error: 'd' was not declared in this scope
  d = 1; //
  ^
../src/main.cpp:44:9: warning: unused variable 'res' [-Wunused-variable]
  double res = equation(-10,-10);
         ^~~
../src/main.cpp:45:6: warning: unused variable 'i' [-Wunused-variable]
  int i = 1;
      ^
make: *** [src/main.o] Error 1
14:35:04 **** Auto Build of configuration Debug for project UserTread ****
make pre-build main-build 
a9-linaro-pre-build-step
' '
'Building file: ../src/main.cpp'
'Invoking: ARM v7 g++ compiler'
arm-none-eabi-g++ -Wall -O0 -g3 -I"C:\Users\Entvex\lab1\lab1.sdk\UserTread\src\os" -c -fmessage-length=0 -MT"src/main.o" -mcpu=cortex-a9 -mfpu=vfpv3 -mfloat-abi=hard -I../../freertos901_xilinx_bsp_0/ps7_cortexa9_0/include -MMD -MP -MF"src/main.d" -MT"src/main.o" -o "src/main.o" "../src/main.cpp"
../src/main.cpp: In function 'int main()':
../src/main.cpp:44:9: warning: unused variable 'res' [-Wunused-variable]
  double res = equation(-10,-10);
         ^~~
../src/main.cpp:46:6: warning: unused variable 'd' [-Wunused-variable]
  int d = 1; //Number of partrices
      ^
../src/main.cpp:48:6: warning: unused variable 'ax' [-Wunused-variable]
  int ax = 10; // used to generate random position
      ^~
../src/main.cpp:49:6: warning: unused variable 'av' [-Wunused-variable]
  int av = 1; // used to generate random velocities
      ^~
../src/main.cpp:50:9: warning: unused variable 'w' [-Wunused-variable]
  double w = 0.8; // Inertial constant
         ^
../src/main.cpp:51:9: warning: unused variable 'c1' [-Wunused-variable]
  double c1 = 1.95; // Cognitive component - more spread
         ^~
../src/main.cpp:53:9: warning: unused variable 'c2' [-Wunused-variable]
  double c2 = 1.98; // Social component global best position
         ^~
../src/main.cpp:54:6: warning: unused variable 'N' [-Wunused-variable]
  int N = 60; // Number of iterations
      ^
'Finished building: ../src/main.cpp'
' '
'Building target: UserTread.elf'
'Invoking: ARM v7 g++ linker'
arm-none-eabi-g++ -mcpu=cortex-a9 -mfpu=vfpv3 -mfloat-abi=hard -Wl,-build-id=none -specs=Xilinx.spec -Wl,-T -Wl,../src/lscript.ld -L../../freertos901_xilinx_bsp_0/ps7_cortexa9_0/lib -o "UserTread.elf"  ./src/os/Mutex.o ./src/os/Semaphore.o ./src/os/Thread.o  ./src/main.o   -Wl,--start-group,-lxil,-lfreertos,-lgcc,-lc,-lstdc++,--end-group
'Finished building target: UserTread.elf'
' '
'Invoking: ARM v7 Print Size'
arm-none-eabi-size UserTread.elf  |tee "UserTread.elf.size"
   text	   data	    bss	    dec	    hex	filename
 742622	   4420	  94016	 841058	  cd562	UserTread.elf
'Finished building: UserTread.elf.size'
' '
14:35:19 **** Auto Build of configuration Debug for project UserTread ****
make pre-build main-build 
a9-linaro-pre-build-step
' '
'Building file: ../src/main.cpp'
'Invoking: ARM v7 g++ compiler'
arm-none-eabi-g++ -Wall -O0 -g3 -I"C:\Users\Entvex\lab1\lab1.sdk\UserTread\src\os" -c -fmessage-length=0 -MT"src/main.o" -mcpu=cortex-a9 -mfpu=vfpv3 -mfloat-abi=hard -I../../freertos901_xilinx_bsp_0/ps7_cortexa9_0/include -MMD -MP -MF"src/main.d" -MT"src/main.o" -o "src/main.o" "../src/main.cpp"
../src/main.cpp: In function 'int main()':
../src/main.cpp:44:9: warning: unused variable 'res' [-Wunused-variable]
  double res = equation(-10,-10);
         ^~~
../src/main.cpp:46:6: warning: unused variable 'd' [-Wunused-variable]
  int d = 1; //Number of partrices
      ^
../src/main.cpp:48:6: warning: unused variable 'ax' [-Wunused-variable]
  int ax = 10; // used to generate random position
      ^~
../src/main.cpp:49:6: warning: unused variable 'av' [-Wunused-variable]
  int av = 1; // used to generate random velocities
      ^~
../src/main.cpp:50:9: warning: unused variable 'w' [-Wunused-variable]
  double w = 0.8; // Inertial constant
         ^
../src/main.cpp:51:9: warning: unused variable 'c1' [-Wunused-variable]
  double c1 = 1.95; // Cognitive component - more spread
         ^~
../src/main.cpp:53:9: warning: unused variable 'c2' [-Wunused-variable]
  double c2 = 1.98; // Social component global best position
         ^~
../src/main.cpp:54:6: warning: unused variable 'N' [-Wunused-variable]
  int N = 60; // Number of iterations
      ^
'Finished building: ../src/main.cpp'
' '
'Building target: UserTread.elf'
'Invoking: ARM v7 g++ linker'
arm-none-eabi-g++ -mcpu=cortex-a9 -mfpu=vfpv3 -mfloat-abi=hard -Wl,-build-id=none -specs=Xilinx.spec -Wl,-T -Wl,../src/lscript.ld -L../../freertos901_xilinx_bsp_0/ps7_cortexa9_0/lib -o "UserTread.elf"  ./src/os/Mutex.o ./src/os/Semaphore.o ./src/os/Thread.o  ./src/main.o   -Wl,--start-group,-lxil,-lfreertos,-lgcc,-lc,-lstdc++,--end-group
'Finished building target: UserTread.elf'
' '
'Invoking: ARM v7 Print Size'
arm-none-eabi-size UserTread.elf  |tee "UserTread.elf.size"
   text	   data	    bss	    dec	    hex	filename
 742622	   4420	  94016	 841058	  cd562	UserTread.elf
'Finished building: UserTread.elf.size'
' '
14:37:10 **** Auto Build of configuration Debug for project UserTread ****
make pre-build main-build 
a9-linaro-pre-build-step
' '
'Building file: ../src/main.cpp'
'Invoking: ARM v7 g++ compiler'
arm-none-eabi-g++ -Wall -O0 -g3 -I"C:\Users\Entvex\lab1\lab1.sdk\UserTread\src\os" -c -fmessage-length=0 -MT"src/main.o" -mcpu=cortex-a9 -mfpu=vfpv3 -mfloat-abi=hard -I../../freertos901_xilinx_bsp_0/ps7_cortexa9_0/include -MMD -MP -MF"src/main.d" -MT"src/main.o" -o "src/main.o" "../src/main.cpp"
../src/main.cpp: In function 'int main()':
../src/main.cpp:44:9: warning: unused variable 'res' [-Wunused-variable]
  double res = equation(-10,-10);
         ^~~
../src/main.cpp:46:6: warning: unused variable 'd' [-Wunused-variable]
  int d = 1; //Number of partrices
      ^
../src/main.cpp:48:6: warning: unused variable 'ax' [-Wunused-variable]
  int ax = 10; // used to generate random position
      ^~
../src/main.cpp:49:6: warning: unused variable 'av' [-Wunused-variable]
  int av = 1; // used to generate random velocities
      ^~
../src/main.cpp:50:9: warning: unused variable 'w' [-Wunused-variable]
  double w = 0.8; // Inertial constant
         ^
../src/main.cpp:51:9: warning: unused variable 'c1' [-Wunused-variable]
  double c1 = 1.95; // Cognitive component - more spread
         ^~
../src/main.cpp:53:9: warning: unused variable 'c2' [-Wunused-variable]
  double c2 = 1.98; // Social component global best position
         ^~
../src/main.cpp:54:6: warning: unused variable 'N' [-Wunused-variable]
  int N = 60; // Number of iterations
      ^
'Finished building: ../src/main.cpp'
' '
'Building target: UserTread.elf'
'Invoking: ARM v7 g++ linker'
arm-none-eabi-g++ -mcpu=cortex-a9 -mfpu=vfpv3 -mfloat-abi=hard -Wl,-build-id=none -specs=Xilinx.spec -Wl,-T -Wl,../src/lscript.ld -L../../freertos901_xilinx_bsp_0/ps7_cortexa9_0/lib -o "UserTread.elf"  ./src/os/Mutex.o ./src/os/Semaphore.o ./src/os/Thread.o  ./src/main.o   -Wl,--start-group,-lxil,-lfreertos,-lgcc,-lc,-lstdc++,--end-group
'Finished building target: UserTread.elf'
' '
'Invoking: ARM v7 Print Size'
arm-none-eabi-size UserTread.elf  |tee "UserTread.elf.size"
   text	   data	    bss	    dec	    hex	filename
 742622	   4420	  94016	 841058	  cd562	UserTread.elf
'Finished building: UserTread.elf.size'
' '
14:39:51 **** Auto Build of configuration Debug for project UserTread ****
make pre-build main-build 
a9-linaro-pre-build-step
' '
'Building file: ../src/main.cpp'
'Invoking: ARM v7 g++ compiler'
arm-none-eabi-g++ -Wall -O0 -g3 -I"C:\Users\Entvex\lab1\lab1.sdk\UserTread\src\os" -c -fmessage-length=0 -MT"src/main.o" -mcpu=cortex-a9 -mfpu=vfpv3 -mfloat-abi=hard -I../../freertos901_xilinx_bsp_0/ps7_cortexa9_0/include -MMD -MP -MF"src/main.d" -MT"src/main.o" -o "src/main.o" "../src/main.cpp"
../src/main.cpp: In function 'int main()':
../src/main.cpp:54:3: error: 'x1_pos' was not declared in this scope
   x1_pos = random_position(0,ax);
   ^~~~~~
../src/main.cpp:55:3: error: 'x1_vel' was not declared in this scope
   x1_vel = random_velocity(0);
   ^~~~~~
../src/main.cpp:57:3: error: 'x2_pos' was not declared in this scope
   x2_pos = random_position(av);
   ^~~~~~
../src/main.cpp:57:30: error: too few arguments to function 'double random_position(double, double)'
   x2_pos = random_position(av);
                              ^
../src/main.cpp:19:9: note: declared here
  double random_position(double xi,double a){
         ^~~~~~~~~~~~~~~
../src/main.cpp:58:3: error: 'x2_vel' was not declared in this scope
   x2_vel = random_velocity(av);
   ^~~~~~
../src/main.cpp:44:6: warning: unused variable 'd' [-Wunused-variable]
  int d = 1; //Number of partrices
      ^
../src/main.cpp:48:9: warning: unused variable 'w' [-Wunused-variable]
  double w = 0.8; // Inertial constant
         ^
../src/main.cpp:49:9: warning: unused variable 'c1' [-Wunused-variable]
  double c1 = 1.95; // Cognitive component - more spread
         ^~
../src/main.cpp:51:9: warning: unused variable 'c2' [-Wunused-variable]
  double c2 = 1.98; // Social component global best position
         ^~
../src/main.cpp:52:6: warning: unused variable 'N' [-Wunused-variable]
  int N = 60; // Number of iterations
      ^
make: *** [src/main.o] Error 1
14:40:02 **** Auto Build of configuration Debug for project UserTread ****
make pre-build main-build 
a9-linaro-pre-build-step
' '
'Building file: ../src/main.cpp'
'Invoking: ARM v7 g++ compiler'
arm-none-eabi-g++ -Wall -O0 -g3 -I"C:\Users\Entvex\lab1\lab1.sdk\UserTread\src\os" -c -fmessage-length=0 -MT"src/main.o" -mcpu=cortex-a9 -mfpu=vfpv3 -mfloat-abi=hard -I../../freertos901_xilinx_bsp_0/ps7_cortexa9_0/include -MMD -MP -MF"src/main.d" -MT"src/main.o" -o "src/main.o" "../src/main.cpp"
../src/main.cpp: In function 'int main()':
../src/main.cpp:54:3: error: 'x1_pos' was not declared in this scope
   x1_pos = random_position(0,ax);
   ^~~~~~
../src/main.cpp:55:3: error: 'x1_vel' was not declared in this scope
   x1_vel = random_velocity(av);
   ^~~~~~
../src/main.cpp:57:3: error: 'x2_pos' was not declared in this scope
   x2_pos = random_position(0,ax);
   ^~~~~~
../src/main.cpp:58:3: error: 'x2_vel' was not declared in this scope
   x2_vel = random_velocity(av);
   ^~~~~~
../src/main.cpp:44:6: warning: unused variable 'd' [-Wunused-variable]
  int d = 1; //Number of partrices
      ^
../src/main.cpp:48:9: warning: unused variable 'w' [-Wunused-variable]
  double w = 0.8; // Inertial constant
         ^
../src/main.cpp:49:9: warning: unused variable 'c1' [-Wunused-variable]
  double c1 = 1.95; // Cognitive component - more spread
         ^~
../src/main.cpp:51:9: warning: unused variable 'c2' [-Wunused-variable]
  double c2 = 1.98; // Social component global best position
         ^~
../src/main.cpp:52:6: warning: unused variable 'N' [-Wunused-variable]
  int N = 60; // Number of iterations
      ^
make: *** [src/main.o] Error 1
14:40:24 **** Auto Build of configuration Debug for project UserTread ****
make pre-build main-build 
a9-linaro-pre-build-step
' '
'Building file: ../src/main.cpp'
'Invoking: ARM v7 g++ compiler'
arm-none-eabi-g++ -Wall -O0 -g3 -I"C:\Users\Entvex\lab1\lab1.sdk\UserTread\src\os" -c -fmessage-length=0 -MT"src/main.o" -mcpu=cortex-a9 -mfpu=vfpv3 -mfloat-abi=hard -I../../freertos901_xilinx_bsp_0/ps7_cortexa9_0/include -MMD -MP -MF"src/main.d" -MT"src/main.o" -o "src/main.o" "../src/main.cpp"
../src/main.cpp: In function 'int main()':
../src/main.cpp:44:6: warning: unused variable 'd' [-Wunused-variable]
  int d = 1; //Number of partrices
      ^
../src/main.cpp:48:9: warning: unused variable 'w' [-Wunused-variable]
  double w = 0.8; // Inertial constant
         ^
../src/main.cpp:49:9: warning: unused variable 'c1' [-Wunused-variable]
  double c1 = 1.95; // Cognitive component - more spread
         ^~
../src/main.cpp:51:9: warning: unused variable 'c2' [-Wunused-variable]
  double c2 = 1.98; // Social component global best position
         ^~
../src/main.cpp:52:6: warning: unused variable 'N' [-Wunused-variable]
  int N = 60; // Number of iterations
      ^
../src/main.cpp:54:9: warning: unused variable 'x1_pos' [-Wunused-variable]
  double x1_pos = random_position(0,ax);
         ^~~~~~
../src/main.cpp:55:9: warning: unused variable 'x1_vel' [-Wunused-variable]
  double x1_vel = random_velocity(av);
         ^~~~~~
../src/main.cpp:57:9: warning: unused variable 'x2_pos' [-Wunused-variable]
  double x2_pos = random_position(0,ax);
         ^~~~~~
../src/main.cpp:58:9: warning: unused variable 'x2_vel' [-Wunused-variable]
  double x2_vel = random_velocity(av);
         ^~~~~~
'Finished building: ../src/main.cpp'
' '
'Building target: UserTread.elf'
'Invoking: ARM v7 g++ linker'
arm-none-eabi-g++ -mcpu=cortex-a9 -mfpu=vfpv3 -mfloat-abi=hard -Wl,-build-id=none -specs=Xilinx.spec -Wl,-T -Wl,../src/lscript.ld -L../../freertos901_xilinx_bsp_0/ps7_cortexa9_0/lib -o "UserTread.elf"  ./src/os/Mutex.o ./src/os/Semaphore.o ./src/os/Thread.o  ./src/main.o   -Wl,--start-group,-lxil,-lfreertos,-lgcc,-lc,-lstdc++,--end-group
'Finished building target: UserTread.elf'
' '
'Invoking: ARM v7 Print Size'
arm-none-eabi-size UserTread.elf  |tee "UserTread.elf.size"
   text	   data	    bss	    dec	    hex	filename
 742686	   4420	  94016	 841122	  cd5a2	UserTread.elf
'Finished building: UserTread.elf.size'
' '
14:40:35 **** Auto Build of configuration Debug for project UserTread ****
make pre-build main-build 
a9-linaro-pre-build-step
' '
'Building file: ../src/main.cpp'
'Invoking: ARM v7 g++ compiler'
arm-none-eabi-g++ -Wall -O0 -g3 -I"C:\Users\Entvex\lab1\lab1.sdk\UserTread\src\os" -c -fmessage-length=0 -MT"src/main.o" -mcpu=cortex-a9 -mfpu=vfpv3 -mfloat-abi=hard -I../../freertos901_xilinx_bsp_0/ps7_cortexa9_0/include -MMD -MP -MF"src/main.d" -MT"src/main.o" -o "src/main.o" "../src/main.cpp"
../src/main.cpp: In function 'int main()':
../src/main.cpp:44:6: warning: unused variable 'd' [-Wunused-variable]
  int d = 1; //Number of partrices
      ^
../src/main.cpp:48:9: warning: unused variable 'w' [-Wunused-variable]
  double w = 0.8; // Inertial constant
         ^
../src/main.cpp:49:9: warning: unused variable 'c1' [-Wunused-variable]
  double c1 = 1.95; // Cognitive component - more spread
         ^~
../src/main.cpp:51:9: warning: unused variable 'c2' [-Wunused-variable]
  double c2 = 1.98; // Social component global best position
         ^~
[...]
  }
  ^
../src/main.cpp:69:10: warning: unused variable 'start_velocity' [-Wunused-variable]
   double start_velocity =
          ^~~~~~~~~~~~~~
../src/main.cpp:48:9: warning: unused variable 'w' [-Wunused-variable]
  double w = 0.8; // Inertial constant
         ^
../src/main.cpp:49:9: warning: unused variable 'c1' [-Wunused-variable]
  double c1 = 1.95; // Cognitive component - more spread
         ^~
../src/main.cpp:51:9: warning: unused variable 'c2' [-Wunused-variable]
  double c2 = 1.98; // Social component global best position
         ^~
../src/main.cpp:52:6: warning: unused variable 'N' [-Wunused-variable]
  int N = 60; // Number of iterations
      ^
make: *** [src/main.o] Error 1
14:50:05 **** Auto Build of configuration Debug for project UserTread ****
make pre-build main-build 
a9-linaro-pre-build-step
' '
'Building file: ../src/main.cpp'
'Invoking: ARM v7 g++ compiler'
arm-none-eabi-g++ -Wall -O0 -g3 -I"C:\Users\Entvex\lab1\lab1.sdk\UserTread\src\os" -c -fmessage-length=0 -MT"src/main.o" -mcpu=cortex-a9 -mfpu=vfpv3 -mfloat-abi=hard -I../../freertos901_xilinx_bsp_0/ps7_cortexa9_0/include -MMD -MP -MF"src/main.d" -MT"src/main.o" -o "src/main.o" "../src/main.cpp"
../src/main.cpp: In function 'int main()':
../src/main.cpp:70:2: error: expected primary-expression before '}' token
  }
  ^
../src/main.cpp:69:10: warning: unused variable 'start_velocity' [-Wunused-variable]
   double start_velocity =
          ^~~~~~~~~~~~~~
../src/main.cpp:48:9: warning: unused variable 'w' [-Wunused-variable]
  double w = 0.8; // Inertial constant
         ^
../src/main.cpp:49:9: warning: unused variable 'c1' [-Wunused-variable]
  double c1 = 1.95; // Cognitive component - more spread
         ^~
../src/main.cpp:51:9: warning: unused variable 'c2' [-Wunused-variable]
  double c2 = 1.98; // Social component global best position
         ^~
../src/main.cpp:52:6: warning: unused variable 'N' [-Wunused-variable]
  int N = 60; // Number of iterations
      ^
make: *** [src/main.o] Error 1
14:50:35 **** Auto Build of configuration Debug for project UserTread ****
make pre-build main-build 
a9-linaro-pre-build-step
' '
'Building file: ../src/main.cpp'
'Invoking: ARM v7 g++ compiler'
arm-none-eabi-g++ -Wall -O0 -g3 -I"C:\Users\Entvex\lab1\lab1.sdk\UserTread\src\os" -c -fmessage-length=0 -MT"src/main.o" -mcpu=cortex-a9 -mfpu=vfpv3 -mfloat-abi=hard -I../../freertos901_xilinx_bsp_0/ps7_cortexa9_0/include -MMD -MP -MF"src/main.d" -MT"src/main.o" -o "src/main.o" "../src/main.cpp"
../src/main.cpp: In function 'int main()':
../src/main.cpp:72:2: error: expected primary-expression before '}' token
  }
  ^
../src/main.cpp:71:10: warning: unused variable 'start_velocity' [-Wunused-variable]
   double start_velocity =
          ^~~~~~~~~~~~~~
../src/main.cpp:48:9: warning: unused variable 'w' [-Wunused-variable]
  double w = 0.8; // Inertial constant
         ^
../src/main.cpp:49:9: warning: unused variable 'c1' [-Wunused-variable]
  double c1 = 1.95; // Cognitive component - more spread
         ^~
../src/main.cpp:51:9: warning: unused variable 'c2' [-Wunused-variable]
  double c2 = 1.98; // Social component global best position
         ^~
../src/main.cpp:52:6: warning: unused variable 'N' [-Wunused-variable]
  int N = 60; // Number of iterations
      ^
../src/main.cpp:62:9: warning: unused variable 'fk' [-Wunused-variable]
  double fk[d];
         ^~
make: *** [src/main.o] Error 1
14:52:09 **** Auto Build of configuration Debug for project UserTread ****
make pre-build main-build 
a9-linaro-pre-build-step
' '
'Building file: ../src/main.cpp'
'Invoking: ARM v7 g++ compiler'
arm-none-eabi-g++ -Wall -O0 -g3 -I"C:\Users\Entvex\lab1\lab1.sdk\UserTread\src\os" -c -fmessage-length=0 -MT"src/main.o" -mcpu=cortex-a9 -mfpu=vfpv3 -mfloat-abi=hard -I../../freertos901_xilinx_bsp_0/ps7_cortexa9_0/include -MMD -MP -MF"src/main.d" -MT"src/main.o" -o "src/main.o" "../src/main.cpp"
../src/main.cpp: In function 'int main()':
../src/main.cpp:48:9: warning: unused variable 'w' [-Wunused-variable]
  double w = 0.8; // Inertial constant
         ^
../src/main.cpp:49:9: warning: unused variable 'c1' [-Wunused-variable]
  double c1 = 1.95; // Cognitive component - more spread
         ^~
../src/main.cpp:51:9: warning: unused variable 'c2' [-Wunused-variable]
  double c2 = 1.98; // Social component global best position
         ^~
../src/main.cpp:52:6: warning: unused variable 'N' [-Wunused-variable]
  int N = 60; // Number of iterations
      ^
../src/main.cpp:56:9: warning: variable 'x1_pos' set but not used [-Wunused-but-set-variable]
  double x1_pos[d];
         ^~~~~~
../src/main.cpp:57:9: warning: variable 'x2_pos' set but not used [-Wunused-but-set-variable]
  double x2_pos[d];
         ^~~~~~
../src/main.cpp:62:9: warning: unused variable 'fk' [-Wunused-variable]
  double fk[d];
         ^~
../src/main.cpp:63:9: warning: variable 'pk' set but not used [-Wunused-but-set-variable]
  double pk[d][2];
         ^~
'Finished building: ../src/main.cpp'
' '
'Building target: UserTread.elf'
'Invoking: ARM v7 g++ linker'
arm-none-eabi-g++ -mcpu=cortex-a9 -mfpu=vfpv3 -mfloat-abi=hard -Wl,-build-id=none -specs=Xilinx.spec -Wl,-T -Wl,../src/lscript.ld -L../../freertos901_xilinx_bsp_0/ps7_cortexa9_0/lib -o "UserTread.elf"  ./src/os/Mutex.o ./src/os/Semaphore.o ./src/os/Thread.o  ./src/main.o   -Wl,--start-group,-lxil,-lfreertos,-lgcc,-lc,-lstdc++,--end-group
'Finished building target: UserTread.elf'
' '
'Invoking: ARM v7 Print Size'
arm-none-eabi-size UserTread.elf  |tee "UserTread.elf.size"
   text	   data	    bss	    dec	    hex	filename
 743774	   4420	  94016	 842210	  cd9e2	UserTread.elf
'Finished building: UserTread.elf.size'
' '
14:55:03 **** Auto Build of configuration Debug for project UserTread ****
make pre-build main-build 
a9-linaro-pre-build-step
' '
'Building file: ../src/main.cpp'
'Invoking: ARM v7 g++ compiler'
arm-none-eabi-g++ -Wall -O0 -g3 -I"C:\Users\Entvex\lab1\lab1.sdk\UserTread\src\os" -c -fmessage-length=0 -MT"src/main.o" -mcpu=cortex-a9 -mfpu=vfpv3 -mfloat-abi=hard -I../../freertos901_xilinx_bsp_0/ps7_cortexa9_0/include -MMD -MP -MF"src/main.d" -MT"src/main.o" -o "src/main.o" "../src/main.cpp"
../src/main.cpp: In function 'int main()':
../src/main.cpp:69:16: error: 'x1_vel' was not declared in this scope
   pk[var][0] = x1_vel[var];
                ^~~~~~
../src/main.cpp:70:16: error: 'x2_vel' was not declared in this scope
   pk[var][1] = x2_vel[var];
                ^~~~~~
../src/main.cpp:48:9: warning: unused variable 'w' [-Wunused-variable]
  double w = 0.8; // Inertial constant
         ^
../src/main.cpp:49:9: warning: unused variable 'c1' [-Wunused-variable]
  double c1 = 1.95; // Cognitive component - more spread
         ^~
../src/main.cpp:51:9: warning: unused variable 'c2' [-Wunused-variable]
  double c2 = 1.98; // Social component global best position
         ^~
../src/main.cpp:52:6: warning: unused variable 'N' [-Wunused-variable]
  int N = 60; // Number of iterations
      ^
../src/main.cpp:59:9: warning: unused variable 'fk' [-Wunused-variable]
  double fk[d];  // Function values
         ^~
make: *** [src/main.o] Error 1
14:55:23 **** Auto Build of configuration Debug for project UserTread ****
make pre-build main-build 
a9-linaro-pre-build-step
' '
'Building file: ../src/main.cpp'
'Invoking: ARM v7 g++ compiler'
arm-none-eabi-g++ -Wall -O0 -g3 -I"C:\Users\Entvex\lab1\lab1.sdk\UserTread\src\os" -c -fmessage-length=0 -MT"src/main.o" -mcpu=cortex-a9 -mfpu=vfpv3 -mfloat-abi=hard -I../../freertos901_xilinx_bsp_0/ps7_cortexa9_0/include -MMD -MP -MF"src/main.d" -MT"src/main.o" -o "src/main.o" "../src/main.cpp"
../src/main.cpp: In function 'int main()':
../src/main.cpp:48:9: warning: unused variable 'w' [-Wunused-variable]
  double w = 0.8; // Inertial constant
         ^
../src/main.cpp:49:9: warning: unused variable 'c1' [-Wunused-variable]
  double c1 = 1.95; // Cognitive component - more spread
         ^~
../src/main.cpp:51:9: warning: unused variable 'c2' [-Wunused-variable]
  double c2 = 1.98; // Social component global best position
         ^~
../src/main.cpp:52:6: warning: unused variable 'N' [-Wunused-variable]
  int N = 60; // Number of iterations
      ^
../src/main.cpp:56:9: warning: variable 'x_pos' set but not used [-Wunused-but-set-variable]
  double x_pos[d][2]; // x Positions
         ^~~~~
../src/main.cpp:59:9: warning: unused variable 'fk' [-Wunused-variable]
  double fk[d];  // Function values
         ^~
../src/main.cpp:60:9: warning: variable 'pk' set but not used [-Wunused-but-set-variable]
  double pk[d][2]; // Start position
         ^~
'Finished building: ../src/main.cpp'
' '
'Building target: UserTread.elf'
'Invoking: ARM v7 g++ linker'
arm-none-eabi-g++ -mcpu=cortex-a9 -mfpu=vfpv3 -mfloat-abi=hard -Wl,-build-id=none -specs=Xilinx.spec -Wl,-T -Wl,../src/lscript.ld -L../../freertos901_xilinx_bsp_0/ps7_cortexa9_0/lib -o "UserTread.elf"  ./src/os/Mutex.o ./src/os/Semaphore.o ./src/os/Thread.o  ./src/main.o   -Wl,--start-group,-lxil,-lfreertos,-lgcc,-lc,-lstdc++,--end-group
'Finished building target: UserTread.elf'
' '
'Invoking: ARM v7 Print Size'
arm-none-eabi-size UserTread.elf  |tee "UserTread.elf.size"
   text	   data	    bss	    dec	    hex	filename
 743454	   4420	  94016	 841890	  cd8a2	UserTread.elf
'Finished building: UserTread.elf.size'
' '
14:56:40 **** Auto Build of configuration Debug for project UserTread ****
make pre-build main-build 
a9-linaro-pre-build-step
' '
'Building file: ../src/main.cpp'
'Invoking: ARM v7 g++ compiler'
arm-none-eabi-g++ -Wall -O0 -g3 -I"C:\Users\Entvex\lab1\lab1.sdk\UserTread\src\os" -c -fmessage-length=0 -MT"src/main.o" -mcpu=cortex-a9 -mfpu=vfpv3 -mfloat-abi=hard -I../../freertos901_xilinx_bsp_0/ps7_cortexa9_0/include -MMD -MP -MF"src/main.d" -MT"src/main.o" -o "src/main.o" "../src/main.cpp"
../src/main.cpp: In function 'int main()':
../src/main.cpp:72:12: error: invalid types 'double[int]' for array subscript
   fk[var][0] = equation(x_pos[var][0], x_pos[var][1]);
            ^
../src/main.cpp:48:9: warning: unused variable 'w' [-Wunused-variable]
  double w = 0.8; // Inertial constant
         ^
../src/main.cpp:49:9: warning: unused variable 'c1' [-Wunused-variable]
  double c1 = 1.95; // Cognitive component - more spread
         ^~
../src/main.cpp:51:9: warning: unused variable 'c2' [-Wunused-variable]
  double c2 = 1.98; // Social component global best position
         ^~
../src/main.cpp:52:6: warning: unused variable 'N' [-Wunused-variable]
  int N = 60; // Number of iterations
      ^
make: *** [src/main.o] Error 1
14:56:52 **** Auto Build of configuration Debug for project UserTread ****
make pre-build main-build 
a9-linaro-pre-build-step
' '
'Building file: ../src/main.cpp'
'Invoking: ARM v7 g++ compiler'
arm-none-eabi-g++ -Wall -O0 -g3 -I"C:\Users\Entvex\lab1\lab1.sdk\UserTread\src\os" -c -fmessage-length=0 -MT"src/main.o" -mcpu=cortex-a9 -mfpu=vfpv3 -mfloat-abi=hard -I../../freertos901_xilinx_bsp_0/ps7_cortexa9_0/include -MMD -MP -MF"src/main.d" -MT"src/main.o" -o "src/main.o" "../src/main.cpp"
../src/main.cpp: In function 'int main()':
../src/main.cpp:48:9: warning: unused variable 'w' [-Wunused-variable]
  double w = 0.8; // Inertial constant
         ^
../src/main.cpp:49:9: warning: unused variable 'c1' [-Wunused-variable]
  double c1 = 1.95; // Cognitive component - more spread
         ^~
../src/main.cpp:51:9: warning: unused variable 'c2' [-Wunused-variable]
  double c2 = 1.98; // Social component global best position
         ^~
../src/main.cpp:52:6: warning: unused variable 'N' [-Wunused-variable]
  int N = 60; // Number of iterations
      ^
../src/main.cpp:59:9: warning: variable 'fk' set but not used [-Wunused-but-set-variable]
  double fk[d];  // Function values
         ^~
../src/main.cpp:60:9: warning: variable 'pk' set but not used [-Wunused-but-set-variable]
  double pk[d][2]; // Start position
         ^~
'Finished building: ../src/main.cpp'
' '
'Building target: UserTread.elf'
'Invoking: ARM v7 g++ linker'
arm-none-eabi-g++ -mcpu=cortex-a9 -mfpu=vfpv3 -mfloat-abi=hard -Wl,-build-id=none -specs=Xilinx.spec -Wl,-T -Wl,../src/lscript.ld -L../../freertos901_xilinx_bsp_0/ps7_cortexa9_0/lib -o "UserTread.elf"  ./src/os/Mutex.o ./src/os/Semaphore.o ./src/os/Thread.o  ./src/main.o   -Wl,--start-group,-lxil,-lfreertos,-lgcc,-lc,-lstdc++,--end-group
'Finished building target: UserTread.elf'
' '
'Invoking: ARM v7 Print Size'
arm-none-eabi-size UserTread.elf  |tee "UserTread.elf.size"
   text	   data	    bss	    dec	    hex	filename
 743582	   4420	  94016	 842018	  cd922	UserTread.elf
'Finished building: UserTread.elf.size'
' '
14:59:29 **** Auto Build of configuration Debug for project UserTread ****
make pre-build main-build 
a9-linaro-pre-build-step
' '
'Building file: ../src/main.cpp'
'Invoking: ARM v7 g++ compiler'
arm-none-eabi-g++ -Wall -O0 -g3 -I"C:\Users\Entvex\lab1\lab1.sdk\UserTread\src\os" -c -fmessage-length=0 -MT"src/main.o" -mcpu=cortex-a9 -mfpu=vfpv3 -mfloat-abi=hard -I../../freertos901_xilinx_bsp_0/ps7_cortexa9_0/include -MMD -MP -MF"src/main.d" -MT"src/main.o" -o "src/main.o" "../src/main.cpp"
../src/main.cpp: In function 'int main()':
../src/main.cpp:48:9: warning: unused variable 'w' [-Wunused-variable]
  double w = 0.8; // Inertial constant
         ^
../src/main.cpp:49:9: warning: unused variable 'c1' [-Wunused-variable]
  double c1 = 1.95; // Cognitive component - more spread
         ^~
../src/main.cpp:51:9: warning: unused variable 'c2' [-Wunused-variable]
  double c2 = 1.98; // Social component global best position
         ^~
../src/main.cpp:52:6: warning: unused variable 'N' [-Wunused-variable]
  int N = 60; // Number of iterations
      ^
../src/main.cpp:59:9: warning: variable 'fk' set but not used [-Wunused-but-set-variable]
  double fk[d];  // Function value for each particle
         ^~
../src/main.cpp:60:9: warning: variable 'pk' set but not used [-Wunused-but-set-variable]
  double pk[d][2]; // Best position for each particle
         ^~
'Finished building: ../src/main.cpp'
' '
'Building target: UserTread.elf'
'Invoking: ARM v7 g++ linker'
arm-none-eabi-g++ -mcpu=cortex-a9 -mfpu=vfpv3 -mfloat-abi=hard -Wl,-build-id=none -specs=Xilinx.spec -Wl,-T -Wl,../src/lscript.ld -L../../freertos901_xilinx_bsp_0/ps7_cortexa9_0/lib -o "UserTread.elf"  ./src/os/Mutex.o ./src/os/Semaphore.o ./src/os/Thread.o  ./src/main.o   -Wl,--start-group,-lxil,-lfreertos,-lgcc,-lc,-lstdc++,--end-group
'Finished building target: UserTread.elf'
' '
'Invoking: ARM v7 Print Size'
arm-none-eabi-size UserTread.elf  |tee "UserTread.elf.size"
   text	   data	    bss	    dec	    hex	filename
 743582	   4420	  94016	 842018	  cd922	UserTread.elf
'Finished building: UserTread.elf.size'
' '
15:01:34 **** Auto Build of configuration Debug for project UserTread ****
make pre-build main-build 
a9-linaro-pre-build-step
' '
'Building file: ../src/main.cpp'
'Invoking: ARM v7 g++ compiler'
arm-none-eabi-g++ -Wall -O0 -g3 -I"C:\Users\Entvex\lab1\lab1.sdk\UserTread\src\os" -c -fmessage-length=0 -MT"src/main.o" -mcpu=cortex-a9 -mfpu=vfpv3 -mfloat-abi=hard -I../../freertos901_xilinx_bsp_0/ps7_cortexa9_0/include -MMD -MP -MF"src/main.d" -MT"src/main.o" -o "src/main.o" "../src/main.cpp"
../src/main.cpp: In function 'int main()':
../src/main.cpp:48:9: warning: unused variable 'w' [-Wunused-variable]
  double w = 0.8; // Inertial constant
         ^
../src/main.cpp:49:9: warning: unused variable 'c1' [-Wunused-variable]
  double c1 = 1.95; // Cognitive component - more spread
         ^~
../src/main.cpp:51:9: warning: unused variable 'c2' [-Wunused-variable]
  double c2 = 1.98; // Social component global best position
         ^~
../src/main.cpp:52:6: warning: unused variable 'N' [-Wunused-variable]
  int N = 60; // Number of iterations
      ^
../src/main.cpp:59:9: warning: variable 'fk' set but not used [-Wunused-but-set-variable]
  double fk[d];  // Function value for each particle
         ^~
../src/main.cpp:60:9: warning: variable 'pk' set but not used [-Wunused-but-set-variable]
  double pk[d][2]; // Best position for each particle
         ^~
../src/main.cpp:62:9: warning: unused variable 'g' [-Wunused-variable]
  double g[2];  // Best position of all particles
         ^
'Finished building: ../src/main.cpp'
' '
'Building target: UserTread.elf'
'Invoking: ARM v7 g++ linker'
arm-none-eabi-g++ -mcpu=cortex-a9 -mfpu=vfpv3 -mfloat-abi=hard -Wl,-build-id=none -specs=Xilinx.spec -Wl,-T -Wl,../src/lscript.ld -L../../freertos901_xilinx_bsp_0/ps7_cortexa9_0/lib -o "UserTread.elf"  ./src/os/Mutex.o ./src/os/Semaphore.o ./src/os/Thread.o  ./src/main.o   -Wl,--start-group,-lxil,-lfreertos,-lgcc,-lc,-lstdc++,--end-group
'Finished building target: UserTread.elf'
' '
'Invoking: ARM v7 Print Size'
arm-none-eabi-size UserTread.elf  |tee "UserTread.elf.size"
   text	   data	    bss	    dec	    hex	filename
 743582	   4420	  94016	 842018	  cd922	UserTread.elf
'Finished building: UserTread.elf.size'
' '
15:02:14 **** Incremental Build of configuration Debug for project UserTread ****
make pre-build main-build 
a9-linaro-pre-build-step
' '
make: Nothing to be done for `main-build'.
15:02:15 **** Incremental Build of configuration Debug for project lab1 ****
make pre-build main-build 
a9-linaro-pre-build-step
' '
make: Nothing to be done for `main-build'.
15:06:40 **** Auto Build of configuration Debug for project UserTread ****
make pre-build main-build 
a9-linaro-pre-build-step
' '
'Building file: ../src/main.cpp'
'Invoking: ARM v7 g++ compiler'
arm-none-eabi-g++ -Wall -O0 -g3 -I"C:\Users\Entvex\lab1\lab1.sdk\UserTread\src\os" -c -fmessage-length=0 -MT"src/main.o" -mcpu=cortex-a9 -mfpu=vfpv3 -mfloat-abi=hard -I../../freertos901_xilinx_bsp_0/ps7_cortexa9_0/include -MMD -MP -MF"src/main.d" -MT"src/main.o" -o "src/main.o" "../src/main.cpp"
../src/main.cpp: In function 'int main()':
../src/main.cpp:77:7: error: 'gk' was not declared in this scope
   if (gk == 0 || fk[var] < gk){
       ^~
../src/main.cpp:48:9: warning: unused variable 'w' [-Wunused-variable]
  double w = 0.8; // Inertial constant
         ^
../src/main.cpp:49:9: warning: unused variable 'c1' [-Wunused-variable]
  double c1 = 1.95; // Cognitive component - more spread
         ^~
../src/main.cpp:51:9: warning: unused variable 'c2' [-Wunused-variable]
  double c2 = 1.98; // Social component global best position
         ^~
../src/main.cpp:52:6: warning: unused variable 'N' [-Wunused-variable]
  int N = 60; // Number of iterations
      ^
../src/main.cpp:63:9: warning: unused variable 'fgk' [-Wunused-variable]
  double fgk = 0;  // Value of best position
         ^~~
make: *** [src/main.o] Error 1
15:06:56 **** Auto Build of configuration Debug for project UserTread ****
make pre-build main-build 
a9-linaro-pre-build-step
' '
'Building file: ../src/main.cpp'
'Invoking: ARM v7 g++ compiler'
arm-none-eabi-g++ -Wall -O0 -g3 -I"C:\Users\Entvex\lab1\lab1.sdk\UserTread\src\os" -c -fmessage-length=0 -MT"src/main.o" -mcpu=cortex-a9 -mfpu=vfpv3 -mfloat-abi=hard -I../../freertos901_xilinx_bsp_0/ps7_cortexa9_0/include -MMD -MP -MF"src/main.d" -MT"src/main.o" -o "src/main.o" "../src/main.cpp"
../src/main.cpp: In function 'int main()':
../src/main.cpp:77:7: error: 'gk' was not declared in this scope
   if (gk == 0 || fk[var] < gk){
       ^~
../src/main.cpp:48:9: warning: unused variable 'w' [-Wunused-variable]
  double w = 0.8; // Inertial constant
         ^
../src/main.cpp:49:9: warning: unused variable 'c1' [-Wunused-variable]
  double c1 = 1.95; // Cognitive component - more spread
         ^~
../src/main.cpp:51:9: warning: unused variable 'c2' [-Wunused-variable]
  double c2 = 1.98; // Social component global best position
         ^~
../src/main.cpp:52:6: warning: unused variable 'N' [-Wunused-variable]
  int N = 60; // Number of iterations
      ^
../src/main.cpp:63:9: warning: unused variable 'fgk' [-Wunused-variable]
  double fgk = 0;  // Value of best position
         ^~~
make: *** [src/main.o] Error 1
