11:45:07 **** Build of project standalone_bsp_0 ****
make -k all 
"Running Make include in ps7_cortexa9_0/libsrc/coresightps_dcc_v1_4/src"
make -C ps7_cortexa9_0/libsrc/coresightps_dcc_v1_4/src -s include  "SHELL=CMD" "COMPILER=arm-none-eabi-gcc" "ARCHIVER=arm-none-eabi-ar" "COMPILER_FLAGS=  -O2 -c" "EXTRA_COMPILER_FLAGS=-mcpu=cortex-a9 -mfpu=vfpv3 -mfloat-abi=hard -nostartfiles -Wall -Wextra"
"Running Make include in ps7_cortexa9_0/libsrc/cpu_cortexa9_v2_4/src"
make -C ps7_cortexa9_0/libsrc/cpu_cortexa9_v2_4/src -s include  "SHELL=CMD" "COMPILER=arm-none-eabi-gcc" "ARCHIVER=arm-none-eabi-ar" "COMPILER_FLAGS=  -O2 -c" "EXTRA_COMPILER_FLAGS=-mcpu=cortex-a9 -mfpu=vfpv3 -mfloat-abi=hard -nostartfiles -Wall -Wextra"
"Running Make include in ps7_cortexa9_0/libsrc/ddrps_v1_0/src"
make -C ps7_cortexa9_0/libsrc/ddrps_v1_0/src -s include  "SHELL=CMD" "COMPILER=arm-none-eabi-gcc" "ARCHIVER=arm-none-eabi-ar" "COMPILER_FLAGS=  -O2 -c" "EXTRA_COMPILER_FLAGS=-mcpu=cortex-a9 -mfpu=vfpv3 -mfloat-abi=hard -nostartfiles -Wall -Wextra"
"Running Make include in ps7_cortexa9_0/libsrc/devcfg_v3_4/src"
make -C ps7_cortexa9_0/libsrc/devcfg_v3_4/src -s include  "SHELL=CMD" "COMPILER=arm-none-eabi-gcc" "ARCHIVER=arm-none-eabi-ar" "COMPILER_FLAGS=  -O2 -c" "EXTRA_COMPILER_FLAGS=-mcpu=cortex-a9 -mfpu=vfpv3 -mfloat-abi=hard -nostartfiles -Wall -Wextra"
"Running Make include in ps7_cortexa9_0/libsrc/dmaps_v2_3/src"
make -C ps7_cortexa9_0/libsrc/dmaps_v2_3/src -s include  "SHELL=CMD" "COMPILER=arm-none-eabi-gcc" "ARCHIVER=arm-none-eabi-ar" "COMPILER_FLAGS=  -O2 -c" "EXTRA_COMPILER_FLAGS=-mcpu=cortex-a9 -mfpu=vfpv3 -mfloat-abi=hard -nostartfiles -Wall -Wextra"
"Running Make include in ps7_cortexa9_0/libsrc/gpio_v4_3/src"
make -C ps7_cortexa9_0/libsrc/gpio_v4_3/src -s include  "SHELL=CMD" "COMPILER=arm-none-eabi-gcc" "ARCHIVER=arm-none-eabi-ar" "COMPILER_FLAGS=  -O2 -c" "EXTRA_COMPILER_FLAGS=-mcpu=cortex-a9 -mfpu=vfpv3 -mfloat-abi=hard -nostartfiles -Wall -Wextra"
"Running Make include in ps7_cortexa9_0/libsrc/qspips_v3_3/src"
make -C ps7_cortexa9_0/libsrc/qspips_v3_3/src -s include  "SHELL=CMD" "COMPILER=arm-none-eabi-gcc" "ARCHIVER=arm-none-eabi-ar" "COMPILER_FLAGS=  -O2 -c" "EXTRA_COMPILER_FLAGS=-mcpu=cortex-a9 -mfpu=vfpv3 -mfloat-abi=hard -nostartfiles -Wall -Wextra"
"Running Make include in ps7_cortexa9_0/libsrc/scugic_v3_7/src"
make -C ps7_cortexa9_0/libsrc/scugic_v3_7/src -s include  "SHELL=CMD" "COMPILER=arm-none-eabi-gcc" "ARCHIVER=arm-none-eabi-ar" "COMPILER_FLAGS=  -O2 -c" "EXTRA_COMPILER_FLAGS=-mcpu=cortex-a9 -mfpu=vfpv3 -mfloat-abi=hard -nostartfiles -Wall -Wextra"
"Running Make include in ps7_cortexa9_0/libsrc/scutimer_v2_1/src"
make -C ps7_cortexa9_0/libsrc/scutimer_v2_1/src -s include  "SHELL=CMD" "COMPILER=arm-none-eabi-gcc" "ARCHIVER=arm-none-eabi-ar" "COMPILER_FLAGS=  -O2 -c" "EXTRA_COMPILER_FLAGS=-mcpu=cortex-a9 -mfpu=vfpv3 -mfloat-abi=hard -nostartfiles -Wall -Wextra"
"Running Make include in ps7_cortexa9_0/libsrc/scuwdt_v2_1/src"
make -C ps7_cortexa9_0/libsrc/scuwdt_v2_1/src -s include  "SHELL=CMD" "COMPILER=arm-none-eabi-gcc" "ARCHIVER=arm-none-eabi-ar" "COMPILER_FLAGS=  -O2 -c" "EXTRA_COMPILER_FLAGS=-mcpu=cortex-a9 -mfpu=vfpv3 -mfloat-abi=hard -nostartfiles -Wall -Wextra"
"Running Make include in ps7_cortexa9_0/libsrc/standalone_v6_3/src"
make -C ps7_cortexa9_0/libsrc/standalone_v6_3/src -s include  "SHELL=CMD" "COMPILER=arm-none-eabi-gcc" "ARCHIVER=arm-none-eabi-ar" "COMPILER_FLAGS=  -O2 -c" "EXTRA_COMPILER_FLAGS=-mcpu=cortex-a9 -mfpu=vfpv3 -mfloat-abi=hard -nostartfiles -Wall -Wextra"
"Running Make include in ps7_cortexa9_0/libsrc/uartps_v3_4/src"
make -C ps7_cortexa9_0/libsrc/uartps_v3_4/src -s include  "SHELL=CMD" "COMPILER=arm-none-eabi-gcc" "ARCHIVER=arm-none-eabi-ar" "COMPILER_FLAGS=  -O2 -c" "EXTRA_COMPILER_FLAGS=-mcpu=cortex-a9 -mfpu=vfpv3 -mfloat-abi=hard -nostartfiles -Wall -Wextra"
"Running Make include in ps7_cortexa9_0/libsrc/xadcps_v2_2/src"
make -C ps7_cortexa9_0/libsrc/xadcps_v2_2/src -s include  "SHELL=CMD" "COMPILER=arm-none-eabi-gcc" "ARCHIVER=arm-none-eabi-ar" "COMPILER_FLAGS=  -O2 -c" "EXTRA_COMPILER_FLAGS=-mcpu=cortex-a9 -mfpu=vfpv3 -mfloat-abi=hard -nostartfiles -Wall -Wextra"
"Running Make libs in ps7_cortexa9_0/libsrc/coresightps_dcc_v1_4/src"
make -C ps7_cortexa9_0/libsrc/coresightps_dcc_v1_4/src -s libs  "SHELL=CMD" "COMPILER=arm-none-eabi-gcc" "ARCHIVER=arm-none-eabi-ar" "COMPILER_FLAGS=  -O2 -c" "EXTRA_COMPILER_FLAGS=-mcpu=cortex-a9 -mfpu=vfpv3 -mfloat-abi=hard -nostartfiles -Wall -Wextra"
"Compiling coresightps_dcc"
arm-none-eabi-ar: creating ../../../lib/libxil.a
"Running Make libs in ps7_cortexa9_0/libsrc/cpu_cortexa9_v2_4/src"
make -C ps7_cortexa9_0/libsrc/cpu_cortexa9_v2_4/src -s libs  "SHELL=CMD" "COMPILER=arm-none-eabi-gcc" "ARCHIVER=arm-none-eabi-ar" "COMPILER_FLAGS=  -O2 -c" "EXTRA_COMPILER_FLAGS=-mcpu=cortex-a9 -mfpu=vfpv3 -mfloat-abi=hard -nostartfiles -Wall -Wextra"
"Compiling cpu_cortexa9"
"Running Make libs in ps7_cortexa9_0/libsrc/ddrps_v1_0/src"
make -C ps7_cortexa9_0/libsrc/ddrps_v1_0/src -s libs  "SHELL=CMD" "COMPILER=arm-none-eabi-gcc" "ARCHIVER=arm-none-eabi-ar" "COMPILER_FLAGS=  -O2 -c" "EXTRA_COMPILER_FLAGS=-mcpu=cortex-a9 -mfpu=vfpv3 -mfloat-abi=hard -nostartfiles -Wall -Wextra"
"Compiling ddrps"
"Running Make libs in ps7_cortexa9_0/libsrc/devcfg_v3_4/src"
make -C ps7_cortexa9_0/libsrc/devcfg_v3_4/src -s libs  "SHELL=CMD" "COMPILER=arm-none-eabi-gcc" "ARCHIVER=arm-none-eabi-ar" "COMPILER_FLAGS=  -O2 -c" "EXTRA_COMPILER_FLAGS=-mcpu=cortex-a9 -mfpu=vfpv3 -mfloat-abi=hard -nostartfiles -Wall -Wextra"
"Compiling devcfg"
"Running Make libs in ps7_cortexa9_0/libsrc/dmaps_v2_3/src"
make -C ps7_cortexa9_0/libsrc/dmaps_v2_3/src -s libs  "SHELL=CMD" "COMPILER=arm-none-eabi-gcc" "ARCHIVER=arm-none-eabi-ar" "COMPILER_FLAGS=  -O2 -c" "EXTRA_COMPILER_FLAGS=-mcpu=cortex-a9 -mfpu=vfpv3 -mfloat-abi=hard -nostartfiles -Wall -Wextra"
"Compiling dmaps"
"Running Make libs in ps7_cortexa9_0/libsrc/gpio_v4_3/src"
make -C ps7_cortexa9_0/libsrc/gpio_v4_3/src -s libs  "SHELL=CMD" "COMPILER=arm-none-eabi-gcc" "ARCHIVER=arm-none-eabi-ar" "COMPILER_FLAGS=  -O2 -c" "EXTRA_COMPILER_FLAGS=-mcpu=cortex-a9 -mfpu=vfpv3 -mfloat-abi=hard -nostartfiles -Wall -Wextra"
"Compiling gpio"
"Running Make libs in ps7_cortexa9_0/libsrc/qspips_v3_3/src"
make -C ps7_cortexa9_0/libsrc/qspips_v3_3/src -s libs  "SHELL=CMD" "COMPILER=arm-none-eabi-gcc" "ARCHIVER=arm-none-eabi-ar" "COMPILER_FLAGS=  -O2 -c" "EXTRA_COMPILER_FLAGS=-mcpu=cortex-a9 -mfpu=vfpv3 -mfloat-abi=hard -nostartfiles -Wall -Wextra"
"Compiling qspips"
"Running Make libs in ps7_cortexa9_0/libsrc/scugic_v3_7/src"
make -C ps7_cortexa9_0/libsrc/scugic_v3_7/src -s libs  "SHELL=CMD" "COMPILER=arm-none-eabi-gcc" "ARCHIVER=arm-none-eabi-ar" "COMPILER_FLAGS=  -O2 -c" "EXTRA_COMPILER_FLAGS=-mcpu=cortex-a9 -mfpu=vfpv3 -mfloat-abi=hard -nostartfiles -Wall -Wextra"
"Compiling scugic"
xscugic_g.c:53:2: warning: missing initializer for field 'HandlerTable' of 'XScuGic_Config {aka struct <anonymous>}' [-Wmissing-field-initializers]
  }
  ^
In file included from xscugic_g.c:41:0:
xscugic.h:218:27: note: 'HandlerTable' declared here
  XScuGic_VectorTableEntry HandlerTable[XSCUGIC_MAX_NUM_INTR_INPUTS];/**<
                           ^~~~~~~~~~~~
"Running Make libs in ps7_cortexa9_0/libsrc/scutimer_v2_1/src"
make -C ps7_cortexa9_0/libsrc/scutimer_v2_1/src -s libs  "SHELL=CMD" "COMPILER=arm-none-eabi-gcc" "ARCHIVER=arm-none-eabi-ar" "COMPILER_FLAGS=  -O2 -c" "EXTRA_COMPILER_FLAGS=-mcpu=cortex-a9 -mfpu=vfpv3 -mfloat-abi=hard -nostartfiles -Wall -Wextra"
"Compiling scutimer"
"Running Make libs in ps7_cortexa9_0/libsrc/scuwdt_v2_1/src"
make -C ps7_cortexa9_0/libsrc/scuwdt_v2_1/src -s libs  "SHELL=CMD" "COMPILER=arm-none-eabi-gcc" "ARCHIVER=arm-none-eabi-ar" "COMPILER_FLAGS=  -O2 -c" "EXTRA_COMPILER_FLAGS=-mcpu=cortex-a9 -mfpu=vfpv3 -mfloat-abi=hard -nostartfiles -Wall -Wextra"
"Compiling scuwdt"
"Running Make libs in ps7_cortexa9_0/libsrc/standalone_v6_3/src"
make -C ps7_cortexa9_0/libsrc/standalone_v6_3/src -s libs  "SHELL=CMD" "COMPILER=arm-none-eabi-gcc" "ARCHIVER=arm-none-eabi-ar" "COMPILER_FLAGS=  -O2 -c" "EXTRA_COMPILER_FLAGS=-mcpu=cortex-a9 -mfpu=vfpv3 -mfloat-abi=hard -nostartfiles -Wall -Wextra"
"Compiling standalone"
"Running Make libs in ps7_cortexa9_0/libsrc/uartps_v3_4/src"
make -C ps7_cortexa9_0/libsrc/uartps_v3_4/src -s libs  "SHELL=CMD" "COMPILER=arm-none-eabi-gcc" "ARCHIVER=arm-none-eabi-ar" "COMPILER_FLAGS=  -O2 -c" "EXTRA_COMPILER_FLAGS=-mcpu=cortex-a9 -mfpu=vfpv3 -mfloat-abi=hard -nostartfiles -Wall -Wextra"
"Compiling uartps"
"Running Make libs in ps7_cortexa9_0/libsrc/xadcps_v2_2/src"
make -C ps7_cortexa9_0/libsrc/xadcps_v2_2/src -s libs  "SHELL=CMD" "COMPILER=arm-none-eabi-gcc" "ARCHIVER=arm-none-eabi-ar" "COMPILER_FLAGS=  -O2 -c" "EXTRA_COMPILER_FLAGS=-mcpu=cortex-a9 -mfpu=vfpv3 -mfloat-abi=hard -nostartfiles -Wall -Wextra"
"Compiling xadcps"
'Finished building libraries'
11:49:22 **** Build of configuration Debug for project Ctest ****
make pre-build main-build 
a9-linaro-pre-build-step
' '
'Building file: ../src/helloworld.c'
'Invoking: ARM v7 gcc compiler'
arm-none-eabi-gcc -Wall -O0 -g3 -c -fmessage-length=0 -MT"src/helloworld.o" -mcpu=cortex-a9 -mfpu=vfpv3 -mfloat-abi=hard -I../../standalone_bsp_0/ps7_cortexa9_0/include -MMD -MP -MF"src/helloworld.d" -MT"src/helloworld.o" -o "src/helloworld.o" "../src/helloworld.c"
'Finished building: ../src/helloworld.c'
' '
'Building file: ../src/platform.c'
'Invoking: ARM v7 gcc compiler'
arm-none-eabi-gcc -Wall -O0 -g3 -c -fmessage-length=0 -MT"src/platform.o" -mcpu=cortex-a9 -mfpu=vfpv3 -mfloat-abi=hard -I../../standalone_bsp_0/ps7_cortexa9_0/include -MMD -MP -MF"src/platform.d" -MT"src/platform.o" -o "src/platform.o" "../src/platform.c"
'Finished building: ../src/platform.c'
' '
'Building target: Ctest.elf'
'Invoking: ARM v7 gcc linker'
arm-none-eabi-gcc -mcpu=cortex-a9 -mfpu=vfpv3 -mfloat-abi=hard -Wl,-build-id=none -specs=Xilinx.spec -Wl,-T -Wl,../src/lscript.ld -L../../standalone_bsp_0/ps7_cortexa9_0/lib -o "Ctest.elf"  ./src/helloworld.o ./src/platform.o   -Wl,--start-group,-lxil,-lgcc,-lc,--end-group
'Finished building target: Ctest.elf'
' '
'Invoking: ARM v7 Print Size'
arm-none-eabi-size Ctest.elf  |tee "Ctest.elf.size"
   text	   data	    bss	    dec	    hex	filename
  19384	   1148	  22568	  43100	   a85c	Ctest.elf
'Finished building: Ctest.elf.size'
' '
11:50:42 **** Incremental Build of configuration Debug for project Ctest ****
make pre-build main-build 
a9-linaro-pre-build-step
' '
make: Ingenting at gøre for 'main-build'.
11:51:05 **** Incremental Build of configuration Debug for project Ctest ****
make pre-build main-build 
a9-linaro-pre-build-step
' '
make: Ingenting at gøre for 'main-build'.
11:52:15 **** Auto Build of configuration Debug for project Ctest ****
make pre-build main-build 
a9-linaro-pre-build-step
' '
'Building file: ../src/lab1.c'
'Invoking: ARM v7 gcc compiler'
arm-none-eabi-gcc -Wall -O0 -g3 -c -fmessage-length=0 -MT"src/lab1.o" -mcpu=cortex-a9 -mfpu=vfpv3 -mfloat-abi=hard -I../../standalone_bsp_0/ps7_cortexa9_0/include -MMD -MP -MF"src/lab1.d" -MT"src/lab1.o" -o "src/lab1.o" "../src/lab1.c"
../src/lab1.c:3:21: fatal error: xgpiops.h: No such file or directory
 #include "xgpiops.h"
                     ^
compilation terminated.
make: *** [src/lab1.o] Fejl 1
11:52:37 **** Auto Build of configuration Debug for project Ctest ****
make pre-build main-build 
a9-linaro-pre-build-step
' '
'Building file: ../src/lab1.c'
'Invoking: ARM v7 gcc compiler'
arm-none-eabi-gcc -Wall -O0 -g3 -c -fmessage-length=0 -MT"src/lab1.o" -mcpu=cortex-a9 -mfpu=vfpv3 -mfloat-abi=hard -I../../standalone_bsp_0/ps7_cortexa9_0/include -MMD -MP -MF"src/lab1.d" -MT"src/lab1.o" -o "src/lab1.o" "../src/lab1.c"
../src/lab1.c:7:8: error: unknown type name 'XGpioPs'
 static XGpioPs psGpioInstancePtr;
        ^~~~~~~
../src/lab1.c: In function 'main':
../src/lab1.c:17:4: error: unknown type name 'XGpioPs_Config'
    XGpioPs_Config*GpioConfigPtr;
    ^~~~~~~~~~~~~~
../src/lab1.c:32:20: warning: implicit declaration of function 'XGpioPs_LookupConfig' [-Wimplicit-function-declaration]
    GpioConfigPtr = XGpioPs_LookupConfig(XPAR_PS7_GPIO_0_DEVICE_ID);
                    ^~~~~~~~~~~~~~~~~~~~
../src/lab1.c:32:41: error: 'XPAR_PS7_GPIO_0_DEVICE_ID' undeclared (first use in this function)
    GpioConfigPtr = XGpioPs_LookupConfig(XPAR_PS7_GPIO_0_DEVICE_ID);
                                         ^~~~~~~~~~~~~~~~~~~~~~~~~
../src/lab1.c:32:41: note: each undeclared identifier is reported only once for each function it appears in
../src/lab1.c:35:14: warning: implicit declaration of function 'XGpioPs_CfgInitialize' [-Wimplicit-function-declaration]
    xStatus = XGpioPs_CfgInitialize(&psGpioInstancePtr,
              ^~~~~~~~~~~~~~~~~~~~~
../src/lab1.c:37:21: error: request for member 'BaseAddr' in something not a structure or union
        GpioConfigPtr->BaseAddr);
                     ^~
../src/lab1.c:41:4: warning: implicit declaration of function 'XGpioPs_SetDirectionPin' [-Wimplicit-function-declaration]
    XGpioPs_SetDirectionPin(&psGpioInstancePtr, iPinNumber,uPinDirection);
    ^~~~~~~~~~~~~~~~~~~~~~~
../src/lab1.c:42:4: warning: implicit declaration of function 'XGpioPs_SetOutputEnablePin' [-Wimplicit-function-declaration]
    XGpioPs_SetOutputEnablePin(&psGpioInstancePtr, iPinNumber,1);
    ^~~~~~~~~~~~~~~~~~~~~~~~~~
../src/lab1.c:56:21: warning: implicit declaration of function 'XGpioPs_ReadPin' [-Wimplicit-function-declaration]
        pshb_check = XGpioPs_ReadPin(&psGpioInstancePtr,iPinNumberEMIO);
                     ^~~~~~~~~~~~~~~
../src/lab1.c:57:11: warning: implicit declaration of function 'XGpioPs_WritePin' [-Wimplicit-function-declaration]
           XGpioPs_WritePin(&psGpioInstancePtr,iPinNumber,pshb_check);
           ^~~~~~~~~~~~~~~~
../src/lab1.c:58:11: warning: this 'if' clause does not guard... [-Wmisleading-indentation]
           if((sw_check & 0x0f)==0x0F)
           ^~
../src/lab1.c:60:5: note: ...this statement, but the latter is misleadingly indented as if it is guarded by the 'if'
     for (i=0; i<9999999; i++); // delay loop
     ^~~
make: *** [src/lab1.o] Fejl 1
11:52:44 **** Clean-only build of configuration Debug for project Ctest ****
make clean 
rm -rf  ./src/helloworld.o ./src/lab1.o ./src/platform.o  ./src/helloworld.d ./src/lab1.d ./src/platform.d  Ctest.elf.size  Ctest.elf
' '
11:52:44 **** Auto Build of configuration Debug for project Ctest ****
make pre-build main-build 
a9-linaro-pre-build-step
' '
'Building file: ../src/lab1.c'
'Invoking: ARM v7 gcc compiler'
arm-none-eabi-gcc -Wall -O0 -g3 -c -fmessage-length=0 -MT"src/lab1.o" -mcpu=cortex-a9 -mfpu=vfpv3 -mfloat-abi=hard -I../../standalone_bsp_0/ps7_cortexa9_0/include -MMD -MP -MF"src/lab1.d" -MT"src/lab1.o" -o "src/lab1.o" "../src/lab1.c"
../src/lab1.c:7:8: error: unknown type name 'XGpioPs'
 static XGpioPs psGpioInstancePtr;
        ^~~~~~~
../src/lab1.c: In function 'main':
../src/lab1.c:17:4: error: unknown type name 'XGpioPs_Config'
    XGpioPs_Config*GpioConfigPtr;
    ^~~~~~~~~~~~~~
../src/lab1.c:32:20: warning: implicit declaration of function 'XGpioPs_LookupConfig' [-Wimplicit-function-declaration]
    GpioConfigPtr = XGpioPs_LookupConfig(XPAR_PS7_GPIO_0_DEVICE_ID);
                    ^~~~~~~~~~~~~~~~~~~~
../src/lab1.c:32:41: error: 'XPAR_PS7_GPIO_0_DEVICE_ID' undeclared (first use in this function)
    GpioConfigPtr = XGpioPs_LookupConfig(XPAR_PS7_GPIO_0_DEVICE_ID);
                                         ^~~~~~~~~~~~~~~~~~~~~~~~~
../src/lab1.c:32:41: note: each undeclared identifier is reported only once for each function it appears in
../src/lab1.c:35:14: warning: implicit declaration of function 'XGpioPs_CfgInitialize' [-Wimplicit-function-declaration]
    xStatus = XGpioPs_CfgInitialize(&psGpioInstancePtr,
              ^~~~~~~~~~~~~~~~~~~~~
../src/lab1.c:37:21: error: request for member 'BaseAddr' in something not a structure or union
        GpioConfigPtr->BaseAddr);
                     ^~
../src/lab1.c:41:4: warning: implicit declaration of function 'XGpioPs_SetDirectionPin' [-Wimplicit-function-declaration]
    XGpioPs_SetDirectionPin(&psGpioInstancePtr, iPinNumber,uPinDirection);
    ^~~~~~~~~~~~~~~~~~~~~~~
../src/lab1.c:42:4: warning: implicit declaration of function 'XGpioPs_SetOutputEnablePin' [-Wimplicit-function-declaration]
    XGpioPs_SetOutputEnablePin(&psGpioInstancePtr, iPinNumber,1);
    ^~~~~~~~~~~~~~~~~~~~~~~~~~
../src/lab1.c:56:21: warning: implicit declaration of function 'XGpioPs_ReadPin' [-Wimplicit-function-declaration]
        pshb_check = XGpioPs_ReadPin(&psGpioInstancePtr,iPinNumberEMIO);
                     ^~~~~~~~~~~~~~~
../src/lab1.c:57:11: warning: implicit declaration of function 'XGpioPs_WritePin' [-Wimplicit-function-declaration]
           XGpioPs_WritePin(&psGpioInstancePtr,iPinNumber,pshb_check);
           ^~~~~~~~~~~~~~~~
../src/lab1.c:58:11: warning: this 'if' clause does not guard... [-Wmisleading-indentation]
           if((sw_check & 0x0f)==0x0F)
           ^~
../src/lab1.c:60:5: note: ...this statement, but the latter is misleadingly indented as if it is guarded by the 'if'
     for (i=0; i<9999999; i++); // delay loop
     ^~~
make: *** [src/lab1.o] Fejl 1
11:53:01 **** Auto Build of configuration Debug for project Ctest ****
make pre-build main-build 
a9-linaro-pre-build-step
' '
'Building file: ../src/lab1.c'
'Invoking: ARM v7 gcc compiler'
arm-none-eabi-gcc -Wall -O0 -g3 -c -fmessage-length=0 -MT"src/lab1.o" -mcpu=cortex-a9 -mfpu=vfpv3 -mfloat-abi=hard -I../../standalone_bsp_0/ps7_cortexa9_0/include -MMD -MP -MF"src/lab1.d" -MT"src/lab1.o" -o "src/lab1.o" "../src/lab1.c"
../src/lab1.c: In function 'main':
../src/lab1.c:33:4: warning: implicit declaration of function 'XGpioPs_SetDirectionPin' [-Wimplicit-function-declaration]
    XGpioPs_SetDirectionPin(&psGpioInstancePtr, iPinNumber,uPinDirection);
    ^~~~~~~~~~~~~~~~~~~~~~~
../src/lab1.c:33:29: error: 'psGpioInstancePtr' undeclared (first use in this function)
    XGpioPs_SetDirectionPin(&psGpioInstancePtr, iPinNumber,uPinDirection);
                             ^~~~~~~~~~~~~~~~~
../src/lab1.c:33:29: note: each undeclared identifier is reported only once for each function it appears in
../src/lab1.c:34:4: warning: implicit declaration of function 'XGpioPs_SetOutputEnablePin' [-Wimplicit-function-declaration]
    XGpioPs_SetOutputEnablePin(&psGpioInstancePtr, iPinNumber,1);
    ^~~~~~~~~~~~~~~~~~~~~~~~~~
../src/lab1.c:48:21: warning: implicit declaration of function 'XGpioPs_ReadPin' [-Wimplicit-function-declaration]
        pshb_check = XGpioPs_ReadPin(&psGpioInstancePtr,iPinNumberEMIO);
                     ^~~~~~~~~~~~~~~
../src/lab1.c:49:11: warning: implicit declaration of function 'XGpioPs_WritePin' [-Wimplicit-function-declaration]
           XGpioPs_WritePin(&psGpioInstancePtr,iPinNumber,pshb_check);
           ^~~~~~~~~~~~~~~~
../src/lab1.c:50:11: warning: this 'if' clause does not guard... [-Wmisleading-indentation]
           if((sw_check & 0x0f)==0x0F)
           ^~
../src/lab1.c:52:5: note: ...this statement, but the latter is misleadingly indented as if it is guarded by the 'if'
     for (i=0; i<9999999; i++); // delay loop
     ^~~
make: *** [src/lab1.o] Fejl 1
11:53:06 **** Auto Build of configuration Debug for project Ctest ****
make pre-build main-build 
a9-linaro-pre-build-step
' '
'Building file: ../src/lab1.c'
'Invoking: ARM v7 gcc compiler'
arm-none-eabi-gcc -Wall -O0 -g3 -c -fmessage-length=0 -MT"src/lab1.o" -mcpu=cortex-a9 -mfpu=vfpv3 -mfloat-abi=hard -I../../standalone_bsp_0/ps7_cortexa9_0/include -MMD -MP -MF"src/lab1.d" -MT"src/lab1.o" -o "src/lab1.o" "../src/lab1.c"
../src/lab1.c: In function 'main':
../src/lab1.c:33:4: warning: implicit declaration of function 'XGpioPs_SetOutputEnablePin' [-Wimplicit-function-declaration]
    XGpioPs_SetOutputEnablePin(&psGpioInstancePtr, iPinNumber,1);
    ^~~~~~~~~~~~~~~~~~~~~~~~~~
../src/lab1.c:33:32: error: 'psGpioInstancePtr' undeclared (first use in this function)
    XGpioPs_SetOutputEnablePin(&psGpioInstancePtr, iPinNumber,1);
                                ^~~~~~~~~~~~~~~~~
../src/lab1.c:33:32: note: each undeclared identifier is reported only once for each function it appears in
../src/lab1.c:35:4: warning: implicit declaration of function 'XGpioPs_SetDirectionPin' [-Wimplicit-function-declaration]
    XGpioPs_SetDirectionPin(&psGpioInstancePtr,
    ^~~~~~~~~~~~~~~~~~~~~~~
../src/lab1.c:47:21: warning: implicit declaration of function 'XGpioPs_ReadPin' [-Wimplicit-function-declaration]
        pshb_check = XGpioPs_ReadPin(&psGpioInstancePtr,iPinNumberEMIO);
                     ^~~~~~~~~~~~~~~
../src/lab1.c:48:11: warning: implicit declaration of function 'XGpioPs_WritePin' [-Wimplicit-function-declaration]
           XGpioPs_WritePin(&psGpioInstancePtr,iPinNumber,pshb_check);
           ^~~~~~~~~~~~~~~~
../src/lab1.c:49:11: warning: this 'if' clause does not guard... [-Wmisleading-indentation]
           if((sw_check & 0x0f)==0x0F)
           ^~
../src/lab1.c:51:5: note: ...this statement, but the latter is misleadingly indented as if it is guarded by the 'if'
     for (i=0; i<9999999; i++); // delay loop
     ^~~
../src/lab1.c:19:8: warning: unused variable 'uPinDirection' [-Wunused-variable]
    u32 uPinDirection = 0x1;
        ^~~~~~~~~~~~~
make: *** [src/lab1.o] Fejl 1
11:53:27 **** Auto Build of configuration Debug for project Ctest ****
make pre-build main-build 
a9-linaro-pre-build-step
' '
'Building file: ../src/lab1.c'
'Invoking: ARM v7 gcc compiler'
arm-none-eabi-gcc -Wall -O0 -g3 -c -fmessage-length=0 -MT"src/lab1.o" -mcpu=cortex-a9 -mfpu=vfpv3 -mfloat-abi=hard -I../../standalone_bsp_0/ps7_cortexa9_0/include -MMD -MP -MF"src/lab1.d" -MT"src/lab1.o" -o "src/lab1.o" "../src/lab1.c"
../src/lab1.c: In function 'main':
../src/lab1.c:33:4: warning: implicit declaration of function 'XGpioPs_SetDirectionPin' [-Wimplicit-function-declaration]
    XGpioPs_SetDirectionPin(&psGpioInstancePtr,
    ^~~~~~~~~~~~~~~~~~~~~~~
../src/lab1.c:33:29: error: 'psGpioInstancePtr' undeclared (first use in this function)
    XGpioPs_SetDirectionPin(&psGpioInstancePtr,
                             ^~~~~~~~~~~~~~~~~
../src/lab1.c:33:29: note: each undeclared identifier is reported only once for each function it appears in
../src/lab1.c:35:4: warning: implicit declaration of function 'XGpioPs_SetOutputEnablePin' [-Wimplicit-function-declaration]
    XGpioPs_SetOutputEnablePin(&psGpioInstancePtr, iPinNumberEMIO,0);
    ^~~~~~~~~~~~~~~~~~~~~~~~~~
../src/lab1.c:45:21: warning: implicit declaration of function 'XGpioPs_ReadPin' [-Wimplicit-function-declaration]
        pshb_check = XGpioPs_ReadPin(&psGpioInstancePtr,iPinNumberEMIO);
                     ^~~~~~~~~~~~~~~
../src/lab1.c:46:11: warning: implicit declaration of function 'XGpioPs_WritePin' [-Wimplicit-function-declaration]
           XGpioPs_WritePin(&psGpioInstancePtr,iPinNumber,pshb_check);
           ^~~~~~~~~~~~~~~~
../src/lab1.c:47:11: warning: this 'if' clause does not guard... [-Wmisleading-indentation]
           if((sw_check & 0x0f)==0x0F)
           ^~
../src/lab1.c:49:5: note: ...this statement, but the latter is misleadingly indented as if it is guarded by the 'if'
     for (i=0; i<9999999; i++); // delay loop
     ^~~
../src/lab1.c:19:8: warning: unused variable 'uPinDirection' [-Wunused-variable]
    u32 uPinDirection = 0x1;
        ^~~~~~~~~~~~~
make: *** [src/lab1.o] Fejl 1
11:53:47 **** Auto Build of configuration Debug for project Ctest ****
make pre-build main-build 
a9-linaro-pre-build-step
' '
'Building file: ../src/lab1.c'
'Invoking: ARM v7 gcc compiler'
arm-none-eabi-gcc -Wall -O0 -g3 -c -fmessage-length=0 -MT"src/lab1.o" -mcpu=cortex-a9 -mfpu=vfpv3 -mfloat-abi=hard -I../../standalone_bsp_0/ps7_cortexa9_0/include -MMD -MP -MF"src/lab1.d" -MT"src/lab1.o" -o "src/lab1.o" "../src/lab1.c"
../src/lab1.c: In function 'main':
../src/lab1.c:42:21: warning: implicit declaration of function 'XGpioPs_ReadPin' [-Wimplicit-function-declaration]
        pshb_check = XGpioPs_ReadPin(&psGpioInstancePtr,iPinNumberEMIO);
                     ^~~~~~~~~~~~~~~
../src/lab1.c:42:38: error: 'psGpioInstancePtr' undeclared (first use in this function)
        pshb_check = XGpioPs_ReadPin(&psGpioInstancePtr,iPinNumberEMIO);
                                      ^~~~~~~~~~~~~~~~~
../src/lab1.c:42:38: note: each undeclared identifier is reported only once for each function it appears in
../src/lab1.c:43:11: warning: implicit declaration of function 'XGpioPs_WritePin' [-Wimplicit-function-declaration]
           XGpioPs_WritePin(&psGpioInstancePtr,iPinNumber,pshb_check);
           ^~~~~~~~~~~~~~~~
../src/lab1.c:44:11: warning: this 'if' clause does not guard... [-Wmisleading-indentation]
           if((sw_check & 0x0f)==0x0F)
           ^~
../src/lab1.c:46:5: note: ...this statement, but the latter is misleadingly indented as if it is guarded by the 'if'
     for (i=0; i<9999999; i++); // delay loop
     ^~~
../src/lab1.c:19:8: warning: unused variable 'uPinDirection' [-Wunused-variable]
    u32 uPinDirection = 0x1;
        ^~~~~~~~~~~~~
../src/lab1.c:18:8: warning: unused variable 'uPinDirectionEMIO' [-Wunused-variable]
    u32 uPinDirectionEMIO = 0x0;
        ^~~~~~~~~~~~~~~~~
make: *** [src/lab1.o] Fejl 1
11:54:07 **** Auto Build of configuration Debug for project Ctest ****
make pre-build main-build 
a9-linaro-pre-build-step
' '
'Building file: ../src/lab1.c'
'Invoking: ARM v7 gcc compiler'
arm-none-eabi-gcc -Wall -O0 -g3 -c -fmessage-length=0 -MT"src/lab1.o" -mcpu=cortex-a9 -mfpu=vfpv3 -mfloat-abi=hard -I../../standalone_bsp_0/ps7_cortexa9_0/include -MMD -MP -MF"src/lab1.d" -MT"src/lab1.o" -o "src/lab1.o" "../src/lab1.c"
../src/lab1.c: In function 'main':
../src/lab1.c:42:11: warning: implicit declaration of function 'XGpioPs_WritePin' [-Wimplicit-function-declaration]
           XGpioPs_WritePin(&psGpioInstancePtr,iPinNumber,pshb_check);
           ^~~~~~~~~~~~~~~~
../src/lab1.c:42:29: error: 'psGpioInstancePtr' undeclared (first use in this function)
           XGpioPs_WritePin(&psGpioInstancePtr,iPinNumber,pshb_check);
                             ^~~~~~~~~~~~~~~~~
../src/lab1.c:42:29: note: each undeclared identifier is reported only once for each function it appears in
../src/lab1.c:43:11: warning: this 'if' clause does not guard... [-Wmisleading-indentation]
           if((sw_check & 0x0f)==0x0F)
           ^~
../src/lab1.c:45:5: note: ...this statement, but the latter is misleadingly indented as if it is guarded by the 'if'
     for (i=0; i<9999999; i++); // delay loop
     ^~~
../src/lab1.c:19:8: warning: unused variable 'uPinDirection' [-Wunused-variable]
    u32 uPinDirection = 0x1;
        ^~~~~~~~~~~~~
../src/lab1.c:18:8: warning: unused variable 'uPinDirectionEMIO' [-Wunused-variable]
    u32 uPinDirectionEMIO = 0x0;
        ^~~~~~~~~~~~~~~~~
../src/lab1.c:17:8: warning: unused variable 'iPinNumberEMIO' [-Wunused-variable]
    int iPinNumberEMIO = 54;
        ^~~~~~~~~~~~~~
make: *** [src/lab1.o] Fejl 1
11:54:14 **** Auto Build of configuration Debug for project Ctest ****
make pre-build main-build 
a9-linaro-pre-build-step
' '
'Building file: ../src/lab1.c'
'Invoking: ARM v7 gcc compiler'
arm-none-eabi-gcc -Wall -O0 -g3 -c -fmessage-length=0 -MT"src/lab1.o" -mcpu=cortex-a9 -mfpu=vfpv3 -mfloat-abi=hard -I../../standalone_bsp_0/ps7_cortexa9_0/include -MMD -MP -MF"src/lab1.d" -MT"src/lab1.o" -o "src/lab1.o" "../src/lab1.c"
../src/lab1.c: In function 'main':
../src/lab1.c:42:11: warning: this 'if' clause does not guard... [-Wmisleading-indentation]
           if((sw_check & 0x0f)==0x0F)
           ^~
../src/lab1.c:44:5: note: ...this statement, but the latter is misleadingly indented as if it is guarded by the 'if'
     for (i=0; i<9999999; i++); // delay loop
     ^~~
../src/lab1.c:19:8: warning: unused variable 'uPinDirection' [-Wunused-variable]
    u32 uPinDirection = 0x1;
        ^~~~~~~~~~~~~
../src/lab1.c:18:8: warning: unused variable 'uPinDirectionEMIO' [-Wunused-variable]
    u32 uPinDirectionEMIO = 0x0;
        ^~~~~~~~~~~~~~~~~
../src/lab1.c:17:8: warning: unused variable 'iPinNumberEMIO' [-Wunused-variable]
    int iPinNumberEMIO = 54;
        ^~~~~~~~~~~~~~
../src/lab1.c:15:11: warning: unused variable 'pshb_check' [-Wunused-variable]
    int i, pshb_check, sw_check;
           ^~~~~~~~~~
At top level:
../src/lab1.c:7:12: warning: 'iPinNumber' defined but not used [-Wunused-variable]
 static int iPinNumber = 7; /*Led LD9 on ZedBoard and LD4 on Zybo is connected to MIO pin 7*/
            ^~~~~~~~~~
../src/lab1.c: In function 'main':
../src/lab1.c:30:6: warning: 'xStatus' is used uninitialized in this function [-Wuninitialized]
    if(XST_SUCCESS != xStatus)
      ^
'Finished building: ../src/lab1.c'
' '
'Building file: ../src/platform.c'
'Invoking: ARM v7 gcc compiler'
arm-none-eabi-gcc -Wall -O0 -g3 -c -fmessage-length=0 -MT"src/platform.o" -mcpu=cortex-a9 -mfpu=vfpv3 -mfloat-abi=hard -I../../standalone_bsp_0/ps7_cortexa9_0/include -MMD -MP -MF"src/platform.d" -MT"src/platform.o" -o "src/platform.o" "../src/platform.c"
'Finished building: ../src/platform.c'
' '
'Building target: Ctest.elf'
'Invoking: ARM v7 gcc linker'
arm-none-eabi-gcc -mcpu=cortex-a9 -mfpu=vfpv3 -mfloat-abi=hard -Wl,-build-id=none -specs=Xilinx.spec -Wl,-T -Wl,../src/lscript.ld -L../../standalone_bsp_0/ps7_cortexa9_0/lib -o "Ctest.elf"  ./src/lab1.o ./src/platform.o   -Wl,--start-group,-lxil,-lgcc,-lc,--end-group
'Finished building target: Ctest.elf'
' '
'Invoking: ARM v7 Print Size'
arm-none-eabi-size Ctest.elf  |tee "Ctest.elf.size"
   text	   data	    bss	    dec	    hex	filename
  23872	   1204	  22584	  47660	   ba2c	Ctest.elf
'Finished building: Ctest.elf.size'
' '
11:54:40 **** Auto Build of configuration Debug for project Ctest ****
make pre-build main-build 
a9-linaro-pre-build-step
' '
'Building file: ../src/lab1.c'
'Invoking: ARM v7 gcc compiler'
arm-none-eabi-gcc -Wall -O0 -g3 -c -fmessage-length=0 -MT"src/lab1.o" -mcpu=cortex-a9 -mfpu=vfpv3 -mfloat-abi=hard -I../../standalone_bsp_0/ps7_cortexa9_0/include -MMD -MP -MF"src/lab1.d" -MT"src/lab1.o" -o "src/lab1.o" "../src/lab1.c"
../src/lab1.c: In function 'main':
../src/lab1.c:39:11: warning: this 'if' clause does not guard... [-Wmisleading-indentation]
           if((sw_check & 0x0f)==0x0F)
           ^~
../src/lab1.c:41:5: note: ...this statement, but the latter is misleadingly indented as if it is guarded by the 'if'
     for (i=0; i<9999999; i++); // delay loop
     ^~~
At top level:
../src/lab1.c:7:12: warning: 'iPinNumber' defined but not used [-Wunused-variable]
 static int iPinNumber = 7; /*Led LD9 on ZedBoard and LD4 on Zybo is connected to MIO pin 7*/
            ^~~~~~~~~~
../src/lab1.c: In function 'main':
../src/lab1.c:27:6: warning: 'xStatus' is used uninitialized in this function [-Wuninitialized]
    if(XST_SUCCESS != xStatus)
      ^
'Finished building: ../src/lab1.c'
' '
'Building target: Ctest.elf'
'Invoking: ARM v7 gcc linker'
arm-none-eabi-gcc -mcpu=cortex-a9 -mfpu=vfpv3 -mfloat-abi=hard -Wl,-build-id=none -specs=Xilinx.spec -Wl,-T -Wl,../src/lscript.ld -L../../standalone_bsp_0/ps7_cortexa9_0/lib -o "Ctest.elf"  ./src/lab1.o ./src/platform.o   -Wl,--start-group,-lxil,-lgcc,-lc,--end-group
'Finished building target: Ctest.elf'
' '
'Invoking: ARM v7 Print Size'
arm-none-eabi-size Ctest.elf  |tee "Ctest.elf.size"
   text	   data	    bss	    dec	    hex	filename
  23872	   1204	  22584	  47660	   ba2c	Ctest.elf
'Finished building: Ctest.elf.size'
' '
11:54:56 **** Auto Build of configuration Debug for project Ctest ****
make pre-build main-build 
a9-linaro-pre-build-step
' '
'Building file: ../src/lab1.c'
'Invoking: ARM v7 gcc compiler'
arm-none-eabi-gcc -Wall -O0 -g3 -c -fmessage-length=0 -MT"src/lab1.o" -mcpu=cortex-a9 -mfpu=vfpv3 -mfloat-abi=hard -I../../standalone_bsp_0/ps7_cortexa9_0/include -MMD -MP -MF"src/lab1.d" -MT"src/lab1.o" -o "src/lab1.o" "../src/lab1.c"
../src/lab1.c: In function 'main':
../src/lab1.c:39:11: warning: this 'if' clause does not guard... [-Wmisleading-indentation]
           if((sw_check & 0x0f)==0x0F)
           ^~
../src/lab1.c:41:5: note: ...this statement, but the latter is misleadingly indented as if it is guarded by the 'if'
     for (i=0; i<9999999; i++); // delay loop
     ^~~
At top level:
../src/lab1.c:7:12: warning: 'iPinNumber' defined but not used [-Wunused-variable]
 static int iPinNumber = 7; /*Led LD9 on ZedBoard and LD4 on Zybo is connected to MIO pin 7*/
            ^~~~~~~~~~
../src/lab1.c: In function 'main':
../src/lab1.c:27:6: warning: 'xStatus' is used uninitialized in this function [-Wuninitialized]
    if(XST_SUCCESS != xStatus)
      ^
'Finished building: ../src/lab1.c'
' '
'Building target: Ctest.elf'
'Invoking: ARM v7 gcc linker'
arm-none-eabi-gcc -mcpu=cortex-a9 -mfpu=vfpv3 -mfloat-abi=hard -Wl,-build-id=none -specs=Xilinx.spec -Wl,-T -Wl,../src/lscript.ld -L../../standalone_bsp_0/ps7_cortexa9_0/lib -o "Ctest.elf"  ./src/lab1.o ./src/platform.o   -Wl,--start-group,-lxil,-lgcc,-lc,--end-group
'Finished building target: Ctest.elf'
' '
'Invoking: ARM v7 Print Size'
arm-none-eabi-size Ctest.elf  |tee "Ctest.elf.size"
   text	   data	    bss	    dec	    hex	filename
  23872	   1204	  22584	  47660	   ba2c	Ctest.elf
'Finished building: Ctest.elf.size'
' '
11:56:47 **** Auto Build of configuration Debug for project Ctest ****
make pre-build main-build 
a9-linaro-pre-build-step
' '
'Building file: ../src/lab1.c'
'Invoking: ARM v7 gcc compiler'
arm-none-eabi-gcc -Wall -O0 -g3 -c -fmessage-length=0 -MT"src/lab1.o" -mcpu=cortex-a9 -mfpu=vfpv3 -mfloat-abi=hard -I../../standalone_bsp_0/ps7_cortexa9_0/include -MMD -MP -MF"src/lab1.d" -MT"src/lab1.o" -o "src/lab1.o" "../src/lab1.c"
../src/lab1.c: In function 'main':
../src/lab1.c:36:11: warning: this 'if' clause does not guard... [-Wmisleading-indentation]
           if((sw_check & 0x0f)==0x0F)
           ^~
../src/lab1.c:38:5: note: ...this statement, but the latter is misleadingly indented as if it is guarded by the 'if'
     for (i=0; i<9999999; i++); // delay loop
     ^~~
../src/lab1.c:24:6: warning: 'xStatus' is used uninitialized in this function [-Wuninitialized]
    if(XST_SUCCESS != xStatus)
      ^
'Finished building: ../src/lab1.c'
' '
'Building target: Ctest.elf'
'Invoking: ARM v7 gcc linker'
arm-none-eabi-gcc -mcpu=cortex-a9 -mfpu=vfpv3 -mfloat-abi=hard -Wl,-build-id=none -specs=Xilinx.spec -Wl,-T -Wl,../src/lscript.ld -L../../standalone_bsp_0/ps7_cortexa9_0/lib -o "Ctest.elf"  ./src/lab1.o ./src/platform.o   -Wl,--start-group,-lxil,-lgcc,-lc,--end-group
'Finished building target: Ctest.elf'
' '
'Invoking: ARM v7 Print Size'
arm-none-eabi-size Ctest.elf  |tee "Ctest.elf.size"
   text	   data	    bss	    dec	    hex	filename
  23872	   1204	  22584	  47660	   ba2c	Ctest.elf
'Finished building: Ctest.elf.size'
' '
11:56:56 **** Incremental Build of configuration Debug for project Ctest ****
make pre-build main-build 
a9-linaro-pre-build-step
' '
make: Ingenting at gøre for 'main-build'.
11:59:45 **** Build of project freertos901_xilinx_bsp_0 ****
make -k all 
"Running Make include in ps7_cortexa9_0/libsrc/coresightps_dcc_v1_4/src"
make -C ps7_cortexa9_0/libsrc/coresightps_dcc_v1_4/src -s include  "SHELL=CMD" "COMPILER=arm-none-eabi-gcc" "ARCHIVER=arm-none-eabi-ar" "COMPILER_FLAGS=  -O2 -c" "EXTRA_COMPILER_FLAGS=-mcpu=cortex-a9 -mfpu=vfpv3 -mfloat-abi=hard -nostartfiles -Wall -Wextra"
"Running Make include in ps7_cortexa9_0/libsrc/cpu_cortexa9_v2_4/src"
make -C ps7_cortexa9_0/libsrc/cpu_cortexa9_v2_4/src -s include  "SHELL=CMD" "COMPILER=arm-none-eabi-gcc" "ARCHIVER=arm-none-eabi-ar" "COMPILER_FLAGS=  -O2 -c" "EXTRA_COMPILER_FLAGS=-mcpu=cortex-a9 -mfpu=vfpv3 -mfloat-abi=hard -nostartfiles -Wall -Wextra"
"Running Make include in ps7_cortexa9_0/libsrc/ddrps_v1_0/src"
make -C ps7_cortexa9_0/libsrc/ddrps_v1_0/src -s include  "SHELL=CMD" "COMPILER=arm-none-eabi-gcc" "ARCHIVER=arm-none-eabi-ar" "COMPILER_FLAGS=  -O2 -c" "EXTRA_COMPILER_FLAGS=-mcpu=cortex-a9 -mfpu=vfpv3 -mfloat-abi=hard -nostartfiles -Wall -Wextra"
"Running Make include in ps7_cortexa9_0/libsrc/devcfg_v3_4/src"
make -C ps7_cortexa9_0/libsrc/devcfg_v3_4/src -s include  "SHELL=CMD" "COMPILER=arm-none-eabi-gcc" "ARCHIVER=arm-none-eabi-ar" "COMPILER_FLAGS=  -O2 -c" "EXTRA_COMPILER_FLAGS=-mcpu=cortex-a9 -mfpu=vfpv3 -mfloat-abi=hard -nostartfiles -Wall -Wextra"
"Running Make include in ps7_cortexa9_0/libsrc/dmaps_v2_3/src"
make -C ps7_cortexa9_0/libsrc/dmaps_v2_3/src -s include  "SHELL=CMD" "COMPILER=arm-none-eabi-gcc" "ARCHIVER=arm-none-eabi-ar" "COMPILER_FLAGS=  -O2 -c" "EXTRA_COMPILER_FLAGS=-mcpu=cortex-a9 -mfpu=vfpv3 -mfloat-abi=hard -nostartfiles -Wall -Wextra"
"Running Make include in ps7_cortexa9_0/libsrc/freertos901_xilinx_v1_0/src"
make -C ps7_cortexa9_0/libsrc/freertos901_xilinx_v1_0/src -s include  "SHELL=CMD" "COMPILER=arm-none-eabi-gcc" "ARCHIVER=arm-none-eabi-ar" "COMPILER_FLAGS=  -O2 -c" "EXTRA_COMPILER_FLAGS=-mcpu=cortex-a9 -mfpu=vfpv3 -mfloat-abi=hard -nostartfiles -Wall -Wextra"
"include"
"Running Make include in ps7_cortexa9_0/libsrc/gpio_v4_3/src"
make -C ps7_cortexa9_0/libsrc/gpio_v4_3/src -s include  "SHELL=CMD" "COMPILER=arm-none-eabi-gcc" "ARCHIVER=arm-none-eabi-ar" "COMPILER_FLAGS=  -O2 -c" "EXTRA_COMPILER_FLAGS=-mcpu=cortex-a9 -mfpu=vfpv3 -mfloat-abi=hard -nostartfiles -Wall -Wextra"
"Running Make include in ps7_cortexa9_0/libsrc/qspips_v3_3/src"
make -C ps7_cortexa9_0/libsrc/qspips_v3_3/src -s include  "SHELL=CMD" "COMPILER=arm-none-eabi-gcc" "ARCHIVER=arm-none-eabi-ar" "COMPILER_FLAGS=  -O2 -c" "EXTRA_COMPILER_FLAGS=-mcpu=cortex-a9 -mfpu=vfpv3 -mfloat-abi=hard -nostartfiles -Wall -Wextra"
"Running Make include in ps7_cortexa9_0/libsrc/scugic_v3_7/src"
make -C ps7_cortexa9_0/libsrc/scugic_v3_7/src -s include  "SHELL=CMD" "COMPILER=arm-none-eabi-gcc" "ARCHIVER=arm-none-eabi-ar" "COMPILER_FLAGS=  -O2 -c" "EXTRA_COMPILER_FLAGS=-mcpu=cortex-a9 -mfpu=vfpv3 -mfloat-abi=hard -nostartfiles -Wall -Wextra"
"Running Make include in ps7_cortexa9_0/libsrc/scutimer_v2_1/src"
make -C ps7_cortexa9_0/libsrc/scutimer_v2_1/src -s include  "SHELL=CMD" "COMPILER=arm-none-eabi-gcc" "ARCHIVER=arm-none-eabi-ar" "COMPILER_FLAGS=  -O2 -c" "EXTRA_COMPILER_FLAGS=-mcpu=cortex-a9 -mfpu=vfpv3 -mfloat-abi=hard -nostartfiles -Wall -Wextra"
"Running Make include in ps7_cortexa9_0/libsrc/scuwdt_v2_1/src"
make -C ps7_cortexa9_0/libsrc/scuwdt_v2_1/src -s include  "SHELL=CMD" "COMPILER=arm-none-eabi-gcc" "ARCHIVER=arm-none-eabi-ar" "COMPILER_FLAGS=  -O2 -c" "EXTRA_COMPILER_FLAGS=-mcpu=cortex-a9 -mfpu=vfpv3 -mfloat-abi=hard -nostartfiles -Wall -Wextra"
"Running Make include in ps7_cortexa9_0/libsrc/uartps_v3_4/src"
make -C ps7_cortexa9_0/libsrc/uartps_v3_4/src -s include  "SHELL=CMD" "COMPILER=arm-none-eabi-gcc" "ARCHIVER=arm-none-eabi-ar" "COMPILER_FLAGS=  -O2 -c" "EXTRA_COMPILER_FLAGS=-mcpu=cortex-a9 -mfpu=vfpv3 -mfloat-abi=hard -nostartfiles -Wall -Wextra"
"Running Make include in ps7_cortexa9_0/libsrc/xadcps_v2_2/src"
make -C ps7_cortexa9_0/libsrc/xadcps_v2_2/src -s include  "SHELL=CMD" "COMPILER=arm-none-eabi-gcc" "ARCHIVER=arm-none-eabi-ar" "COMPILER_FLAGS=  -O2 -c" "EXTRA_COMPILER_FLAGS=-mcpu=cortex-a9 -mfpu=vfpv3 -mfloat-abi=hard -nostartfiles -Wall -Wextra"
"Running Make libs in ps7_cortexa9_0/libsrc/coresightps_dcc_v1_4/src"
make -C ps7_cortexa9_0/libsrc/coresightps_dcc_v1_4/src -s libs  "SHELL=CMD" "COMPILER=arm-none-eabi-gcc" "ARCHIVER=arm-none-eabi-ar" "COMPILER_FLAGS=  -O2 -c" "EXTRA_COMPILER_FLAGS=-mcpu=cortex-a9 -mfpu=vfpv3 -mfloat-abi=hard -nostartfiles -Wall -Wextra"
"Compiling coresightps_dcc"
arm-none-eabi-ar: creating ../../../lib/libxil.a
"Running Make libs in ps7_cortexa9_0/libsrc/cpu_cortexa9_v2_4/src"
make -C ps7_cortexa9_0/libsrc/cpu_cortexa9_v2_4/src -s libs  "SHELL=CMD" "COMPILER=arm-none-eabi-gcc" "ARCHIVER=arm-none-eabi-ar" "COMPILER_FLAGS=  -O2 -c" "EXTRA_COMPILER_FLAGS=-mcpu=cortex-a9 -mfpu=vfpv3 -mfloat-abi=hard -nostartfiles -Wall -Wextra"
"Compiling cpu_cortexa9"
"Running Make libs in ps7_cortexa9_0/libsrc/ddrps_v1_0/src"
make -C ps7_cortexa9_0/libsrc/ddrps_v1_0/src -s libs  "SHELL=CMD" "COMPILER=arm-none-eabi-gcc" "ARCHIVER=arm-none-eabi-ar" "COMPILER_FLAGS=  -O2 -c" "EXTRA_COMPILER_FLAGS=-mcpu=cortex-a9 -mfpu=vfpv3 -mfloat-abi=hard -nostartfiles -Wall -Wextra"
"Compiling ddrps"
"Running Make libs in ps7_cortexa9_0/libsrc/devcfg_v3_4/src"
make -C ps7_cortexa9_0/libsrc/devcfg_v3_4/src -s libs  "SHELL=CMD" "COMPILER=arm-none-eabi-gcc" "ARCHIVER=arm-none-eabi-ar" "COMPILER_FLAGS=  -O2 -c" "EXTRA_COMPILER_FLAGS=-mcpu=cortex-a9 -mfpu=vfpv3 -mfloat-abi=hard -nostartfiles -Wall -Wextra"
"Compiling devcfg"
"Running Make libs in ps7_cortexa9_0/libsrc/dmaps_v2_3/src"
make -C ps7_cortexa9_0/libsrc/dmaps_v2_3/src -s libs  "SHELL=CMD" "COMPILER=arm-none-eabi-gcc" "ARCHIVER=arm-none-eabi-ar" "COMPILER_FLAGS=  -O2 -c" "EXTRA_COMPILER_FLAGS=-mcpu=cortex-a9 -mfpu=vfpv3 -mfloat-abi=hard -nostartfiles -Wall -Wextra"
"Compiling dmaps"
"Running Make libs in ps7_cortexa9_0/libsrc/freertos901_xilinx_v1_0/src"
make -C ps7_cortexa9_0/libsrc/freertos901_xilinx_v1_0/src -s libs  "SHELL=CMD" "COMPILER=arm-none-eabi-gcc" "ARCHIVER=arm-none-eabi-ar" "COMPILER_FLAGS=  -O2 -c" "EXTRA_COMPILER_FLAGS=-mcpu=cortex-a9 -mfpu=vfpv3 -mfloat-abi=hard -nostartfiles -Wall -Wextra"
"Compiling standalone"
"Compiling FreeRTOS"
arm-none-eabi-ar: creating ../../../lib/libfreertos.a
"Running Make libs in ps7_cortexa9_0/libsrc/gpio_v4_3/src"
make -C ps7_cortexa9_0/libsrc/gpio_v4_3/src -s libs  "SHELL=CMD" "COMPILER=arm-none-eabi-gcc" "ARCHIVER=arm-none-eabi-ar" "COMPILER_FLAGS=  -O2 -c" "EXTRA_COMPILER_FLAGS=-mcpu=cortex-a9 -mfpu=vfpv3 -mfloat-abi=hard -nostartfiles -Wall -Wextra"
"Compiling gpio"
"Running Make libs in ps7_cortexa9_0/libsrc/qspips_v3_3/src"
make -C ps7_cortexa9_0/libsrc/qspips_v3_3/src -s libs  "SHELL=CMD" "COMPILER=arm-none-eabi-gcc" "ARCHIVER=arm-none-eabi-ar" "COMPILER_FLAGS=  -O2 -c" "EXTRA_COMPILER_FLAGS=-mcpu=cortex-a9 -mfpu=vfpv3 -mfloat-abi=hard -nostartfiles -Wall -Wextra"
"Compiling qspips"
"Running Make libs in ps7_cortexa9_0/libsrc/scugic_v3_7/src"
make -C ps7_cortexa9_0/libsrc/scugic_v3_7/src -s libs  "SHELL=CMD" "COMPILER=arm-none-eabi-gcc" "ARCHIVER=arm-none-eabi-ar" "COMPILER_FLAGS=  -O2 -c" "EXTRA_COMPILER_FLAGS=-mcpu=cortex-a9 -mfpu=vfpv3 -mfloat-abi=hard -nostartfiles -Wall -Wextra"
"Compiling scugic"
xscugic_g.c:53:2: warning: missing initializer for field 'HandlerTable' of 'XScuGic_Config {aka struct <anonymous>}' [-Wmissing-field-initializers]
  }
  ^
In file included from xscugic_g.c:41:0:
xscugic.h:218:27: note: 'HandlerTable' declared here
  XScuGic_VectorTableEntry HandlerTable[XSCUGIC_MAX_NUM_INTR_INPUTS];/**<
                           ^~~~~~~~~~~~
"Running Make libs in ps7_cortexa9_0/libsrc/scutimer_v2_1/src"
make -C ps7_cortexa9_0/libsrc/scutimer_v2_1/src -s libs  "SHELL=CMD" "COMPILER=arm-none-eabi-gcc" "ARCHIVER=arm-none-eabi-ar" "COMPILER_FLAGS=  -O2 -c" "EXTRA_COMPILER_FLAGS=-mcpu=cortex-a9 -mfpu=vfpv3 -mfloat-abi=hard -nostartfiles -Wall -Wextra"
"Compiling scutimer"
"Running Make libs in ps7_cortexa9_0/libsrc/scuwdt_v2_1/src"
make -C ps7_cortexa9_0/libsrc/scuwdt_v2_1/src -s libs  "SHELL=CMD" "COMPILER=arm-none-eabi-gcc" "ARCHIVER=arm-none-eabi-ar" "COMPILER_FLAGS=  -O2 -c" "EXTRA_COMPILER_FLAGS=-mcpu=cortex-a9 -mfpu=vfpv3 -mfloat-abi=hard -nostartfiles -Wall -Wextra"
"Compiling scuwdt"
"Running Make libs in ps7_cortexa9_0/libsrc/uartps_v3_4/src"
make -C ps7_cortexa9_0/libsrc/uartps_v3_4/src -s libs  "SHELL=CMD" "COMPILER=arm-none-eabi-gcc" "ARCHIVER=arm-none-eabi-ar" "COMPILER_FLAGS=  -O2 -c" "EXTRA_COMPILER_FLAGS=-mcpu=cortex-a9 -mfpu=vfpv3 -mfloat-abi=hard -nostartfiles -Wall -Wextra"
"Compiling uartps"
"Running Make libs in ps7_cortexa9_0/libsrc/xadcps_v2_2/src"
make -C ps7_cortexa9_0/libsrc/xadcps_v2_2/src -s libs  "SHELL=CMD" "COMPILER=arm-none-eabi-gcc" "ARCHIVER=arm-none-eabi-ar" "COMPILER_FLAGS=  -O2 -c" "EXTRA_COMPILER_FLAGS=-mcpu=cortex-a9 -mfpu=vfpv3 -mfloat-abi=hard -nostartfiles -Wall -Wextra"
"Compiling xadcps"
'Finished building libraries'
12:04:32 **** Build of configuration Debug for project CppTestRtos ****
make pre-build main-build 
a9-linaro-pre-build-step
' '
'Building file: ../src/main.cc'
'Invoking: ARM v7 g++ compiler'
arm-none-eabi-g++ -Wall -O0 -g3 -c -fmessage-length=0 -MT"src/main.o" -mcpu=cortex-a9 -mfpu=vfpv3 -mfloat-abi=hard -I../../freertos901_xilinx_bsp_0/ps7_cortexa9_0/include -MMD -MP -MF"src/main.d" -MT"src/main.o" -o "src/main.o" "../src/main.cc"
'Finished building: ../src/main.cc'
' '
'Building target: CppTestRtos.elf'
'Invoking: ARM v7 g++ linker'
arm-none-eabi-g++ -mcpu=cortex-a9 -mfpu=vfpv3 -mfloat-abi=hard -Wl,-build-id=none -specs=Xilinx.spec -Wl,-T -Wl,../src/lscript.ld -L../../freertos901_xilinx_bsp_0/ps7_cortexa9_0/lib -o "CppTestRtos.elf"  ./src/main.o   -Wl,--start-group,-lxil,-lfreertos,-lgcc,-lc,-lstdc++,--end-group
'Finished building target: CppTestRtos.elf'
' '
'Invoking: ARM v7 Print Size'
arm-none-eabi-size CppTestRtos.elf  |tee "CppTestRtos.elf.size"
   text	   data	    bss	    dec	    hex	filename
  89212	   4172	  89408	 182792	  2ca08	CppTestRtos.elf
'Finished building: CppTestRtos.elf.size'
' '
12:05:28 **** Clean-only build of configuration Debug for project CppTestRtos ****
make clean 
rm -rf  ./src/main.d  ./src/main.o  CppTestRtos.elf.size  CppTestRtos.elf
' '
12:05:29 **** Auto Build of configuration Debug for project CppTestRtos ****
make pre-build main-build 
a9-linaro-pre-build-step
' '
'Building file: ../src/os/Mutex.cpp'
'Invoking: ARM v7 g++ compiler'
arm-none-eabi-g++ -Wall -O0 -g3 -c -fmessage-length=0 -MT"src/os/Mutex.o" -mcpu=cortex-a9 -mfpu=vfpv3 -mfloat-abi=hard -I../../freertos901_xilinx_bsp_0/ps7_cortexa9_0/include -MMD -MP -MF"src/os/Mutex.d" -MT"src/os/Mutex.o" -o "src/os/Mutex.o" "../src/os/Mutex.cpp"
'Finished building: ../src/os/Mutex.cpp'
' '
'Building file: ../src/os/Semaphore.cpp'
'Invoking: ARM v7 g++ compiler'
arm-none-eabi-g++ -Wall -O0 -g3 -c -fmessage-length=0 -MT"src/os/Semaphore.o" -mcpu=cortex-a9 -mfpu=vfpv3 -mfloat-abi=hard -I../../freertos901_xilinx_bsp_0/ps7_cortexa9_0/include -MMD -MP -MF"src/os/Semaphore.d" -MT"src/os/Semaphore.o" -o "src/os/Semaphore.o" "../src/os/Semaphore.cpp"
'Finished building: ../src/os/Semaphore.cpp'
' '
'Building file: ../src/os/Thread.cpp'
'Invoking: ARM v7 g++ compiler'
arm-none-eabi-g++ -Wall -O0 -g3 -c -fmessage-length=0 -MT"src/os/Thread.o" -mcpu=cortex-a9 -mfpu=vfpv3 -mfloat-abi=hard -I../../freertos901_xilinx_bsp_0/ps7_cortexa9_0/include -MMD -MP -MF"src/os/Thread.d" -MT"src/os/Thread.o" -o "src/os/Thread.o" "../src/os/Thread.cpp"
'Finished building: ../src/os/Thread.cpp'
' '
'Building file: ../src/main.cpp'
'Invoking: ARM v7 g++ compiler'
arm-none-eabi-g++ -Wall -O0 -g3 -c -fmessage-length=0 -MT"src/main.o" -mcpu=cortex-a9 -mfpu=vfpv3 -mfloat-abi=hard -I../../freertos901_xilinx_bsp_0/ps7_cortexa9_0/include -MMD -MP -MF"src/main.d" -MT"src/main.o" -o "src/main.o" "../src/main.cpp"
In file included from ../src/main.cpp:11:0:
../src/UserThread.h:11:20: fatal error: Thread.h: No such file or directory
 #include "Thread.h"
                    ^
compilation terminated.
make: *** [src/main.o] Fejl 1
12:06:26 **** Clean-only build of configuration Debug for project CppTestRtos ****
make clean 
rm -rf  ./src/os/Mutex.o ./src/os/Semaphore.o ./src/os/Thread.o  ./src/main.o  ./src/os/Mutex.d ./src/os/Semaphore.d ./src/os/Thread.d  ./src/main.d  CppTestRtos.elf.size  CppTestRtos.elf
' '
12:06:27 **** Auto Build of configuration Debug for project CppTestRtos ****
make pre-build main-build 
a9-linaro-pre-build-step
' '
'Building file: ../src/os/Mutex.cpp'
'Invoking: ARM v7 g++ compiler'
arm-none-eabi-g++ -Wall -O0 -g3 -I"C:\XilinxProjects\lab1\lab1.sdk\CppTestRtos\src\os" -c -fmessage-length=0 -MT"src/os/Mutex.o" -mcpu=cortex-a9 -mfpu=vfpv3 -mfloat-abi=hard -I../../freertos901_xilinx_bsp_0/ps7_cortexa9_0/include -MMD -MP -MF"src/os/Mutex.d" -MT"src/os/Mutex.o" -o "src/os/Mutex.o" "../src/os/Mutex.cpp"
'Finished building: ../src/os/Mutex.cpp'
' '
'Building file: ../src/os/Semaphore.cpp'
'Invoking: ARM v7 g++ compiler'
arm-none-eabi-g++ -Wall -O0 -g3 -I"C:\XilinxProjects\lab1\lab1.sdk\CppTestRtos\src\os" -c -fmessage-length=0 -MT"src/os/Semaphore.o" -mcpu=cortex-a9 -mfpu=vfpv3 -mfloat-abi=hard -I../../freertos901_xilinx_bsp_0/ps7_cortexa9_0/include -MMD -MP -MF"src/os/Semaphore.d" -MT"src/os/Semaphore.o" -o "src/os/Semaphore.o" "../src/os/Semaphore.cpp"
'Finished building: ../src/os/Semaphore.cpp'
' '
'Building file: ../src/os/Thread.cpp'
'Invoking: ARM v7 g++ compiler'
arm-none-eabi-g++ -Wall -O0 -g3 -I"C:\XilinxProjects\lab1\lab1.sdk\CppTestRtos\src\os" -c -fmessage-length=0 -MT"src/os/Thread.o" -mcpu=cortex-a9 -mfpu=vfpv3 -mfloat-abi=hard -I../../freertos901_xilinx_bsp_0/ps7_cortexa9_0/include -MMD -MP -MF"src/os/Thread.d" -MT"src/os/Thread.o" -o "src/os/Thread.o" "../src/os/Thread.cpp"
'Finished building: ../src/os/Thread.cpp'
' '
'Building file: ../src/main.cpp'
'Invoking: ARM v7 g++ compiler'
arm-none-eabi-g++ -Wall -O0 -g3 -I"C:\XilinxProjects\lab1\lab1.sdk\CppTestRtos\src\os" -c -fmessage-length=0 -MT"src/main.o" -mcpu=cortex-a9 -mfpu=vfpv3 -mfloat-abi=hard -I../../freertos901_xilinx_bsp_0/ps7_cortexa9_0/include -MMD -MP -MF"src/main.d" -MT"src/main.o" -o "src/main.o" "../src/main.cpp"
'Finished building: ../src/main.cpp'
' '
'Building target: CppTestRtos.elf'
'Invoking: ARM v7 g++ linker'
arm-none-eabi-g++ -mcpu=cortex-a9 -mfpu=vfpv3 -mfloat-abi=hard -Wl,-build-id=none -specs=Xilinx.spec -Wl,-T -Wl,../src/lscript.ld -L../../freertos901_xilinx_bsp_0/ps7_cortexa9_0/lib -o "CppTestRtos.elf"  ./src/os/Mutex.o ./src/os/Semaphore.o ./src/os/Thread.o  ./src/main.o   -Wl,--start-group,-lxil,-lfreertos,-lgcc,-lc,-lstdc++,--end-group
'Finished building target: CppTestRtos.elf'
' '
'Invoking: ARM v7 Print Size'
arm-none-eabi-size CppTestRtos.elf  |tee "CppTestRtos.elf.size"
   text	   data	    bss	    dec	    hex	filename
 755362	   4420	  94016	 853798	  d0726	CppTestRtos.elf
'Finished building: CppTestRtos.elf.size'
' '
12:06:40 **** Clean-only build of configuration Debug for project CppTestRtos ****
make clean 
rm -rf  ./src/os/Mutex.o ./src/os/Semaphore.o ./src/os/Thread.o  ./src/main.o  ./src/os/Mutex.d ./src/os/Semaphore.d ./src/os/Thread.d  ./src/main.d  CppTestRtos.elf.size  CppTestRtos.elf
' '
12:06:40 **** Auto Build of configuration Debug for project CppTestRtos ****
make pre-build main-build 
a9-linaro-pre-build-step
' '
'Building file: ../src/os/Mutex.cpp'
'Invoking: ARM v7 g++ compiler'
arm-none-eabi-g++ -Wall -O0 -g3 -I"C:\XilinxProjects\lab1\lab1.sdk\CppTestRtos\src\os" -c -fmessage-length=0 -MT"src/os/Mutex.o" -mcpu=cortex-a9 -mfpu=vfpv3 -mfloat-abi=hard -I../../freertos901_xilinx_bsp_0/ps7_cortexa9_0/include -MMD -MP -MF"src/os/Mutex.d" -MT"src/os/Mutex.o" -o "src/os/Mutex.o" "../src/os/Mutex.cpp"
'Finished building: ../src/os/Mutex.cpp'
' '
'Building file: ../src/os/Semaphore.cpp'
'Invoking: ARM v7 g++ compiler'
arm-none-eabi-g++ -Wall -O0 -g3 -I"C:\XilinxProjects\lab1\lab1.sdk\CppTestRtos\src\os" -c -fmessage-length=0 -MT"src/os/Semaphore.o" -mcpu=cortex-a9 -mfpu=vfpv3 -mfloat-abi=hard -I../../freertos901_xilinx_bsp_0/ps7_cortexa9_0/include -MMD -MP -MF"src/os/Semaphore.d" -MT"src/os/Semaphore.o" -o "src/os/Semaphore.o" "../src/os/Semaphore.cpp"
'Finished building: ../src/os/Semaphore.cpp'
' '
'Building file: ../src/os/Thread.cpp'
'Invoking: ARM v7 g++ compiler'
arm-none-eabi-g++ -Wall -O0 -g3 -I"C:\XilinxProjects\lab1\lab1.sdk\CppTestRtos\src\os" -c -fmessage-length=0 -MT"src/os/Thread.o" -mcpu=cortex-a9 -mfpu=vfpv3 -mfloat-abi=hard -I../../freertos901_xilinx_bsp_0/ps7_cortexa9_0/include -MMD -MP -MF"src/os/Thread.d" -MT"src/os/Thread.o" -o "src/os/Thread.o" "../src/os/Thread.cpp"
'Finished building: ../src/os/Thread.cpp'
' '
'Building file: ../src/main.cpp'
'Invoking: ARM v7 g++ compiler'
arm-none-eabi-g++ -Wall -O0 -g3 -I"C:\XilinxProjects\lab1\lab1.sdk\CppTestRtos\src\os" -c -fmessage-length=0 -MT"src/main.o" -mcpu=cortex-a9 -mfpu=vfpv3 -mfloat-abi=hard -I../../freertos901_xilinx_bsp_0/ps7_cortexa9_0/include -MMD -MP -MF"src/main.d" -MT"src/main.o" -o "src/main.o" "../src/main.cpp"
'Finished building: ../src/main.cpp'
' '
'Building target: CppTestRtos.elf'
'Invoking: ARM v7 g++ linker'
arm-none-eabi-g++ -mcpu=cortex-a9 -mfpu=vfpv3 -mfloat-abi=hard -Wl,-build-id=none -specs=Xilinx.spec -Wl,-T -Wl,../src/lscript.ld -L../../freertos901_xilinx_bsp_0/ps7_cortexa9_0/lib -o "CppTestRtos.elf"  ./src/os/Mutex.o ./src/os/Semaphore.o ./src/os/Thread.o  ./src/main.o   -Wl,--start-group,-lxil,-lfreertos,-lgcc,-lc,-lstdc++,--end-group
'Finished building target: CppTestRtos.elf'
' '
'Invoking: ARM v7 Print Size'
arm-none-eabi-size CppTestRtos.elf  |tee "CppTestRtos.elf.size"
   text	   data	    bss	    dec	    hex	filename
 755362	   4420	  94016	 853798	  d0726	CppTestRtos.elf
'Finished building: CppTestRtos.elf.size'
' '
12:07:34 **** Incremental Build of configuration Debug for project CppTestRtos ****
make pre-build main-build 
a9-linaro-pre-build-step
' '
make: Ingenting at gøre for 'main-build'.
12:07:36 **** Incremental Build of configuration Debug for project Ctest ****
make pre-build main-build 
a9-linaro-pre-build-step
' '
make: Ingenting at gøre for 'main-build'.
12:08:05 **** Incremental Build of configuration Debug for project CppTestRtos ****
make pre-build main-build 
a9-linaro-pre-build-step
' '
make: Ingenting at gøre for 'main-build'.
12:08:07 **** Incremental Build of configuration Debug for project Ctest ****
make pre-build main-build 
a9-linaro-pre-build-step
' '
make: Ingenting at gøre for 'main-build'.
10:29:45 **** Incremental Build of configuration Debug for project CppTestRtos ****
make pre-build main-build 
a9-linaro-pre-build-step
' '
make: Ingenting at gøre for 'main-build'.
10:29:47 **** Incremental Build of configuration Debug for project Ctest ****
make pre-build main-build 
a9-linaro-pre-build-step
' '
make: Ingenting at gøre for 'main-build'.
10:30:25 **** Incremental Build of configuration Debug for project CppTestRtos ****
make pre-build main-build 
a9-linaro-pre-build-step
' '
make: Ingenting at gøre for 'main-build'.
10:30:27 **** Incremental Build of configuration Debug for project Ctest ****
make pre-build main-build 
a9-linaro-pre-build-step
' '
make: Ingenting at gøre for 'main-build'.
10:31:19 **** Incremental Build of configuration Debug for project CppTestRtos ****
make pre-build main-build 
a9-linaro-pre-build-step
' '
make: Ingenting at gøre for 'main-build'.
10:31:21 **** Incremental Build of configuration Debug for project Ctest ****
make pre-build main-build 
a9-linaro-pre-build-step
' '
make: Ingenting at gøre for 'main-build'.
10:33:05 **** Incremental Build of configuration Debug for project CppTestRtos ****
make pre-build main-build 
a9-linaro-pre-build-step
' '
make: Ingenting at gøre for 'main-build'.
10:33:07 **** Incremental Build of configuration Debug for project Ctest ****
make pre-build main-build 
a9-linaro-pre-build-step
' '
make: Ingenting at gøre for 'main-build'.
11:35:01 **** Incremental Build of configuration Debug for project CppTestRtos ****
make pre-build main-build 
a9-linaro-pre-build-step
' '
make: Ingenting at gøre for 'main-build'.
11:35:03 **** Incremental Build of configuration Debug for project Ctest ****
make pre-build main-build 
a9-linaro-pre-build-step
' '
make: Ingenting at gøre for 'main-build'.
11:35:22 **** Incremental Build of configuration Debug for project CppTestRtos ****
make pre-build main-build 
a9-linaro-pre-build-step
' '
make: Ingenting at gøre for 'main-build'.
11:37:11 **** Incremental Build of configuration Debug for project CppTestRtos ****
make pre-build main-build 
a9-linaro-pre-build-step
' '
make: Ingenting at gøre for 'main-build'.
10:19:08 **** Auto Build of configuration Debug for project CppTestRtos ****
make pre-build main-build 
a9-linaro-pre-build-step
' '
'Building file: ../src/os/Mutex.cpp'
'Invoking: ARM v7 g++ compiler'
arm-none-eabi-g++ -Wall -O0 -g3 -I"C:\Users\black\Downloads\lab1\lab1.sdk\CppTestRtos\src\os" -c -fmessage-length=0 -MT"src/os/Mutex.o" -mcpu=cortex-a9 -mfpu=vfpv3 -mfloat-abi=hard -I../../freertos901_xilinx_bsp_0/ps7_cortexa9_0/include -MMD -MP -MF"src/os/Mutex.d" -MT"src/os/Mutex.o" -o "src/os/Mutex.o" "../src/os/Mutex.cpp"
In file included from ../src/os/Mutex.cpp:7:0:
../src/os/Mutex.h:9:22: fatal error: FreeRTOS.h: No such file or directory
 #include "FreeRTOS.h"
                      ^
compilation terminated.
make: *** [src/os/Mutex.o] Error 1
10:19:10 **** Auto Build of configuration Debug for project Ctest ****
make pre-build main-build 
a9-linaro-pre-build-step
' '
'Building file: ../src/lab1.c'
'Invoking: ARM v7 gcc compiler'
arm-none-eabi-gcc -Wall -O0 -g3 -c -fmessage-length=0 -MT"src/lab1.o" -mcpu=cortex-a9 -mfpu=vfpv3 -mfloat-abi=hard -I../../standalone_bsp_0/ps7_cortexa9_0/include -MMD -MP -MF"src/lab1.d" -MT"src/lab1.o" -o "src/lab1.o" "../src/lab1.c"
../src/lab1.c:1:25: fatal error: xparameters.h: No such file or directory
 #include "xparameters.h"
                         ^
compilation terminated.
make: *** [src/lab1.o] Error 1
10:24:19 **** Build of project freertos901_xilinx_bsp ****
make -k all 
"Running Make include in ps7_cortexa9_0/libsrc/coresightps_dcc_v1_4/src"
make -C ps7_cortexa9_0/libsrc/coresightps_dcc_v1_4/src -s include  "SHELL=CMD" "COMPILER=arm-none-eabi-gcc" "ARCHIVER=arm-none-eabi-ar" "COMPILER_FLAGS=  -O2 -c" "EXTRA_COMPILER_FLAGS=-mcpu=cortex-a9 -mfpu=vfpv3 -mfloat-abi=hard -nostartfiles -Wall -Wextra"
"Running Make include in ps7_cortexa9_0/libsrc/cpu_cortexa9_v2_4/src"
make -C ps7_cortexa9_0/libsrc/cpu_cortexa9_v2_4/src -s include  "SHELL=CMD" "COMPILER=arm-none-eabi-gcc" "ARCHIVER=arm-none-eabi-ar" "COMPILER_FLAGS=  -O2 -c" "EXTRA_COMPILER_FLAGS=-mcpu=cortex-a9 -mfpu=vfpv3 -mfloat-abi=hard -nostartfiles -Wall -Wextra"
"Running Make include in ps7_cortexa9_0/libsrc/ddrps_v1_0/src"
make -C ps7_cortexa9_0/libsrc/ddrps_v1_0/src -s include  "SHELL=CMD" "COMPILER=arm-none-eabi-gcc" "ARCHIVER=arm-none-eabi-ar" "COMPILER_FLAGS=  -O2 -c" "EXTRA_COMPILER_FLAGS=-mcpu=cortex-a9 -mfpu=vfpv3 -mfloat-abi=hard -nostartfiles -Wall -Wextra"
"Running Make include in ps7_cortexa9_0/libsrc/devcfg_v3_4/src"
make -C ps7_cortexa9_0/libsrc/devcfg_v3_4/src -s include  "SHELL=CMD" "COMPILER=arm-none-eabi-gcc" "ARCHIVER=arm-none-eabi-ar" "COMPILER_FLAGS=  -O2 -c" "EXTRA_COMPILER_FLAGS=-mcpu=cortex-a9 -mfpu=vfpv3 -mfloat-abi=hard -nostartfiles -Wall -Wextra"
"Running Make include in ps7_cortexa9_0/libsrc/dmaps_v2_3/src"
make -C ps7_cortexa9_0/libsrc/dmaps_v2_3/src -s include  "SHELL=CMD" "COMPILER=arm-none-eabi-gcc" "ARCHIVER=arm-none-eabi-ar" "COMPILER_FLAGS=  -O2 -c" "EXTRA_COMPILER_FLAGS=-mcpu=cortex-a9 -mfpu=vfpv3 -mfloat-abi=hard -nostartfiles -Wall -Wextra"
"Running Make include in ps7_cortexa9_0/libsrc/freertos901_xilinx_v1_0/src"
make -C ps7_cortexa9_0/libsrc/freertos901_xilinx_v1_0/src -s include  "SHELL=CMD" "COMPILER=arm-none-eabi-gcc" "ARCHIVER=arm-none-eabi-ar" "COMPILER_FLAGS=  -O2 -c" "EXTRA_COMPILER_FLAGS=-mcpu=cortex-a9 -mfpu=vfpv3 -mfloat-abi=hard -nostartfiles -Wall -Wextra"
"include"
"Running Make include in ps7_cortexa9_0/libsrc/gpio_v4_3/src"
make -C ps7_cortexa9_0/libsrc/gpio_v4_3/src -s include  "SHELL=CMD" "COMPILER=arm-none-eabi-gcc" "ARCHIVER=arm-none-eabi-ar" "COMPILER_FLAGS=  -O2 -c" "EXTRA_COMPILER_FLAGS=-mcpu=cortex-a9 -mfpu=vfpv3 -mfloat-abi=hard -nostartfiles -Wall -Wextra"
"Running Make include in ps7_cortexa9_0/libsrc/qspips_v3_3/src"
make -C ps7_cortexa9_0/libsrc/qspips_v3_3/src -s include  "SHELL=CMD" "COMPILER=arm-none-eabi-gcc" "ARCHIVER=arm-none-eabi-ar" "COMPILER_FLAGS=  -O2 -c" "EXTRA_COMPILER_FLAGS=-mcpu=cortex-a9 -mfpu=vfpv3 -mfloat-abi=hard -nostartfiles -Wall -Wextra"
"Running Make include in ps7_cortexa9_0/libsrc/scugic_v3_7/src"
make -C ps7_cortexa9_0/libsrc/scugic_v3_7/src -s include  "SHELL=CMD" "COMPILER=arm-none-eabi-gcc" "ARCHIVER=arm-none-eabi-ar" "COMPILER_FLAGS=  -O2 -c" "EXTRA_COMPILER_FLAGS=-mcpu=cortex-a9 -mfpu=vfpv3 -mfloat-abi=hard -nostartfiles -Wall -Wextra"
"Running Make include in ps7_cortexa9_0/libsrc/scutimer_v2_1/src"
make -C ps7_cortexa9_0/libsrc/scutimer_v2_1/src -s include  "SHELL=CMD" "COMPILER=arm-none-eabi-gcc" "ARCHIVER=arm-none-eabi-ar" "COMPILER_FLAGS=  -O2 -c" "EXTRA_COMPILER_FLAGS=-mcpu=cortex-a9 -mfpu=vfpv3 -mfloat-abi=hard -nostartfiles -Wall -Wextra"
"Running Make include in ps7_cortexa9_0/libsrc/scuwdt_v2_1/src"
make -C ps7_cortexa9_0/libsrc/scuwdt_v2_1/src -s include  "SHELL=CMD" "COMPILER=arm-none-eabi-gcc" "ARCHIVER=arm-none-eabi-ar" "COMPILER_FLAGS=  -O2 -c" "EXTRA_COMPILER_FLAGS=-mcpu=cortex-a9 -mfpu=vfpv3 -mfloat-abi=hard -nostartfiles -Wall -Wextra"
"Running Make include in ps7_cortexa9_0/libsrc/uartps_v3_4/src"
make -C ps7_cortexa9_0/libsrc/uartps_v3_4/src -s include  "SHELL=CMD" "COMPILER=arm-none-eabi-gcc" "ARCHIVER=arm-none-eabi-ar" "COMPILER_FLAGS=  -O2 -c" "EXTRA_COMPILER_FLAGS=-mcpu=cortex-a9 -mfpu=vfpv3 -mfloat-abi=hard -nostartfiles -Wall -Wextra"
"Running Make include in ps7_cortexa9_0/libsrc/xadcps_v2_2/src"
make -C ps7_cortexa9_0/libsrc/xadcps_v2_2/src -s include  "SHELL=CMD" "COMPILER=arm-none-eabi-gcc" "ARCHIVER=arm-none-eabi-ar" "COMPILER_FLAGS=  -O2 -c" "EXTRA_COMPILER_FLAGS=-mcpu=cortex-a9 -mfpu=vfpv3 -mfloat-abi=hard -nostartfiles -Wall -Wextra"
"Running Make libs in ps7_cortexa9_0/libsrc/coresightps_dcc_v1_4/src"
make -C ps7_cortexa9_0/libsrc/coresightps_dcc_v1_4/src -s libs  "SHELL=CMD" "COMPILER=arm-none-eabi-gcc" "ARCHIVER=arm-none-eabi-ar" "COMPILER_FLAGS=  -O2 -c" "EXTRA_COMPILER_FLAGS=-mcpu=cortex-a9 -mfpu=vfpv3 -mfloat-abi=hard -nostartfiles -Wall -Wextra"
"Compiling coresightps_dcc"
arm-none-eabi-ar: creating ../../../lib/libxil.a
"Running Make libs in ps7_cortexa9_0/libsrc/cpu_cortexa9_v2_4/src"
make -C ps7_cortexa9_0/libsrc/cpu_cortexa9_v2_4/src -s libs  "SHELL=CMD" "COMPILER=arm-none-eabi-gcc" "ARCHIVER=arm-none-eabi-ar" "COMPILER_FLAGS=  -O2 -c" "EXTRA_COMPILER_FLAGS=-mcpu=cortex-a9 -mfpu=vfpv3 -mfloat-abi=hard -nostartfiles -Wall -Wextra"
"Compiling cpu_cortexa9"
"Running Make libs in ps7_cortexa9_0/libsrc/ddrps_v1_0/src"
make -C ps7_cortexa9_0/libsrc/ddrps_v1_0/src -s libs  "SHELL=CMD" "COMPILER=arm-none-eabi-gcc" "ARCHIVER=arm-none-eabi-ar" "COMPILER_FLAGS=  -O2 -c" "EXTRA_COMPILER_FLAGS=-mcpu=cortex-a9 -mfpu=vfpv3 -mfloat-abi=hard -nostartfiles -Wall -Wextra"
"Compiling ddrps"
"Running Make libs in ps7_cortexa9_0/libsrc/devcfg_v3_4/src"
make -C ps7_cortexa9_0/libsrc/devcfg_v3_4/src -s libs  "SHELL=CMD" "COMPILER=arm-none-eabi-gcc" "ARCHIVER=arm-none-eabi-ar" "COMPILER_FLAGS=  -O2 -c" "EXTRA_COMPILER_FLAGS=-mcpu=cortex-a9 -mfpu=vfpv3 -mfloat-abi=hard -nostartfiles -Wall -Wextra"
"Compiling devcfg"
"Running Make libs in ps7_cortexa9_0/libsrc/dmaps_v2_3/src"
make -C ps7_cortexa9_0/libsrc/dmaps_v2_3/src -s libs  "SHELL=CMD" "COMPILER=arm-none-eabi-gcc" "ARCHIVER=arm-none-eabi-ar" "COMPILER_FLAGS=  -O2 -c" "EXTRA_COMPILER_FLAGS=-mcpu=cortex-a9 -mfpu=vfpv3 -mfloat-abi=hard -nostartfiles -Wall -Wextra"
"Compiling dmaps"
"Running Make libs in ps7_cortexa9_0/libsrc/freertos901_xilinx_v1_0/src"
make -C ps7_cortexa9_0/libsrc/freertos901_xilinx_v1_0/src -s libs  "SHELL=CMD" "COMPILER=arm-none-eabi-gcc" "ARCHIVER=arm-none-eabi-ar" "COMPILER_FLAGS=  -O2 -c" "EXTRA_COMPILER_FLAGS=-mcpu=cortex-a9 -mfpu=vfpv3 -mfloat-abi=hard -nostartfiles -Wall -Wextra"
"Compiling standalone"
"Compiling FreeRTOS"
arm-none-eabi-ar: creating ../../../lib/libfreertos.a
"Running Make libs in ps7_cortexa9_0/libsrc/gpio_v4_3/src"
make -C ps7_cortexa9_0/libsrc/gpio_v4_3/src -s libs  "SHELL=CMD" "COMPILER=arm-none-eabi-gcc" "ARCHIVER=arm-none-eabi-ar" "COMPILER_FLAGS=  -O2 -c" "EXTRA_COMPILER_FLAGS=-mcpu=cortex-a9 -mfpu=vfpv3 -mfloat-abi=hard -nostartfiles -Wall -Wextra"
"Compiling gpio"
"Running Make libs in ps7_cortexa9_0/libsrc/qspips_v3_3/src"
make -C ps7_cortexa9_0/libsrc/qspips_v3_3/src -s libs  "SHELL=CMD" "COMPILER=arm-none-eabi-gcc" "ARCHIVER=arm-none-eabi-ar" "COMPILER_FLAGS=  -O2 -c" "EXTRA_COMPILER_FLAGS=-mcpu=cortex-a9 -mfpu=vfpv3 -mfloat-abi=hard -nostartfiles -Wall -Wextra"
"Compiling qspips"
"Running Make libs in ps7_cortexa9_0/libsrc/scugic_v3_7/src"
make -C ps7_cortexa9_0/libsrc/scugic_v3_7/src -s libs  "SHELL=CMD" "COMPILER=arm-none-eabi-gcc" "ARCHIVER=arm-none-eabi-ar" "COMPILER_FLAGS=  -O2 -c" "EXTRA_COMPILER_FLAGS=-mcpu=cortex-a9 -mfpu=vfpv3 -mfloat-abi=hard -nostartfiles -Wall -Wextra"
"Compiling scugic"
xscugic_g.c:53:2: warning: missing initializer for field 'HandlerTable' of 'XScuGic_Config {aka struct <anonymous>}' [-Wmissing-field-initializers]
  }
  ^
In file included from xscugic_g.c:41:0:
xscugic.h:218:27: note: 'HandlerTable' declared here
  XScuGic_VectorTableEntry HandlerTable[XSCUGIC_MAX_NUM_INTR_INPUTS];/**<
                           ^~~~~~~~~~~~
"Running Make libs in ps7_cortexa9_0/libsrc/scutimer_v2_1/src"
make -C ps7_cortexa9_0/libsrc/scutimer_v2_1/src -s libs  "SHELL=CMD" "COMPILER=arm-none-eabi-gcc" "ARCHIVER=arm-none-eabi-ar" "COMPILER_FLAGS=  -O2 -c" "EXTRA_COMPILER_FLAGS=-mcpu=cortex-a9 -mfpu=vfpv3 -mfloat-abi=hard -nostartfiles -Wall -Wextra"
"Compiling scutimer"
"Running Make libs in ps7_cortexa9_0/libsrc/scuwdt_v2_1/src"
make -C ps7_cortexa9_0/libsrc/scuwdt_v2_1/src -s libs  "SHELL=CMD" "COMPILER=arm-none-eabi-gcc" "ARCHIVER=arm-none-eabi-ar" "COMPILER_FLAGS=  -O2 -c" "EXTRA_COMPILER_FLAGS=-mcpu=cortex-a9 -mfpu=vfpv3 -mfloat-abi=hard -nostartfiles -Wall -Wextra"
"Compiling scuwdt"
"Running Make libs in ps7_cortexa9_0/libsrc/uartps_v3_4/src"
make -C ps7_cortexa9_0/libsrc/uartps_v3_4/src -s libs  "SHELL=CMD" "COMPILER=arm-none-eabi-gcc" "ARCHIVER=arm-none-eabi-ar" "COMPILER_FLAGS=  -O2 -c" "EXTRA_COMPILER_FLAGS=-mcpu=cortex-a9 -mfpu=vfpv3 -mfloat-abi=hard -nostartfiles -Wall -Wextra"
"Compiling uartps"
"Running Make libs in ps7_cortexa9_0/libsrc/xadcps_v2_2/src"
make -C ps7_cortexa9_0/libsrc/xadcps_v2_2/src -s libs  "SHELL=CMD" "COMPILER=arm-none-eabi-gcc" "ARCHIVER=arm-none-eabi-ar" "COMPILER_FLAGS=  -O2 -c" "EXTRA_COMPILER_FLAGS=-mcpu=cortex-a9 -mfpu=vfpv3 -mfloat-abi=hard -nostartfiles -Wall -Wextra"
"Compiling xadcps"
'Finished building libraries'
10:26:50 **** Build of configuration Debug for project PSOS ****
make pre-build main-build 
a9-linaro-pre-build-step
' '
'Building file: ../src/main.cc'
'Invoking: ARM v7 g++ compiler'
arm-none-eabi-g++ -Wall -O0 -g3 -c -fmessage-length=0 -MT"src/main.o" -mcpu=cortex-a9 -mfpu=vfpv3 -mfloat-abi=hard -I../../freertos901_xilinx_bsp/ps7_cortexa9_0/include -MMD -MP -MF"src/main.d" -MT"src/main.o" -o "src/main.o" "../src/main.cc"
'Finished building: ../src/main.cc'
' '
'Building target: PSOS.elf'
'Invoking: ARM v7 g++ linker'
arm-none-eabi-g++ -mcpu=cortex-a9 -mfpu=vfpv3 -mfloat-abi=hard -Wl,-build-id=none -specs=Xilinx.spec -Wl,-T -Wl,../src/lscript.ld -L../../freertos901_xilinx_bsp/ps7_cortexa9_0/lib -o "PSOS.elf"  ./src/main.o   -Wl,--start-group,-lxil,-lfreertos,-lgcc,-lc,-lstdc++,--end-group
'Finished building target: PSOS.elf'
' '
'Invoking: ARM v7 Print Size'
arm-none-eabi-size PSOS.elf  |tee "PSOS.elf.size"
   text	   data	    bss	    dec	    hex	filename
  89212	   4172	  89408	 182792	  2ca08	PSOS.elf
'Finished building: PSOS.elf.size'
' '
10:28:31 **** Auto Build of configuration Debug for project PSOS ****
make pre-build main-build 
a9-linaro-pre-build-step
' '
'Building file: ../src/os/Mutex.cpp'
'Invoking: ARM v7 g++ compiler'
arm-none-eabi-g++ -Wall -O0 -g3 -c -fmessage-length=0 -MT"src/os/Mutex.o" -mcpu=cortex-a9 -mfpu=vfpv3 -mfloat-abi=hard -I../../freertos901_xilinx_bsp/ps7_cortexa9_0/include -MMD -MP -MF"src/os/Mutex.d" -MT"src/os/Mutex.o" -o "src/os/Mutex.o" "../src/os/Mutex.cpp"
'Finished building: ../src/os/Mutex.cpp'
' '
'Building file: ../src/os/Semaphore.cpp'
'Invoking: ARM v7 g++ compiler'
arm-none-eabi-g++ -Wall -O0 -g3 -c -fmessage-length=0 -MT"src/os/Semaphore.o" -mcpu=cortex-a9 -mfpu=vfpv3 -mfloat-abi=hard -I../../freertos901_xilinx_bsp/ps7_cortexa9_0/include -MMD -MP -MF"src/os/Semaphore.d" -MT"src/os/Semaphore.o" -o "src/os/Semaphore.o" "../src/os/Semaphore.cpp"
'Finished building: ../src/os/Semaphore.cpp'
' '
'Building file: ../src/os/Thread.cpp'
'Invoking: ARM v7 g++ compiler'
arm-none-eabi-g++ -Wall -O0 -g3 -c -fmessage-length=0 -MT"src/os/Thread.o" -mcpu=cortex-a9 -mfpu=vfpv3 -mfloat-abi=hard -I../../freertos901_xilinx_bsp/ps7_cortexa9_0/include -MMD -MP -MF"src/os/Thread.d" -MT"src/os/Thread.o" -o "src/os/Thread.o" "../src/os/Thread.cpp"
'Finished building: ../src/os/Thread.cpp'
' '
'Building target: PSOS.elf'
'Invoking: ARM v7 g++ linker'
arm-none-eabi-g++ -mcpu=cortex-a9 -mfpu=vfpv3 -mfloat-abi=hard -Wl,-build-id=none -specs=Xilinx.spec -Wl,-T -Wl,../src/lscript.ld -L../../freertos901_xilinx_bsp/ps7_cortexa9_0/lib -o "PSOS.elf"  ./src/os/Mutex.o ./src/os/Semaphore.o ./src/os/Thread.o  ./src/main.o   -Wl,--start-group,-lxil,-lfreertos,-lgcc,-lc,-lstdc++,--end-group
'Finished building target: PSOS.elf'
' '
'Invoking: ARM v7 Print Size'
arm-none-eabi-size PSOS.elf  |tee "PSOS.elf.size"
   text	   data	    bss	    dec	    hex	filename
 736246	   4420	  94008	 834674	  cbc72	PSOS.elf
'Finished building: PSOS.elf.size'
' '
10:28:43 **** Clean-only build of configuration Debug for project PSOS ****
make clean 
rm -rf  ./src/main.d  ./src/os/Mutex.o ./src/os/Semaphore.o ./src/os/Thread.o  ./src/main.o  ./src/os/Mutex.d ./src/os/Semaphore.d ./src/os/Thread.d  ./src/main.d  PSOS.elf.size  PSOS.elf
' '
10:28:43 **** Auto Build of configuration Debug for project PSOS ****
make pre-build main-build 
a9-linaro-pre-build-step
' '
'Building file: ../src/os/Mutex.cpp'
'Invoking: ARM v7 g++ compiler'
arm-none-eabi-g++ -Wall -O0 -g3 -c -fmessage-length=0 -MT"src/os/Mutex.o" -mcpu=cortex-a9 -mfpu=vfpv3 -mfloat-abi=hard -I../../freertos901_xilinx_bsp/ps7_cortexa9_0/include -MMD -MP -MF"src/os/Mutex.d" -MT"src/os/Mutex.o" -o "src/os/Mutex.o" "../src/os/Mutex.cpp"
'Finished building: ../src/os/Mutex.cpp'
' '
'Building file: ../src/os/Semaphore.cpp'
'Invoking: ARM v7 g++ compiler'
arm-none-eabi-g++ -Wall -O0 -g3 -c -fmessage-length=0 -MT"src/os/Semaphore.o" -mcpu=cortex-a9 -mfpu=vfpv3 -mfloat-abi=hard -I../../freertos901_xilinx_bsp/ps7_cortexa9_0/include -MMD -MP -MF"src/os/Semaphore.d" -MT"src/os/Semaphore.o" -o "src/os/Semaphore.o" "../src/os/Semaphore.cpp"
'Finished building: ../src/os/Semaphore.cpp'
' '
'Building file: ../src/os/Thread.cpp'
'Invoking: ARM v7 g++ compiler'
arm-none-eabi-g++ -Wall -O0 -g3 -c -fmessage-length=0 -MT"src/os/Thread.o" -mcpu=cortex-a9 -mfpu=vfpv3 -mfloat-abi=hard -I../../freertos901_xilinx_bsp/ps7_cortexa9_0/include -MMD -MP -MF"src/os/Thread.d" -MT"src/os/Thread.o" -o "src/os/Thread.o" "../src/os/Thread.cpp"
'Finished building: ../src/os/Thread.cpp'
' '
'Building file: ../src/main.cpp'
'Invoking: ARM v7 g++ compiler'
arm-none-eabi-g++ -Wall -O0 -g3 -c -fmessage-length=0 -MT"src/main.o" -mcpu=cortex-a9 -mfpu=vfpv3 -mfloat-abi=hard -I../../freertos901_xilinx_bsp/ps7_cortexa9_0/include -MMD -MP -MF"src/main.d" -MT"src/main.o" -o "src/main.o" "../src/main.cpp"
In file included from ../src/main.cpp:11:0:
../src/UserThread.h:11:20: fatal error: Thread.h: No such file or directory
 #include "Thread.h"
                    ^
compilation terminated.
make: *** [src/main.o] Error 1
10:30:41 **** Clean-only build of configuration Debug for project PSOS ****
make clean 
rm -rf  ./src/os/Mutex.o ./src/os/Semaphore.o ./src/os/Thread.o  ./src/main.o  ./src/os/Mutex.d ./src/os/Semaphore.d ./src/os/Thread.d  ./src/main.d  PSOS.elf.size  PSOS.elf
' '
10:30:41 **** Auto Build of configuration Debug for project PSOS ****
make pre-build main-build 
a9-linaro-pre-build-step
' '
'Building file: ../src/os/Mutex.cpp'
'Invoking: ARM v7 g++ compiler'
arm-none-eabi-g++ -Wall -O0 -g3 -I"C:\Users\black\Downloads\lab1\lab1.sdk\PSOS\src\os" -c -fmessage-length=0 -MT"src/os/Mutex.o" -mcpu=cortex-a9 -mfpu=vfpv3 -mfloat-abi=hard -I../../freertos901_xilinx_bsp/ps7_cortexa9_0/include -MMD -MP -MF"src/os/Mutex.d" -MT"src/os/Mutex.o" -o "src/os/Mutex.o" "../src/os/Mutex.cpp"
'Finished building: ../src/os/Mutex.cpp'
' '
'Building file: ../src/os/Semaphore.cpp'
'Invoking: ARM v7 g++ compiler'
arm-none-eabi-g++ -Wall -O0 -g3 -I"C:\Users\black\Downloads\lab1\lab1.sdk\PSOS\src\os" -c -fmessage-length=0 -MT"src/os/Semaphore.o" -mcpu=cortex-a9 -mfpu=vfpv3 -mfloat-abi=hard -I../../freertos901_xilinx_bsp/ps7_cortexa9_0/include -MMD -MP -MF"src/os/Semaphore.d" -MT"src/os/Semaphore.o" -o "src/os/Semaphore.o" "../src/os/Semaphore.cpp"
'Finished building: ../src/os/Semaphore.cpp'
' '
'Building file: ../src/os/Thread.cpp'
'Invoking: ARM v7 g++ compiler'
arm-none-eabi-g++ -Wall -O0 -g3 -I"C:\Users\black\Downloads\lab1\lab1.sdk\PSOS\src\os" -c -fmessage-length=0 -MT"src/os/Thread.o" -mcpu=cortex-a9 -mfpu=vfpv3 -mfloat-abi=hard -I../../freertos901_xilinx_bsp/ps7_cortexa9_0/include -MMD -MP -MF"src/os/Thread.d" -MT"src/os/Thread.o" -o "src/os/Thread.o" "../src/os/Thread.cpp"
'Finished building: ../src/os/Thread.cpp'
' '
'Building file: ../src/main.cpp'
'Invoking: ARM v7 g++ compiler'
arm-none-eabi-g++ -Wall -O0 -g3 -I"C:\Users\black\Downloads\lab1\lab1.sdk\PSOS\src\os" -c -fmessage-length=0 -MT"src/main.o" -mcpu=cortex-a9 -mfpu=vfpv3 -mfloat-abi=hard -I../../freertos901_xilinx_bsp/ps7_cortexa9_0/include -MMD -MP -MF"src/main.d" -MT"src/main.o" -o "src/main.o" "../src/main.cpp"
'Finished building: ../src/main.cpp'
' '
'Building target: PSOS.elf'
'Invoking: ARM v7 g++ linker'
arm-none-eabi-g++ -mcpu=cortex-a9 -mfpu=vfpv3 -mfloat-abi=hard -Wl,-build-id=none -specs=Xilinx.spec -Wl,-T -Wl,../src/lscript.ld -L../../freertos901_xilinx_bsp/ps7_cortexa9_0/lib -o "PSOS.elf"  ./src/os/Mutex.o ./src/os/Semaphore.o ./src/os/Thread.o  ./src/main.o   -Wl,--start-group,-lxil,-lfreertos,-lgcc,-lc,-lstdc++,--end-group
'Finished building target: PSOS.elf'
' '
'Invoking: ARM v7 Print Size'
arm-none-eabi-size PSOS.elf  |tee "PSOS.elf.size"
   text	   data	    bss	    dec	    hex	filename
 755362	   4420	  94016	 853798	  d0726	PSOS.elf
'Finished building: PSOS.elf.size'
' '
10:30:44 **** Clean-only build of configuration Debug for project PSOS ****
make clean 
rm -rf  ./src/os/Mutex.o ./src/os/Semaphore.o ./src/os/Thread.o  ./src/main.o  ./src/os/Mutex.d ./src/os/Semaphore.d ./src/os/Thread.d  ./src/main.d  PSOS.elf.size  PSOS.elf
' '
10:30:44 **** Auto Build of configuration Debug for project PSOS ****
make pre-build main-build 
a9-linaro-pre-build-step
' '
'Building file: ../src/os/Mutex.cpp'
'Invoking: ARM v7 g++ compiler'
arm-none-eabi-g++ -Wall -O0 -g3 -I"C:\Users\black\Downloads\lab1\lab1.sdk\PSOS\src\os" -c -fmessage-length=0 -MT"src/os/Mutex.o" -mcpu=cortex-a9 -mfpu=vfpv3 -mfloat-abi=hard -I../../freertos901_xilinx_bsp/ps7_cortexa9_0/include -MMD -MP -MF"src/os/Mutex.d" -MT"src/os/Mutex.o" -o "src/os/Mutex.o" "../src/os/Mutex.cpp"
'Finished building: ../src/os/Mutex.cpp'
' '
'Building file: ../src/os/Semaphore.cpp'
'Invoking: ARM v7 g++ compiler'
arm-none-eabi-g++ -Wall -O0 -g3 -I"C:\Users\black\Downloads\lab1\lab1.sdk\PSOS\src\os" -c -fmessage-length=0 -MT"src/os/Semaphore.o" -mcpu=cortex-a9 -mfpu=vfpv3 -mfloat-abi=hard -I../../freertos901_xilinx_bsp/ps7_cortexa9_0/include -MMD -MP -MF"src/os/Semaphore.d" -MT"src/os/Semaphore.o" -o "src/os/Semaphore.o" "../src/os/Semaphore.cpp"
'Finished building: ../src/os/Semaphore.cpp'
' '
'Building file: ../src/os/Thread.cpp'
'Invoking: ARM v7 g++ compiler'
arm-none-eabi-g++ -Wall -O0 -g3 -I"C:\Users\black\Downloads\lab1\lab1.sdk\PSOS\src\os" -c -fmessage-length=0 -MT"src/os/Thread.o" -mcpu=cortex-a9 -mfpu=vfpv3 -mfloat-abi=hard -I../../freertos901_xilinx_bsp/ps7_cortexa9_0/include -MMD -MP -MF"src/os/Thread.d" -MT"src/os/Thread.o" -o "src/os/Thread.o" "../src/os/Thread.cpp"
'Finished building: ../src/os/Thread.cpp'
' '
'Building file: ../src/main.cpp'
'Invoking: ARM v7 g++ compiler'
arm-none-eabi-g++ -Wall -O0 -g3 -I"C:\Users\black\Downloads\lab1\lab1.sdk\PSOS\src\os" -c -fmessage-length=0 -MT"src/main.o" -mcpu=cortex-a9 -mfpu=vfpv3 -mfloat-abi=hard -I../../freertos901_xilinx_bsp/ps7_cortexa9_0/include -MMD -MP -MF"src/main.d" -MT"src/main.o" -o "src/main.o" "../src/main.cpp"
'Finished building: ../src/main.cpp'
' '
'Building target: PSOS.elf'
'Invoking: ARM v7 g++ linker'
arm-none-eabi-g++ -mcpu=cortex-a9 -mfpu=vfpv3 -mfloat-abi=hard -Wl,-build-id=none -specs=Xilinx.spec -Wl,-T -Wl,../src/lscript.ld -L../../freertos901_xilinx_bsp/ps7_cortexa9_0/lib -o "PSOS.elf"  ./src/os/Mutex.o ./src/os/Semaphore.o ./src/os/Thread.o  ./src/main.o   -Wl,--start-group,-lxil,-lfreertos,-lgcc,-lc,-lstdc++,--end-group
'Finished building target: PSOS.elf'
' '
'Invoking: ARM v7 Print Size'
arm-none-eabi-size PSOS.elf  |tee "PSOS.elf.size"
   text	   data	    bss	    dec	    hex	filename
 755362	   4420	  94016	 853798	  d0726	PSOS.elf
'Finished building: PSOS.elf.size'
' '
10:33:14 **** Incremental Build of configuration Debug for project PSOS ****
make pre-build main-build 
a9-linaro-pre-build-step
' '
make: Nothing to be done for `main-build'.
10:33:48 **** Incremental Build of configuration Debug for project PSOS ****
make pre-build main-build 
a9-linaro-pre-build-step
' '
make: Nothing to be done for `main-build'.
10:40:41 **** Auto Build of configuration Debug for project PSOS ****
make pre-build main-build 
a9-linaro-pre-build-step
' '
'Building file: ../src/threads/MainThread.cpp'
'Invoking: ARM v7 g++ compiler'
arm-none-eabi-g++ -Wall -O0 -g3 -I"C:\Users\black\Downloads\lab1\lab1.sdk\PSOS\src\os" -c -fmessage-length=0 -MT"src/threads/MainThread.o" -mcpu=cortex-a9 -mfpu=vfpv3 -mfloat-abi=hard -I../../freertos901_xilinx_bsp/ps7_cortexa9_0/include -MMD -MP -MF"src/threads/MainThread.d" -MT"src/threads/MainThread.o" -o "src/threads/MainThread.o" "../src/threads/MainThread.cpp"
'Finished building: ../src/threads/MainThread.cpp'
' '
'Building file: ../src/stateMachine/Context.cpp'
'Invoking: ARM v7 g++ compiler'
arm-none-eabi-g++ -Wall -O0 -g3 -I"C:\Users\black\Downloads\lab1\lab1.sdk\PSOS\src\os" -c -fmessage-length=0 -MT"src/stateMachine/Context.o" -mcpu=cortex-a9 -mfpu=vfpv3 -mfloat-abi=hard -I../../freertos901_xilinx_bsp/ps7_cortexa9_0/include -MMD -MP -MF"src/stateMachine/Context.d" -MT"src/stateMachine/Context.o" -o "src/stateMachine/Context.o" "../src/stateMachine/Context.cpp"
../src/stateMachine/Context.cpp: In member function 'void Context::change_state(Context*)':
../src/stateMachine/Context.cpp:19:11: error: cannot convert 'Context*' to 'State*' in assignment
  _state = c;
           ^
make: *** [src/stateMachine/Context.o] Error 1
10:40:52 **** Auto Build of configuration Debug for project PSOS ****
make pre-build main-build 
a9-linaro-pre-build-step
' '
'Building file: ../src/stateMachine/Context.cpp'
'Invoking: ARM v7 g++ compiler'
arm-none-eabi-g++ -Wall -O0 -g3 -I"C:\Users\black\Downloads\lab1\lab1.sdk\PSOS\src\os" -c -fmessage-length=0 -MT"src/stateMachine/Context.o" -mcpu=cortex-a9 -mfpu=vfpv3 -mfloat-abi=hard -I../../freertos901_xilinx_bsp/ps7_cortexa9_0/include -MMD -MP -MF"src/stateMachine/Context.d" -MT"src/stateMachine/Context.o" -o "src/stateMachine/Context.o" "../src/stateMachine/Context.cpp"
../src/stateMachine/Context.cpp:18:6: error: prototype for 'void Context::change_state(State*)' does not match any in class 'Context'
 void Context::change_state(State* c) {
      ^~~~~~~
In file included from ../src/stateMachine/Context.cpp:8:0:
../src/stateMachine/Context.h:32:7: error: candidate is: void Context::change_state(Context*)
  void change_state(Context*);
       ^~~~~~~~~~~~
make: *** [src/stateMachine/Context.o] Error 1
10:41:03 **** Auto Build of configuration Debug for project PSOS ****
make pre-build main-build 
a9-linaro-pre-build-step
' '
'Building file: ../src/threads/MainThread.cpp'
'Invoking: ARM v7 g++ compiler'
[...]
      ^~~~~
../src/threads/MainThread.cpp:16:13: warning: unused variable 'skip' [-Wunused-variable]
  int value, skip, Status;
             ^~~~
../src/threads/MainThread.cpp:16:19: warning: unused variable 'Status' [-Wunused-variable]
  int value, skip, Status;
                   ^~~~~~
../src/threads/MainThread.cpp:17:6: warning: unused variable 'timer_state' [-Wunused-variable]
  int timer_state = 0;
      ^~~~~~~~~~~
../src/threads/MainThread.cpp:18:6: warning: unused variable 'red_led_counter' [-Wunused-variable]
  int red_led_counter = 0;
      ^~~~~~~~~~~~~~~
make: *** [src/threads/MainThread.o] Error 1
13:00:57 **** Auto Build of configuration Debug for project PSOS ****
make pre-build main-build 
a9-linaro-pre-build-step
' '
'Building file: ../src/threads/MainThread.cpp'
'Invoking: ARM v7 g++ compiler'
arm-none-eabi-g++ -Wall -O0 -g3 -I"C:\Users\black\Downloads\lab1\lab1.sdk\PSOS\src\os" -c -fmessage-length=0 -MT"src/threads/MainThread.o" -mcpu=cortex-a9 -mfpu=vfpv3 -mfloat-abi=hard -I../../freertos901_xilinx_bsp/ps7_cortexa9_0/include -MMD -MP -MF"src/threads/MainThread.d" -MT"src/threads/MainThread.o" -o "src/threads/MainThread.o" "../src/threads/MainThread.cpp"
../src/threads/MainThread.cpp: In member function 'virtual void MainThread::run()':
../src/threads/MainThread.cpp:15:9: warning: unused variable 'psb_check' [-Wunused-variable]
  int i, psb_check, dip_check;
         ^~~~~~~~~
../src/threads/MainThread.cpp:15:20: warning: unused variable 'dip_check' [-Wunused-variable]
  int i, psb_check, dip_check;
                    ^~~~~~~~~
../src/threads/MainThread.cpp:16:6: warning: unused variable 'value' [-Wunused-variable]
  int value, skip, Status;
      ^~~~~
../src/threads/MainThread.cpp:16:13: warning: unused variable 'skip' [-Wunused-variable]
  int value, skip, Status;
             ^~~~
../src/threads/MainThread.cpp:16:19: warning: unused variable 'Status' [-Wunused-variable]
  int value, skip, Status;
                   ^~~~~~
../src/threads/MainThread.cpp:17:6: warning: unused variable 'timer_state' [-Wunused-variable]
  int timer_state = 0;
      ^~~~~~~~~~~
../src/threads/MainThread.cpp:18:6: warning: unused variable 'red_led_counter' [-Wunused-variable]
  int red_led_counter = 0;
      ^~~~~~~~~~~~~~~
'Finished building: ../src/threads/MainThread.cpp'
' '
'Building file: ../src/stateMachine/Context.cpp'
'Invoking: ARM v7 g++ compiler'
arm-none-eabi-g++ -Wall -O0 -g3 -I"C:\Users\black\Downloads\lab1\lab1.sdk\PSOS\src\os" -c -fmessage-length=0 -MT"src/stateMachine/Context.o" -mcpu=cortex-a9 -mfpu=vfpv3 -mfloat-abi=hard -I../../freertos901_xilinx_bsp/ps7_cortexa9_0/include -MMD -MP -MF"src/stateMachine/Context.d" -MT"src/stateMachine/Context.o" -o "src/stateMachine/Context.o" "../src/stateMachine/Context.cpp"
'Finished building: ../src/stateMachine/Context.cpp'
' '
'Building file: ../src/stateMachine/FindMaxima.cpp'
'Invoking: ARM v7 g++ compiler'
arm-none-eabi-g++ -Wall -O0 -g3 -I"C:\Users\black\Downloads\lab1\lab1.sdk\PSOS\src\os" -c -fmessage-length=0 -MT"src/stateMachine/FindMaxima.o" -mcpu=cortex-a9 -mfpu=vfpv3 -mfloat-abi=hard -I../../freertos901_xilinx_bsp/ps7_cortexa9_0/include -MMD -MP -MF"src/stateMachine/FindMaxima.d" -MT"src/stateMachine/FindMaxima.o" -o "src/stateMachine/FindMaxima.o" "../src/stateMachine/FindMaxima.cpp"
'Finished building: ../src/stateMachine/FindMaxima.cpp'
' '
'Building file: ../src/stateMachine/FindMinima.cpp'
'Invoking: ARM v7 g++ compiler'
arm-none-eabi-g++ -Wall -O0 -g3 -I"C:\Users\black\Downloads\lab1\lab1.sdk\PSOS\src\os" -c -fmessage-length=0 -MT"src/stateMachine/FindMinima.o" -mcpu=cortex-a9 -mfpu=vfpv3 -mfloat-abi=hard -I../../freertos901_xilinx_bsp/ps7_cortexa9_0/include -MMD -MP -MF"src/stateMachine/FindMinima.d" -MT"src/stateMachine/FindMinima.o" -o "src/stateMachine/FindMinima.o" "../src/stateMachine/FindMinima.cpp"
'Finished building: ../src/stateMachine/FindMinima.cpp'
' '
'Building file: ../src/stateMachine/Setup.cpp'
'Invoking: ARM v7 g++ compiler'
arm-none-eabi-g++ -Wall -O0 -g3 -I"C:\Users\black\Downloads\lab1\lab1.sdk\PSOS\src\os" -c -fmessage-length=0 -MT"src/stateMachine/Setup.o" -mcpu=cortex-a9 -mfpu=vfpv3 -mfloat-abi=hard -I../../freertos901_xilinx_bsp/ps7_cortexa9_0/include -MMD -MP -MF"src/stateMachine/Setup.d" -MT"src/stateMachine/Setup.o" -o "src/stateMachine/Setup.o" "../src/stateMachine/Setup.cpp"
'Finished building: ../src/stateMachine/Setup.cpp'
' '
'Building file: ../src/stateMachine/State.cpp'
'Invoking: ARM v7 g++ compiler'
arm-none-eabi-g++ -Wall -O0 -g3 -I"C:\Users\black\Downloads\lab1\lab1.sdk\PSOS\src\os" -c -fmessage-length=0 -MT"src/stateMachine/State.o" -mcpu=cortex-a9 -mfpu=vfpv3 -mfloat-abi=hard -I../../freertos901_xilinx_bsp/ps7_cortexa9_0/include -MMD -MP -MF"src/stateMachine/State.d" -MT"src/stateMachine/State.o" -o "src/stateMachine/State.o" "../src/stateMachine/State.cpp"
'Finished building: ../src/stateMachine/State.cpp'
' '
'Building file: ../src/main.cpp'
'Invoking: ARM v7 g++ compiler'
arm-none-eabi-g++ -Wall -O0 -g3 -I"C:\Users\black\Downloads\lab1\lab1.sdk\PSOS\src\os" -c -fmessage-length=0 -MT"src/main.o" -mcpu=cortex-a9 -mfpu=vfpv3 -mfloat-abi=hard -I../../freertos901_xilinx_bsp/ps7_cortexa9_0/include -MMD -MP -MF"src/main.d" -MT"src/main.o" -o "src/main.o" "../src/main.cpp"
'Finished building: ../src/main.cpp'
' '
'Building target: PSOS.elf'
'Invoking: ARM v7 g++ linker'
arm-none-eabi-g++ -mcpu=cortex-a9 -mfpu=vfpv3 -mfloat-abi=hard -Wl,-build-id=none -specs=Xilinx.spec -Wl,-T -Wl,../src/lscript.ld -L../../freertos901_xilinx_bsp/ps7_cortexa9_0/lib -o "PSOS.elf"  ./src/threads/MainThread.o  ./src/stateMachine/Context.o ./src/stateMachine/FindMaxima.o ./src/stateMachine/FindMinima.o ./src/stateMachine/Setup.o ./src/stateMachine/State.o  ./src/os/Mutex.o ./src/os/Semaphore.o ./src/os/Thread.o  ./src/commands/Command.o  ./src/main.o   -Wl,--start-group,-lxil,-lfreertos,-lgcc,-lc,-lstdc++,--end-group
'Finished building target: PSOS.elf'
' '
'Invoking: ARM v7 Print Size'
arm-none-eabi-size PSOS.elf  |tee "PSOS.elf.size"
   text	   data	    bss	    dec	    hex	filename
 804611	   4496	  96132	 905239	  dd017	PSOS.elf
'Finished building: PSOS.elf.size'
' '
13:01:29 **** Auto Build of configuration Debug for project PSOS ****
make pre-build main-build 
a9-linaro-pre-build-step
' '
'Building file: ../src/stateMachine/Setup.cpp'
'Invoking: ARM v7 g++ compiler'
arm-none-eabi-g++ -Wall -O0 -g3 -I"C:\Users\black\Downloads\lab1\lab1.sdk\PSOS\src\os" -c -fmessage-length=0 -MT"src/stateMachine/Setup.o" -mcpu=cortex-a9 -mfpu=vfpv3 -mfloat-abi=hard -I../../freertos901_xilinx_bsp/ps7_cortexa9_0/include -MMD -MP -MF"src/stateMachine/Setup.d" -MT"src/stateMachine/Setup.o" -o "src/stateMachine/Setup.o" "../src/stateMachine/Setup.cpp"
'Finished building: ../src/stateMachine/Setup.cpp'
' '
'Building target: PSOS.elf'
'Invoking: ARM v7 g++ linker'
arm-none-eabi-g++ -mcpu=cortex-a9 -mfpu=vfpv3 -mfloat-abi=hard -Wl,-build-id=none -specs=Xilinx.spec -Wl,-T -Wl,../src/lscript.ld -L../../freertos901_xilinx_bsp/ps7_cortexa9_0/lib -o "PSOS.elf"  ./src/threads/MainThread.o  ./src/stateMachine/Context.o ./src/stateMachine/FindMaxima.o ./src/stateMachine/FindMinima.o ./src/stateMachine/Setup.o ./src/stateMachine/State.o  ./src/os/Mutex.o ./src/os/Semaphore.o ./src/os/Thread.o  ./src/commands/Command.o  ./src/main.o   -Wl,--start-group,-lxil,-lfreertos,-lgcc,-lc,-lstdc++,--end-group
'Finished building target: PSOS.elf'
' '
'Invoking: ARM v7 Print Size'
arm-none-eabi-size PSOS.elf  |tee "PSOS.elf.size"
   text	   data	    bss	    dec	    hex	filename
 804711	   4496	  96140	 905347	  dd083	PSOS.elf
'Finished building: PSOS.elf.size'
' '
13:02:05 **** Incremental Build of configuration Debug for project PSOS ****
make pre-build main-build 
a9-linaro-pre-build-step
' '
make: Nothing to be done for `main-build'.
13:02:58 **** Auto Build of configuration Debug for project PSOS ****
make pre-build main-build 
a9-linaro-pre-build-step
' '
'Building file: ../src/stateMachine/Setup.cpp'
'Invoking: ARM v7 g++ compiler'
arm-none-eabi-g++ -Wall -O0 -g3 -I"C:\Users\black\Downloads\lab1\lab1.sdk\PSOS\src\os" -c -fmessage-length=0 -MT"src/stateMachine/Setup.o" -mcpu=cortex-a9 -mfpu=vfpv3 -mfloat-abi=hard -I../../freertos901_xilinx_bsp/ps7_cortexa9_0/include -MMD -MP -MF"src/stateMachine/Setup.d" -MT"src/stateMachine/Setup.o" -o "src/stateMachine/Setup.o" "../src/stateMachine/Setup.cpp"
'Finished building: ../src/stateMachine/Setup.cpp'
' '
'Building target: PSOS.elf'
'Invoking: ARM v7 g++ linker'
arm-none-eabi-g++ -mcpu=cortex-a9 -mfpu=vfpv3 -mfloat-abi=hard -Wl,-build-id=none -specs=Xilinx.spec -Wl,-T -Wl,../src/lscript.ld -L../../freertos901_xilinx_bsp/ps7_cortexa9_0/lib -o "PSOS.elf"  ./src/threads/MainThread.o  ./src/stateMachine/Context.o ./src/stateMachine/FindMaxima.o ./src/stateMachine/FindMinima.o ./src/stateMachine/Setup.o ./src/stateMachine/State.o  ./src/os/Mutex.o ./src/os/Semaphore.o ./src/os/Thread.o  ./src/commands/Command.o  ./src/main.o   -Wl,--start-group,-lxil,-lfreertos,-lgcc,-lc,-lstdc++,--end-group
'Finished building target: PSOS.elf'
' '
'Invoking: ARM v7 Print Size'
arm-none-eabi-size PSOS.elf  |tee "PSOS.elf.size"
   text	   data	    bss	    dec	    hex	filename
 804611	   4496	  96132	 905239	  dd017	PSOS.elf
'Finished building: PSOS.elf.size'
' '
13:04:04 **** Incremental Build of configuration Debug for project PSOS ****
make pre-build main-build 
a9-linaro-pre-build-step
' '
make: Nothing to be done for `main-build'.
13:08:58 **** Auto Build of configuration Debug for project PSOS ****
make pre-build main-build 
a9-linaro-pre-build-step
' '
'Building file: ../src/threads/MainThread.cpp'
'Invoking: ARM v7 g++ compiler'
arm-none-eabi-g++ -Wall -O0 -g3 -I"C:\Users\black\Downloads\lab1\lab1.sdk\PSOS\src\os" -c -fmessage-length=0 -MT"src/threads/MainThread.o" -mcpu=cortex-a9 -mfpu=vfpv3 -mfloat-abi=hard -I../../freertos901_xilinx_bsp/ps7_cortexa9_0/include -MMD -MP -MF"src/threads/MainThread.d" -MT"src/threads/MainThread.o" -o "src/threads/MainThread.o" "../src/threads/MainThread.cpp"
../src/threads/MainThread.cpp: In member function 'virtual void MainThread::run()':
../src/threads/MainThread.cpp:15:9: warning: unused variable 'psb_check' [-Wunused-variable]
  int i, psb_check, dip_check;
         ^~~~~~~~~
../src/threads/MainThread.cpp:15:20: warning: unused variable 'dip_check' [-Wunused-variable]
  int i, psb_check, dip_check;
                    ^~~~~~~~~
../src/threads/MainThread.cpp:16:6: warning: unused variable 'value' [-Wunused-variable]
  int value, skip, Status;
      ^~~~~
../src/threads/MainThread.cpp:16:13: warning: unused variable 'skip' [-Wunused-variable]
  int value, skip, Status;
             ^~~~
../src/threads/MainThread.cpp:16:19: warning: unused variable 'Status' [-Wunused-variable]
  int value, skip, Status;
                   ^~~~~~
../src/threads/MainThread.cpp:17:6: warning: unused variable 'timer_state' [-Wunused-variable]
  int timer_state = 0;
      ^~~~~~~~~~~
../src/threads/MainThread.cpp:18:6: warning: unused variable 'red_led_counter' [-Wunused-variable]
  int red_led_counter = 0;
      ^~~~~~~~~~~~~~~
'Finished building: ../src/threads/MainThread.cpp'
' '
'Building target: PSOS.elf'
'Invoking: ARM v7 g++ linker'
arm-none-eabi-g++ -mcpu=cortex-a9 -mfpu=vfpv3 -mfloat-abi=hard -Wl,-build-id=none -specs=Xilinx.spec -Wl,-T -Wl,../src/lscript.ld -L../../freertos901_xilinx_bsp/ps7_cortexa9_0/lib -o "PSOS.elf"  ./src/threads/MainThread.o  ./src/stateMachine/Context.o ./src/stateMachine/FindMaxima.o ./src/stateMachine/FindMinima.o ./src/stateMachine/Setup.o ./src/stateMachine/State.o  ./src/os/Mutex.o ./src/os/Semaphore.o ./src/os/Thread.o  ./src/commands/Command.o  ./src/main.o   -Wl,--start-group,-lxil,-lfreertos,-lgcc,-lc,-lstdc++,--end-group
'Finished building target: PSOS.elf'
' '
'Invoking: ARM v7 Print Size'
arm-none-eabi-size PSOS.elf  |tee "PSOS.elf.size"
   text	   data	    bss	    dec	    hex	filename
 804823	   4496	  96140	 905459	  dd0f3	PSOS.elf
'Finished building: PSOS.elf.size'
' '
13:09:33 **** Auto Build of configuration Debug for project PSOS ****
make pre-build main-build 
a9-linaro-pre-build-step
' '
'Building file: ../src/threads/MainThread.cpp'
'Invoking: ARM v7 g++ compiler'
arm-none-eabi-g++ -Wall -O0 -g3 -I"C:\Users\black\Downloads\lab1\lab1.sdk\PSOS\src\os" -c -fmessage-length=0 -MT"src/threads/MainThread.o" -mcpu=cortex-a9 -mfpu=vfpv3 -mfloat-abi=hard -I../../freertos901_xilinx_bsp/ps7_cortexa9_0/include -MMD -MP -MF"src/threads/MainThread.d" -MT"src/threads/MainThread.o" -o "src/threads/MainThread.o" "../src/threads/MainThread.cpp"
../src/threads/MainThread.cpp: In member function 'virtual void MainThread::run()':
../src/threads/MainThread.cpp:40:57: error: 'buttonCommand' was not declared in this scope
     buttonCommand(_context, XGpio_DiscreteRead(&push, 1));
                                                         ^
../src/threads/MainThread.cpp:15:9: warning: unused variable 'psb_check' [-Wunused-variable]
  int i, psb_check, dip_check;
         ^~~~~~~~~
../src/threads/MainThread.cpp:15:20: warning: unused variable 'dip_check' [-Wunused-variable]
  int i, psb_check, dip_check;
                    ^~~~~~~~~
../src/threads/MainThread.cpp:16:6: warning: unused variable 'value' [-Wunused-variable]
  int value, skip, Status;
      ^~~~~
../src/threads/MainThread.cpp:16:13: warning: unused variable 'skip' [-Wunused-variable]
  int value, skip, Status;
             ^~~~
../src/threads/MainThread.cpp:16:19: warning: unused variable 'Status' [-Wunused-variable]
  int value, skip, Status;
                   ^~~~~~
../src/threads/MainThread.cpp:17:6: warning: unused variable 'timer_state' [-Wunused-variable]
  int timer_state = 0;
      ^~~~~~~~~~~
../src/threads/MainThread.cpp:18:6: warning: unused variable 'red_led_counter' [-Wunused-variable]
  int red_led_counter = 0;
      ^~~~~~~~~~~~~~~
make: *** [src/threads/MainThread.o] Error 1
13:10:22 **** Auto Build of configuration Debug for project PSOS ****
make pre-build main-build 
a9-linaro-pre-build-step
' '
'Building file: ../src/threads/MainThread.cpp'
'Invoking: ARM v7 g++ compiler'
arm-none-eabi-g++ -Wall -O0 -g3 -I"C:\Users\black\Downloads\lab1\lab1.sdk\PSOS\src\os" -c -fmessage-length=0 -MT"src/threads/MainThread.o" -mcpu=cortex-a9 -mfpu=vfpv3 -mfloat-abi=hard -I../../freertos901_xilinx_bsp/ps7_cortexa9_0/include -MMD -MP -MF"src/threads/MainThread.d" -MT"src/threads/MainThread.o" -o "src/threads/MainThread.o" "../src/threads/MainThread.cpp"
../src/threads/MainThread.cpp: In member function 'virtual void MainThread::run()':
../src/threads/MainThread.cpp:15:9: warning: unused variable 'psb_check' [-Wunused-variable]
  int i, psb_check, dip_check;
         ^~~~~~~~~
../src/threads/MainThread.cpp:15:20: warning: unused variable 'dip_check' [-Wunused-variable]
  int i, psb_check, dip_check;
                    ^~~~~~~~~
../src/threads/MainThread.cpp:16:6: warning: unused variable 'value' [-Wunused-variable]
  int value, skip, Status;
      ^~~~~
../src/threads/MainThread.cpp:16:13: warning: unused variable 'skip' [-Wunused-variable]
  int value, skip, Status;
             ^~~~
../src/threads/MainThread.cpp:16:19: warning: unused variable 'Status' [-Wunused-variable]
  int value, skip, Status;
                   ^~~~~~
../src/threads/MainThread.cpp:17:6: warning: unused variable 'timer_state' [-Wunused-variable]
  int timer_state = 0;
      ^~~~~~~~~~~
../src/threads/MainThread.cpp:18:6: warning: unused variable 'red_led_counter' [-Wunused-variable]
  int red_led_counter = 0;
      ^~~~~~~~~~~~~~~
'Finished building: ../src/threads/MainThread.cpp'
' '
'Building file: ../src/main.cpp'
'Invoking: ARM v7 g++ compiler'
arm-none-eabi-g++ -Wall -O0 -g3 -I"C:\Users\black\Downloads\lab1\lab1.sdk\PSOS\src\os" -c -fmessage-length=0 -MT"src/main.o" -mcpu=cortex-a9 -mfpu=vfpv3 -mfloat-abi=hard -I../../freertos901_xilinx_bsp/ps7_cortexa9_0/include -MMD -MP -MF"src/main.d" -MT"src/main.o" -o "src/main.o" "../src/main.cpp"
'Finished building: ../src/main.cpp'
' '
'Building target: PSOS.elf'
'Invoking: ARM v7 g++ linker'
arm-none-eabi-g++ -mcpu=cortex-a9 -mfpu=vfpv3 -mfloat-abi=hard -Wl,-build-id=none -specs=Xilinx.spec -Wl,-T -Wl,../src/lscript.ld -L../../freertos901_xilinx_bsp/ps7_cortexa9_0/lib -o "PSOS.elf"  ./src/threads/MainThread.o  ./src/stateMachine/Context.o ./src/stateMachine/FindMaxima.o ./src/stateMachine/FindMinima.o ./src/stateMachine/Setup.o ./src/stateMachine/State.o  ./src/os/Mutex.o ./src/os/Semaphore.o ./src/os/Thread.o  ./src/commands/Command.o  ./src/main.o   -Wl,--start-group,-lxil,-lfreertos,-lgcc,-lc,-lstdc++,--end-group
./src/threads/MainThread.o: In function `MainThread::run()':
C:\Users\black\Downloads\lab1\lab1.sdk\PSOS\Debug/../src/threads/MainThread.cpp:40: undefined reference to `MainThread::buttonCommand(Context*, unsigned long)'
C:\Users\black\Downloads\lab1\lab1.sdk\PSOS\Debug/../src/threads/MainThread.cpp:44: undefined reference to `MainThread::buttonCommand(Context*, unsigned long)'
C:\Users\black\Downloads\lab1\lab1.sdk\PSOS\Debug/../src/threads/MainThread.cpp:48: undefined reference to `MainThread::buttonCommand(Context*, unsigned long)'
collect2.exe: error: ld returned 1 exit status
make: *** [PSOS.elf] Error 1
13:10:24 **** Auto Build of configuration Debug for project PSOS ****
make pre-build main-build 
a9-linaro-pre-build-step
' '
'Building file: ../src/threads/MainThread.cpp'
'Invoking: ARM v7 g++ compiler'
arm-none-eabi-g++ -Wall -O0 -g3 -I"C:\Users\black\Downloads\lab1\lab1.sdk\PSOS\src\os" -c -fmessage-length=0 -MT"src/threads/MainThread.o" -mcpu=cortex-a9 -mfpu=vfpv3 -mfloat-abi=hard -I../../freertos901_xilinx_bsp/ps7_cortexa9_0/include -MMD -MP -MF"src/threads/MainThread.d" -MT"src/threads/MainThread.o" -o "src/threads/MainThread.o" "../src/threads/MainThread.cpp"
../src/threads/MainThread.cpp: In member function 'virtual void MainThread::run()':
../src/threads/MainThread.cpp:15:9: warning: unused variable 'psb_check' [-Wunused-variable]
  int i, psb_check, dip_check;
         ^~~~~~~~~
../src/threads/MainThread.cpp:15:20: warning: unused variable 'dip_check' [-Wunused-variable]
  int i, psb_check, dip_check;
                    ^~~~~~~~~
../src/threads/MainThread.cpp:16:6: warning: unused variable 'value' [-Wunused-variable]
  int value, skip, Status;
      ^~~~~
../src/threads/MainThread.cpp:16:13: warning: unused variable 'skip' [-Wunused-variable]
  int value, skip, Status;
             ^~~~
../src/threads/MainThread.cpp:16:19: warning: unused variable 'Status' [-Wunused-variable]
  int value, skip, Status;
                   ^~~~~~
../src/threads/MainThread.cpp:17:6: warning: unused variable 'timer_state' [-Wunused-variable]
  int timer_state = 0;
      ^~~~~~~~~~~
../src/threads/MainThread.cpp:18:6: warning: unused variable 'red_led_counter' [-Wunused-variable]
  int red_led_counter = 0;
      ^~~~~~~~~~~~~~~
'Finished building: ../src/threads/MainThread.cpp'
' '
'Building target: PSOS.elf'
'Invoking: ARM v7 g++ linker'
arm-none-eabi-g++ -mcpu=cortex-a9 -mfpu=vfpv3 -mfloat-abi=hard -Wl,-build-id=none -specs=Xilinx.spec -Wl,-T -Wl,../src/lscript.ld -L../../freertos901_xilinx_bsp/ps7_cortexa9_0/lib -o "PSOS.elf"  ./src/threads/MainThread.o  ./src/stateMachine/Context.o ./src/stateMachine/FindMaxima.o ./src/stateMachine/FindMinima.o ./src/stateMachine/Setup.o ./src/stateMachine/State.o  ./src/os/Mutex.o ./src/os/Semaphore.o ./src/os/Thread.o  ./src/commands/Command.o  ./src/main.o   -Wl,--start-group,-lxil,-lfreertos,-lgcc,-lc,-lstdc++,--end-group
'Finished building target: PSOS.elf'
' '
'Invoking: ARM v7 Print Size'
arm-none-eabi-size PSOS.elf  |tee "PSOS.elf.size"
   text	   data	    bss	    dec	    hex	filename
 804951	   4496	  96140	 905587	  dd173	PSOS.elf
'Finished building: PSOS.elf.size'
' '
13:10:40 **** Incremental Build of configuration Debug for project PSOS ****
make pre-build main-build 
a9-linaro-pre-build-step
' '
make: Nothing to be done for `main-build'.
