

================================================================
== Vivado HLS Report for 'psosc'
================================================================
* Date:           Wed Dec 19 14:11:23 2018

* Version:        2017.2 (Build 1909853 on Thu Jun 15 18:55:24 MDT 2017)
* Project:        psos
* Solution:       psos
* Product family: zynq
* Target device:  xc7z010clg400-1


================================================================
== Performance Estimates
================================================================
+ Timing (ns): 
    * Summary: 
    +--------+-------+----------+------------+
    |  Clock | Target| Estimated| Uncertainty|
    +--------+-------+----------+------------+
    |ap_clk  |  10.00|      9.92|        1.25|
    +--------+-------+----------+------------+

+ Latency (clock cycles): 
    * Summary: 
    +-----+-----+-----+-----+---------+
    |  Latency  |  Interval | Pipeline|
    | min | max | min | max |   Type  |
    +-----+-----+-----+-----+---------+
    |    ?|    ?|    ?|    ?|   none  |
    +-----+-----+-----+-----+---------+

    + Detail: 
        * Instance: 
        +--------------------------+---------------+-----+-----+-----+-----+---------+
        |                          |               |  Latency  |  Interval | Pipeline|
        |         Instance         |     Module    | min | max | min | max |   Type  |
        +--------------------------+---------------+-----+-----+-----+-----+---------+
        |grp_psosc_Execute_fu_130  |psosc_Execute  |    ?|    ?|    ?|    ?|   none  |
        |grp_psosc_Setup_fu_210    |psosc_Setup    |   44|   44|   44|   44|   none  |
        +--------------------------+---------------+-----+-----+-----+-----+---------+

        * Loop: 
        N/A



================================================================
== Utilization Estimates
================================================================
* Summary: 
+-----------------+---------+-------+---------+--------+
|       Name      | BRAM_18K| DSP48E|    FF   |   LUT  |
+-----------------+---------+-------+---------+--------+
|DSP              |        -|      -|        -|       -|
|Expression       |        -|      -|        -|       -|
|FIFO             |        -|      -|        -|       -|
|Instance         |       30|  10552|  1014897|  406861|
|Memory           |        0|      -|      384|      12|
|Multiplexer      |        -|      -|        -|     387|
|Register         |        -|      -|      164|       -|
+-----------------+---------+-------+---------+--------+
|Total            |       30|  10552|  1015445|  407260|
+-----------------+---------+-------+---------+--------+
|Available        |      120|     80|    35200|   17600|
+-----------------+---------+-------+---------+--------+
|Utilization (%)  |       25|  13190|     2884|    2313|
+-----------------+---------+-------+---------+--------+

+ Detail: 
    * Instance: 
    +--------------------------+---------------+---------+-------+---------+--------+
    |         Instance         |     Module    | BRAM_18K| DSP48E|    FF   |   LUT  |
    +--------------------------+---------------+---------+-------+---------+--------+
    |grp_psosc_Execute_fu_130  |psosc_Execute  |       30|  10552|  1014853|  406261|
    |grp_psosc_Setup_fu_210    |psosc_Setup    |        0|      0|       44|     600|
    +--------------------------+---------------+---------+-------+---------+--------+
    |Total                     |               |       30|  10552|  1014897|  406861|
    +--------------------------+---------------+---------+-------+---------+--------+

    * DSP48: 
    N/A

    * Memory: 
    +-------------------+------------------+---------+----+----+------+-----+------+-------------+
    |       Memory      |      Module      | BRAM_18K| FF | LUT| Words| Bits| Banks| W*Bits*Banks|
    +-------------------+------------------+---------+----+----+------+-----+------+-------------+
    |psosc_p_x1_U       |psosc_psosc_p_x1  |        0|  64|   2|     3|   32|     1|           96|
    |psosc_p_x2_U       |psosc_psosc_p_x1  |        0|  64|   2|     3|   32|     1|           96|
    |psosc_p_v1_U       |psosc_psosc_p_x1  |        0|  64|   2|     3|   32|     1|           96|
    |psosc_p_v2_U       |psosc_psosc_p_x1  |        0|  64|   2|     3|   32|     1|           96|
    |psosc_p_x1_best_U  |psosc_psosc_p_x1  |        0|  64|   2|     3|   32|     1|           96|
    |psosc_p_x2_best_U  |psosc_psosc_p_x1  |        0|  64|   2|     3|   32|     1|           96|
    +-------------------+------------------+---------+----+----+------+-----+------+-------------+
    |Total              |                  |        0| 384|  12|    18|  192|     6|          576|
    +-------------------+------------------+---------+----+----+------+-----+------+-------------+

    * FIFO: 
    N/A

    * Expression: 
    N/A

    * Multiplexer: 
    +--------------------------+----+-----------+-----+-----------+
    |           Name           | LUT| Input Size| Bits| Total Bits|
    +--------------------------+----+-----------+-----+-----------+
    |complete                  |   9|          2|    1|          2|
    |psosc_p_v1_address0       |  15|          3|    2|          6|
    |psosc_p_v1_ce0            |  15|          3|    1|          3|
    |psosc_p_v1_d0             |  15|          3|   32|         96|
    |psosc_p_v1_we0            |  15|          3|    1|          3|
    |psosc_p_v2_address0       |  15|          3|    2|          6|
    |psosc_p_v2_ce0            |  15|          3|    1|          3|
    |psosc_p_v2_d0             |  15|          3|   32|         96|
    |psosc_p_v2_we0            |  15|          3|    1|          3|
    |psosc_p_x1_address0       |  15|          3|    2|          6|
    |psosc_p_x1_best_address0  |  15|          3|    2|          6|
    |psosc_p_x1_best_ce0       |  15|          3|    1|          3|
    |psosc_p_x1_best_d0        |  15|          3|   32|         96|
    |psosc_p_x1_best_we0       |  15|          3|    1|          3|
    |psosc_p_x1_ce0            |  15|          3|    1|          3|
    |psosc_p_x1_d0             |  15|          3|   32|         96|
    |psosc_p_x1_we0            |  15|          3|    1|          3|
    |psosc_p_x2_address0       |  15|          3|    2|          6|
    |psosc_p_x2_best_address0  |  15|          3|    2|          6|
    |psosc_p_x2_best_ce0       |  15|          3|    1|          3|
    |psosc_p_x2_best_d0        |  15|          3|   32|         96|
    |psosc_p_x2_best_we0       |  15|          3|    1|          3|
    |psosc_p_x2_ce0            |  15|          3|    1|          3|
    |psosc_p_x2_d0             |  15|          3|   32|         96|
    |psosc_p_x2_we0            |  15|          3|    1|          3|
    |psosc_x1_global           |   9|          2|   32|         64|
    |psosc_x2_global           |   9|          2|   32|         64|
    +--------------------------+----+-----------+-----+-----------+
    |Total                     | 387|         78|  281|        778|
    +--------------------------+----+-----------+-----+-----------+

    * Register: 
    +-----------------------+----+----+-----+-----------+
    |          Name         | FF | LUT| Bits| Const Bits|
    +-----------------------+----+----+-----+-----------+
    |complete               |   1|   0|    1|          0|
    |finalx1                |  32|   0|   32|          0|
    |finalx2                |  32|   0|   32|          0|
    |psosc_calculationDone  |   1|   0|    1|          0|
    |psosc_negFormula       |   1|   0|    1|          0|
    |psosc_setupDone        |   1|   0|    1|          0|
    |psosc_w                |  32|   0|   32|          0|
    |psosc_x1_global        |  32|   0|   32|          0|
    |psosc_x2_global        |  32|   0|   32|          0|
    +-----------------------+----+----+-----+-----------+
    |Total                  | 164|   0|  164|          0|
    +-----------------------+----+----+-----+-----------+



================================================================
== Interface
================================================================
* Summary: 
+-----------------+-----+-----+------------+-----------------+--------------+
|    RTL Ports    | Dir | Bits|  Protocol  |  Source Object  |    C Type    |
+-----------------+-----+-----+------------+-----------------+--------------+
|clk              |  in |    1| ap_ctrl_hs |   psosc::psosc  | return value |
|reset            |  in |    1| ap_ctrl_hs |   psosc::psosc  | return value |
|start            |  in |    1|   ap_none  |      start      |    pointer   |
|negativeFormula  |  in |    1|   ap_none  | negativeFormula |    pointer   |
|c1               |  in |   32|   ap_none  |        c1       |    pointer   |
|c2               |  in |   32|   ap_none  |        c2       |    pointer   |
|finalx1          | out |   32|   ap_vld   |     finalx1     |    pointer   |
|finalx2          | out |   32|   ap_vld   |     finalx2     |    pointer   |
|complete         | out |    1|   ap_vld   |     complete    |    pointer   |
+-----------------+-----+-----+------------+-----------------+--------------+

