

================================================================
== Vivado HLS Report for 'particlemaster'
================================================================
* Date:           Thu Dec 20 20:14:17 2018

* Version:        2017.2 (Build 1909853 on Thu Jun 15 18:55:24 MDT 2017)
* Project:        particle
* Solution:       particle
* Product family: zynq
* Target device:  xc7z010clg400-1


================================================================
== Performance Estimates
================================================================
+ Timing (ns): 
    * Summary: 
    +--------+-------+----------+------------+
    |  Clock | Target| Estimated| Uncertainty|
    +--------+-------+----------+------------+
    |ap_clk  |  10.00|     10.47|        1.25|
    +--------+-------+----------+------------+

+ Latency (clock cycles): 
    * Summary: 
    +-----+-------+-----+-------+---------+
    |   Latency   |   Interval  | Pipeline|
    | min |  max  | min |  max  |   Type  |
    +-----+-------+-----+-------+---------+
    |    0|  50600|    1|  50601|   none  |
    +-----+-------+-----+-------+---------+

    + Detail: 
        * Instance: 
        +--------------------------------------------+---------------------------------+-------+-------+-------+-------+---------+
        |                                            |                                 |    Latency    |    Interval   | Pipeline|
        |                  Instance                  |              Module             |  min  |  max  |  min  |  max  |   Type  |
        +--------------------------------------------+---------------------------------+-------+-------+-------+-------+---------+
        |grp_particlemaster_ReadCalculations_fu_254  |particlemaster_ReadCalculations  |  16166|  50599|  16166|  50599|   none  |
        |grp_particlemaster_Setup_fu_384             |particlemaster_Setup             |      7|      7|      7|      7|   none  |
        +--------------------------------------------+---------------------------------+-------+-------+-------+-------+---------+

        * Loop: 
        N/A



================================================================
== Utilization Estimates
================================================================
* Summary: 
+-----------------+---------+-------+--------+--------+
|       Name      | BRAM_18K| DSP48E|   FF   |   LUT  |
+-----------------+---------+-------+--------+--------+
|DSP              |        -|      -|       -|       -|
|Expression       |        -|      -|       -|       -|
|FIFO             |        -|      -|       -|       -|
|Instance         |       30|   7873|  757964|  305280|
|Memory           |        -|      -|       -|       -|
|Multiplexer      |        -|      -|       -|       9|
|Register         |        -|      -|     294|       -|
+-----------------+---------+-------+--------+--------+
|Total            |       30|   7873|  758258|  305289|
+-----------------+---------+-------+--------+--------+
|Available        |      120|     80|   35200|   17600|
+-----------------+---------+-------+--------+--------+
|Utilization (%)  |       25|   9841|    2154|    1734|
+-----------------+---------+-------+--------+--------+

+ Detail: 
    * Instance: 
    +--------------------------------------------+---------------------------------+---------+-------+--------+--------+
    |                  Instance                  |              Module             | BRAM_18K| DSP48E|   FF   |   LUT  |
    +--------------------------------------------+---------------------------------+---------+-------+--------+--------+
    |grp_particlemaster_ReadCalculations_fu_254  |particlemaster_ReadCalculations  |       30|   7873|  757956|  305208|
    |grp_particlemaster_Setup_fu_384             |particlemaster_Setup             |        0|      0|       8|      72|
    +--------------------------------------------+---------------------------------+---------+-------+--------+--------+
    |Total                                       |                                 |       30|   7873|  757964|  305280|
    +--------------------------------------------+---------------------------------+---------+-------+--------+--------+

    * DSP48: 
    N/A

    * Memory: 
    N/A

    * FIFO: 
    N/A

    * Expression: 
    N/A

    * Multiplexer: 
    +---------------------------+----+-----------+-----+-----------+
    |            Name           | LUT| Input Size| Bits| Total Bits|
    +---------------------------+----+-----------+-----+-----------+
    |particlemaster_iterations  |   9|          2|   32|         64|
    +---------------------------+----+-----------+-----+-----------+
    |Total                      |   9|          2|   32|         64|
    +---------------------------+----+-----------+-----+-----------+

    * Register: 
    +---------------------------+----+----+-----+-----------+
    |            Name           | FF | LUT| Bits| Const Bits|
    +---------------------------+----+----+-----+-----------+
    |calculate                  |   1|   0|    1|          0|
    |cognitive                  |  32|   0|   32|          0|
    |complete                   |   1|   0|    1|          0|
    |finalx1                    |  32|   0|   32|          0|
    |finalx2                    |  32|   0|   32|          0|
    |maximum                    |   1|   0|    1|          0|
    |particlemaster_iterations  |  32|   0|   32|          0|
    |particlemaster_negFormula  |   1|   0|    1|          0|
    |particlemaster_setupDone   |   1|   0|    1|          0|
    |particlemaster_x1_best     |  32|   0|   32|          0|
    |particlemaster_x2_best     |  32|   0|   32|          0|
    |setup                      |   1|   0|    1|          0|
    |social                     |  32|   0|   32|          0|
    |x1_global                  |  32|   0|   32|          0|
    |x2_global                  |  32|   0|   32|          0|
    +---------------------------+----+----+-----+-----------+
    |Total                      | 294|   0|  294|          0|
    +---------------------------+----+----+-----+-----------+



================================================================
== Interface
================================================================
* Summary: 
+-----------------+-----+-----+------------+--------------------------------+--------------+
|    RTL Ports    | Dir | Bits|  Protocol  |          Source Object         |    C Type    |
+-----------------+-----+-----+------------+--------------------------------+--------------+
|clk              |  in |    1| ap_ctrl_hs | particlemaster::particlemaster | return value |
|reset            |  in |    1| ap_ctrl_hs | particlemaster::particlemaster | return value |
|start            |  in |    1|   ap_none  |              start             |    pointer   |
|maximum          | out |    1|   ap_vld   |             maximum            |    pointer   |
|calculate        | out |    1|   ap_vld   |            calculate           |    pointer   |
|setup            | out |    1|   ap_vld   |              setup             |    pointer   |
|negativeFormula  |  in |    1|   ap_none  |         negativeFormula        |    pointer   |
|c1               |  in |   32|   ap_none  |               c1               |    pointer   |
|c2               |  in |   32|   ap_none  |               c2               |    pointer   |
|finalx1          | out |   32|   ap_vld   |             finalx1            |    pointer   |
|finalx2          | out |   32|   ap_vld   |             finalx2            |    pointer   |
|complete         | out |    1|   ap_vld   |            complete            |    pointer   |
|cognitive        | out |   32|   ap_vld   |            cognitive           |    pointer   |
|social           | out |   32|   ap_vld   |             social             |    pointer   |
|x1_global        | out |   32|   ap_vld   |            x1_global           |    pointer   |
|x2_global        | out |   32|   ap_vld   |            x2_global           |    pointer   |
|x1_p1            |  in |   32|   ap_none  |              x1_p1             |    pointer   |
|x2_p1            |  in |   32|   ap_none  |              x2_p1             |    pointer   |
|ready_p1         |  in |    1|   ap_none  |            ready_p1            |    pointer   |
|x1_p2            |  in |   32|   ap_none  |              x1_p2             |    pointer   |
|x2_p2            |  in |   32|   ap_none  |              x2_p2             |    pointer   |
|ready_p2         |  in |    1|   ap_none  |            ready_p2            |    pointer   |
|x1_p3            |  in |   32|   ap_none  |              x1_p3             |    pointer   |
|x2_p3            |  in |   32|   ap_none  |              x2_p3             |    pointer   |
|ready_p3         |  in |    1|   ap_none  |            ready_p3            |    pointer   |
|x1_p4            |  in |   32|   ap_none  |              x1_p4             |    pointer   |
|x2_p4            |  in |   32|   ap_none  |              x2_p4             |    pointer   |
|ready_p4         |  in |    1|   ap_none  |            ready_p4            |    pointer   |
|x1_p5            |  in |   32|   ap_none  |              x1_p5             |    pointer   |
|x2_p5            |  in |   32|   ap_none  |              x2_p5             |    pointer   |
|ready_p5         |  in |    1|   ap_none  |            ready_p5            |    pointer   |
|x1_p6            |  in |   32|   ap_none  |              x1_p6             |    pointer   |
|x2_p6            |  in |   32|   ap_none  |              x2_p6             |    pointer   |
|ready_p6         |  in |    1|   ap_none  |            ready_p6            |    pointer   |
|x1_p7            |  in |   32|   ap_none  |              x1_p7             |    pointer   |
|x2_p7            |  in |   32|   ap_none  |              x2_p7             |    pointer   |
|ready_p7         |  in |    1|   ap_none  |            ready_p7            |    pointer   |
|x1_p8            |  in |   32|   ap_none  |              x1_p8             |    pointer   |
|x2_p8            |  in |   32|   ap_none  |              x2_p8             |    pointer   |
|ready_p8         |  in |    1|   ap_none  |            ready_p8            |    pointer   |
|x1_p9            |  in |   32|   ap_none  |              x1_p9             |    pointer   |
|x2_p9            |  in |   32|   ap_none  |              x2_p9             |    pointer   |
|ready_p9         |  in |    1|   ap_none  |            ready_p9            |    pointer   |
|x1_p10           |  in |   32|   ap_none  |             x1_p10             |    pointer   |
|x2_p10           |  in |   32|   ap_none  |             x2_p10             |    pointer   |
|ready_p10        |  in |    1|   ap_none  |            ready_p10           |    pointer   |
+-----------------+-----+-----+------------+--------------------------------+--------------+

