

================================================================
== Vivado HLS Report for 'floatPrototypec_multiply'
================================================================
* Date:           Wed Dec 19 15:12:42 2018

* Version:        2017.2 (Build 1909853 on Thu Jun 15 18:55:24 MDT 2017)
* Project:        floatPrototype
* Solution:       floatPrototype
* Product family: zynq
* Target device:  xc7z010clg400-1


================================================================
== Performance Estimates
================================================================
+ Timing (ns): 
    * Summary: 
    +--------+-------+----------+------------+
    |  Clock | Target| Estimated| Uncertainty|
    +--------+-------+----------+------------+
    |ap_clk  |  10.00|      5.70|        1.25|
    +--------+-------+----------+------------+

+ Latency (clock cycles): 
    * Summary: 
    +-----+-----+-----+-----+---------+
    |  Latency  |  Interval | Pipeline|
    | min | max | min | max |   Type  |
    +-----+-----+-----+-----+---------+
    |    3|    3|    3|    3|   none  |
    +-----+-----+-----+-----+---------+

    + Detail: 
        * Instance: 
        N/A

        * Loop: 
        N/A



================================================================
== Utilization Estimates
================================================================
* Summary: 
+-----------------+---------+-------+-------+-------+
|       Name      | BRAM_18K| DSP48E|   FF  |  LUT  |
+-----------------+---------+-------+-------+-------+
|DSP              |        -|      -|      -|      -|
|Expression       |        -|      -|      -|      -|
|FIFO             |        -|      -|      -|      -|
|Instance         |        -|      3|    143|    321|
|Memory           |        -|      -|      -|      -|
|Multiplexer      |        -|      -|      -|     27|
|Register         |        -|      -|      4|      -|
+-----------------+---------+-------+-------+-------+
|Total            |        0|      3|    147|    348|
+-----------------+---------+-------+-------+-------+
|Available        |      120|     80|  35200|  17600|
+-----------------+---------+-------+-------+-------+
|Utilization (%)  |        0|      3|   ~0  |      1|
+-----------------+---------+-------+-------+-------+

+ Detail: 
    * Instance: 
    +-------------------------+----------------------+---------+-------+-----+-----+
    |         Instance        |        Module        | BRAM_18K| DSP48E|  FF | LUT |
    +-------------------------+----------------------+---------+-------+-----+-----+
    |floatPrototypec_fbkb_U0  |floatPrototypec_fbkb  |        0|      3|  143|  321|
    +-------------------------+----------------------+---------+-------+-----+-----+
    |Total                    |                      |        0|      3|  143|  321|
    +-------------------------+----------------------+---------+-------+-----+-----+

    * DSP48: 
    N/A

    * Memory: 
    N/A

    * FIFO: 
    N/A

    * Expression: 
    N/A

    * Multiplexer: 
    +-----------+----+-----------+-----+-----------+
    |    Name   | LUT| Input Size| Bits| Total Bits|
    +-----------+----+-----------+-----+-----------+
    |ap_NS_fsm  |  27|          5|    1|          5|
    +-----------+----+-----------+-----+-----------+
    |Total      |  27|          5|    1|          5|
    +-----------+----+-----------+-----+-----------+

    * Register: 
    +-----------+---+----+-----+-----------+
    |    Name   | FF| LUT| Bits| Const Bits|
    +-----------+---+----+-----+-----------+
    |ap_CS_fsm  |  4|   0|    4|          0|
    +-----------+---+----+-----+-----------+
    |Total      |  4|   0|    4|          0|
    +-----------+---+----+-----+-----------+



================================================================
== Interface
================================================================
* Summary: 
+---------------+-----+-----+------------+---------------------------+--------------+
|   RTL Ports   | Dir | Bits|  Protocol  |       Source Object       |    C Type    |
+---------------+-----+-----+------------+---------------------------+--------------+
|ap_clk         |  in |    1| ap_ctrl_hs | floatPrototypec::multiply | return value |
|ap_rst         |  in |    1| ap_ctrl_hs | floatPrototypec::multiply | return value |
|float1         |  in |   32|   ap_none  |           float1          |    pointer   |
|float2         |  in |   32|   ap_none  |           float2          |    pointer   |
|float3         | out |   32|   ap_vld   |           float3          |    pointer   |
|float3_ap_vld  | out |    1|   ap_vld   |           float3          |    pointer   |
+---------------+-----+-----+------------+---------------------------+--------------+

